<!doctype html public "-//w3c//dtd html 4.0 transitional//en">
<html><head>
<title>Static Call Graph - [.\build\ANO_Hexacopter.axf]</title></head>
<body><HR>
<H1>Static Call Graph for image .\build\ANO_Hexacopter.axf</H1><HR>
<BR><P>#&#060CALLGRAPH&#062# ARM Linker, 5040049: Last Updated: Sat Sep 12 16:41:23 2015
<BR><P>
<H3>Maximum Stack Usage =        392 bytes + Unknown(Functions without stacksize, Cycles, Untraceable Function Pointers)</H3><H3>
Call chain for Maximum Stack Depth:</H3>
__rt_entry_main &rArr; main &rArr; ANO_Loop() &rArr; ANO_Loop_500Hz() &rArr; ANO_IMU::getAttitude() &rArr; ANO_IMU::DCM_CF(Vector3&lang;float&rang;, Vector3&lang;float&rang;, float) &rArr; ANO_Filter::CF_1st(Vector3&lang;float&rang;, Vector3&lang;float&rang;, float) &rArr; Vector3&lang;float&rang;::operator +(const Vector3&lang;float&rang;&) const &rArr; __aeabi_fadd
<P>
<H3>
Functions with no stack information
</H3><UL>
 <LI><a href="#[189]">__user_initial_stackheap</a>
</UL>
</UL>
<P>
<H3>
Mutually Recursive functions
</H3> <LI><a href="#[10]">HardFault_Handler</a>&nbsp;&nbsp;&nbsp;&rArr;&nbsp;&nbsp;&nbsp;<a href="#[10]">HardFault_Handler</a><BR>
 <LI><a href="#[16]">PendSV_Handler</a>&nbsp;&nbsp;&nbsp;&rArr;&nbsp;&nbsp;&nbsp;<a href="#[16]">PendSV_Handler</a><BR>
 <LI><a href="#[2a]">ADC1_2_IRQHandler</a>&nbsp;&nbsp;&nbsp;&rArr;&nbsp;&nbsp;&nbsp;<a href="#[2a]">ADC1_2_IRQHandler</a><BR>
</UL>
<P>
<H3>
Function Pointers
</H3><UL>
 <LI><a href="#[2a]">ADC1_2_IRQHandler</a> from startup_stm32f10x_md.o(.text) referenced from startup_stm32f10x_md.o(RESET)
 <LI><a href="#[12]">BusFault_Handler</a> from stm32f10x_it.o(.text) referenced from startup_stm32f10x_md.o(RESET)
 <LI><a href="#[2d]">CAN1_RX1_IRQHandler</a> from startup_stm32f10x_md.o(.text) referenced from startup_stm32f10x_md.o(RESET)
 <LI><a href="#[2e]">CAN1_SCE_IRQHandler</a> from startup_stm32f10x_md.o(.text) referenced from startup_stm32f10x_md.o(RESET)
 <LI><a href="#[23]">DMA1_Channel1_IRQHandler</a> from startup_stm32f10x_md.o(.text) referenced from startup_stm32f10x_md.o(RESET)
 <LI><a href="#[24]">DMA1_Channel2_IRQHandler</a> from startup_stm32f10x_md.o(.text) referenced from startup_stm32f10x_md.o(RESET)
 <LI><a href="#[25]">DMA1_Channel3_IRQHandler</a> from startup_stm32f10x_md.o(.text) referenced from startup_stm32f10x_md.o(RESET)
 <LI><a href="#[26]">DMA1_Channel4_IRQHandler</a> from startup_stm32f10x_md.o(.text) referenced from startup_stm32f10x_md.o(RESET)
 <LI><a href="#[27]">DMA1_Channel5_IRQHandler</a> from startup_stm32f10x_md.o(.text) referenced from startup_stm32f10x_md.o(RESET)
 <LI><a href="#[28]">DMA1_Channel6_IRQHandler</a> from startup_stm32f10x_md.o(.text) referenced from startup_stm32f10x_md.o(RESET)
 <LI><a href="#[29]">DMA1_Channel7_IRQHandler</a> from startup_stm32f10x_md.o(.text) referenced from startup_stm32f10x_md.o(RESET)
 <LI><a href="#[15]">DebugMon_Handler</a> from stm32f10x_it.o(.text) referenced from startup_stm32f10x_md.o(RESET)
 <LI><a href="#[1e]">EXTI0_IRQHandler</a> from startup_stm32f10x_md.o(.text) referenced from startup_stm32f10x_md.o(RESET)
 <LI><a href="#[40]">EXTI15_10_IRQHandler</a> from startup_stm32f10x_md.o(.text) referenced from startup_stm32f10x_md.o(RESET)
 <LI><a href="#[1f]">EXTI1_IRQHandler</a> from startup_stm32f10x_md.o(.text) referenced from startup_stm32f10x_md.o(RESET)
 <LI><a href="#[20]">EXTI2_IRQHandler</a> from startup_stm32f10x_md.o(.text) referenced from startup_stm32f10x_md.o(RESET)
 <LI><a href="#[21]">EXTI3_IRQHandler</a> from startup_stm32f10x_md.o(.text) referenced from startup_stm32f10x_md.o(RESET)
 <LI><a href="#[22]">EXTI4_IRQHandler</a> from startup_stm32f10x_md.o(.text) referenced from startup_stm32f10x_md.o(RESET)
 <LI><a href="#[2f]">EXTI9_5_IRQHandler</a> from startup_stm32f10x_md.o(.text) referenced from startup_stm32f10x_md.o(RESET)
 <LI><a href="#[1c]">FLASH_IRQHandler</a> from startup_stm32f10x_md.o(.text) referenced from startup_stm32f10x_md.o(RESET)
 <LI><a href="#[10]">HardFault_Handler</a> from startup_stm32f10x_md.o(.text) referenced from startup_stm32f10x_md.o(RESET)
 <LI><a href="#[38]">I2C1_ER_IRQHandler</a> from startup_stm32f10x_md.o(.text) referenced from startup_stm32f10x_md.o(RESET)
 <LI><a href="#[37]">I2C1_EV_IRQHandler</a> from startup_stm32f10x_md.o(.text) referenced from startup_stm32f10x_md.o(RESET)
 <LI><a href="#[3a]">I2C2_ER_IRQHandler</a> from startup_stm32f10x_md.o(.text) referenced from startup_stm32f10x_md.o(RESET)
 <LI><a href="#[39]">I2C2_EV_IRQHandler</a> from startup_stm32f10x_md.o(.text) referenced from startup_stm32f10x_md.o(RESET)
 <LI><a href="#[11]">MemManage_Handler</a> from stm32f10x_it.o(.text) referenced from startup_stm32f10x_md.o(RESET)
 <LI><a href="#[f]">NMI_Handler</a> from stm32f10x_it.o(.text) referenced from startup_stm32f10x_md.o(RESET)
 <LI><a href="#[19]">PVD_IRQHandler</a> from startup_stm32f10x_md.o(.text) referenced from startup_stm32f10x_md.o(RESET)
 <LI><a href="#[16]">PendSV_Handler</a> from startup_stm32f10x_md.o(.text) referenced from startup_stm32f10x_md.o(RESET)
 <LI><a href="#[1d]">RCC_IRQHandler</a> from startup_stm32f10x_md.o(.text) referenced from startup_stm32f10x_md.o(RESET)
 <LI><a href="#[41]">RTCAlarm_IRQHandler</a> from startup_stm32f10x_md.o(.text) referenced from startup_stm32f10x_md.o(RESET)
 <LI><a href="#[1b]">RTC_IRQHandler</a> from startup_stm32f10x_md.o(.text) referenced from startup_stm32f10x_md.o(RESET)
 <LI><a href="#[e]">Reset_Handler</a> from startup_stm32f10x_md.o(.text) referenced from startup_stm32f10x_md.o(RESET)
 <LI><a href="#[3b]">SPI1_IRQHandler</a> from startup_stm32f10x_md.o(.text) referenced from startup_stm32f10x_md.o(RESET)
 <LI><a href="#[3c]">SPI2_IRQHandler</a> from startup_stm32f10x_md.o(.text) referenced from startup_stm32f10x_md.o(RESET)
 <LI><a href="#[14]">SVC_Handler</a> from stm32f10x_it.o(.text) referenced from startup_stm32f10x_md.o(RESET)
 <LI><a href="#[17]">SysTick_Handler</a> from stm32f10x_it.o(.text) referenced from startup_stm32f10x_md.o(RESET)
 <LI><a href="#[44]">SystemInit</a> from system_stm32f10x.o(.text) referenced from startup_stm32f10x_md.o(.text)
 <LI><a href="#[1a]">TAMPER_IRQHandler</a> from startup_stm32f10x_md.o(.text) referenced from startup_stm32f10x_md.o(RESET)
 <LI><a href="#[30]">TIM1_BRK_IRQHandler</a> from startup_stm32f10x_md.o(.text) referenced from startup_stm32f10x_md.o(RESET)
 <LI><a href="#[33]">TIM1_CC_IRQHandler</a> from startup_stm32f10x_md.o(.text) referenced from startup_stm32f10x_md.o(RESET)
 <LI><a href="#[32]">TIM1_TRG_COM_IRQHandler</a> from startup_stm32f10x_md.o(.text) referenced from startup_stm32f10x_md.o(RESET)
 <LI><a href="#[31]">TIM1_UP_IRQHandler</a> from startup_stm32f10x_md.o(.text) referenced from startup_stm32f10x_md.o(RESET)
 <LI><a href="#[34]">TIM2_IRQHandler</a> from startup_stm32f10x_md.o(.text) referenced from startup_stm32f10x_md.o(RESET)
 <LI><a href="#[35]">TIM3_IRQHandler</a> from startup_stm32f10x_md.o(.text) referenced from startup_stm32f10x_md.o(RESET)
 <LI><a href="#[36]">TIM4_IRQHandler</a> from startup_stm32f10x_md.o(.text) referenced from startup_stm32f10x_md.o(RESET)
 <LI><a href="#[3d]">USART1_IRQHandler</a> from stm32f10x_it.o(.text) referenced from startup_stm32f10x_md.o(RESET)
 <LI><a href="#[3e]">USART2_IRQHandler</a> from startup_stm32f10x_md.o(.text) referenced from startup_stm32f10x_md.o(RESET)
 <LI><a href="#[3f]">USART3_IRQHandler</a> from stm32f10x_it.o(.text) referenced from startup_stm32f10x_md.o(RESET)
 <LI><a href="#[42]">USBWakeUp_IRQHandler</a> from startup_stm32f10x_md.o(.text) referenced from startup_stm32f10x_md.o(RESET)
 <LI><a href="#[2b]">USB_HP_CAN1_TX_IRQHandler</a> from startup_stm32f10x_md.o(.text) referenced from startup_stm32f10x_md.o(RESET)
 <LI><a href="#[2c]">USB_LP_CAN1_RX0_IRQHandler</a> from startup_stm32f10x_md.o(.text) referenced from startup_stm32f10x_md.o(RESET)
 <LI><a href="#[13]">UsageFault_Handler</a> from stm32f10x_it.o(.text) referenced from startup_stm32f10x_md.o(RESET)
 <LI><a href="#[18]">WWDG_IRQHandler</a> from startup_stm32f10x_md.o(.text) referenced from startup_stm32f10x_md.o(RESET)
 <LI><a href="#[43]">ANO_PID::ANO_PID()</a> from ano_flycontrol.o(i._ZN7ANO_PIDC1Ev) referenced from ano_flycontrol.o(.text)
 <LI><a href="#[4e]">__main</a> from __main.o(!!!main) referenced from startup_stm32f10x_md.o(.text)
 <LI><a href="#[49]">__sti___10_ANO_RC_cpp_rc</a> from ano_rc.o(.text) referenced from ano_rc.o(.init_array)
 <LI><a href="#[48]">__sti___11_ANO_IMU_cpp_imu</a> from ano_imu.o(.text) referenced from ano_imu.o(.init_array)
 <LI><a href="#[46]">__sti___14_ANO_Config_cpp_ano</a> from ano_config.o(.text) referenced from ano_config.o(.init_array)
 <LI><a href="#[4b]">__sti___17_ANO_Navgation_cpp_nav</a> from ano_navgation.o(.text) referenced from ano_navgation.o(.init_array)
 <LI><a href="#[47]">__sti___17_ANO_Scheduler_cpp_463cec18</a> from ano_scheduler.o(.text) referenced from ano_scheduler.o(.init_array)
 <LI><a href="#[4d]">__sti___18_ANO_Drv_MS5611_cpp_ms5611</a> from ano_drv_ms5611.o(.text) referenced from ano_drv_ms5611.o(.init_array)
 <LI><a href="#[4a]">__sti___18_ANO_FlyControl_cpp_fc</a> from ano_flycontrol.o(.text) referenced from ano_flycontrol.o(.init_array)
 <LI><a href="#[4c]">__sti___19_ANO_Drv_MPU6050_cpp_mpu6050</a> from ano_drv_mpu6050.o(.text) referenced from ano_drv_mpu6050.o(.init_array)
</UL>
<P>
<H3>
Global Symbols
</H3>
<P><STRONG><a name="[4e]"></a>__main</STRONG> (Thumb, 8 bytes, Stack size 0 bytes, __main.o(!!!main))
<BR><BR>[Calls]<UL><LI><a href="#[51]">&gt;&gt;</a>&nbsp;&nbsp;&nbsp;__rt_entry
<LI><a href="#[50]">&gt;&gt;</a>&nbsp;&nbsp;&nbsp;__scatterload
</UL>

<P><STRONG><a name="[50]"></a>__scatterload</STRONG> (Thumb, 0 bytes, Stack size unknown bytes, __scatter.o(!!!scatter))
<BR><BR>[Called By]<UL><LI><a href="#[4e]">&gt;&gt;</a>&nbsp;&nbsp;&nbsp;__main
</UL>

<P><STRONG><a name="[52]"></a>__scatterload_rt2</STRONG> (Thumb, 44 bytes, Stack size unknown bytes, __scatter.o(!!!scatter), UNUSED)
<BR><BR>[Calls]<UL><LI><a href="#[51]">&gt;&gt;</a>&nbsp;&nbsp;&nbsp;__rt_entry
</UL>

<P><STRONG><a name="[1af]"></a>__scatterload_rt2_thumb_only</STRONG> (Thumb, 0 bytes, Stack size unknown bytes, __scatter.o(!!!scatter), UNUSED)

<P><STRONG><a name="[1b0]"></a>__scatterload_null</STRONG> (Thumb, 0 bytes, Stack size unknown bytes, __scatter.o(!!!scatter), UNUSED)

<P><STRONG><a name="[53]"></a>__scatterload_copy</STRONG> (Thumb, 26 bytes, Stack size unknown bytes, __scatter_copy.o(!!handler_copy), UNUSED)
<BR><BR>[Calls]<UL><LI><a href="#[53]">&gt;&gt;</a>&nbsp;&nbsp;&nbsp;__scatterload_copy
</UL>
<BR>[Called By]<UL><LI><a href="#[53]">&gt;&gt;</a>&nbsp;&nbsp;&nbsp;__scatterload_copy
</UL>

<P><STRONG><a name="[1b1]"></a>__scatterload_zeroinit</STRONG> (Thumb, 28 bytes, Stack size unknown bytes, __scatter_zi.o(!!handler_zi), UNUSED)

<P><STRONG><a name="[58]"></a>__rt_lib_init</STRONG> (Thumb, 0 bytes, Stack size unknown bytes, libinit.o(.ARM.Collect$$libinit$$00000000))
<BR><BR>[Called By]<UL><LI><a href="#[57]">&gt;&gt;</a>&nbsp;&nbsp;&nbsp;__rt_entry_li
</UL>

<P><STRONG><a name="[1b2]"></a>__rt_lib_init_alloca_1</STRONG> (Thumb, 0 bytes, Stack size unknown bytes, libinit2.o(.ARM.Collect$$libinit$$0000002C))

<P><STRONG><a name="[1b3]"></a>__rt_lib_init_argv_1</STRONG> (Thumb, 0 bytes, Stack size unknown bytes, libinit2.o(.ARM.Collect$$libinit$$0000002A))

<P><STRONG><a name="[1b4]"></a>__rt_lib_init_atexit_1</STRONG> (Thumb, 0 bytes, Stack size unknown bytes, libinit2.o(.ARM.Collect$$libinit$$00000019))

<P><STRONG><a name="[1b5]"></a>__rt_lib_init_clock_1</STRONG> (Thumb, 0 bytes, Stack size unknown bytes, libinit2.o(.ARM.Collect$$libinit$$0000001F))

<P><STRONG><a name="[54]"></a>__rt_lib_init_cpp_2</STRONG> (Thumb, 0 bytes, Stack size unknown bytes, libinit2.o(.ARM.Collect$$libinit$$0000002F))
<BR><BR>[Stack]<UL><LI>Max Depth = 16 + Unknown Stack Size
<LI>Call Chain = __rt_lib_init_cpp_2 &rArr; __cpp_initialize__aeabi_
</UL>
<BR>[Calls]<UL><LI><a href="#[4f]">&gt;&gt;</a>&nbsp;&nbsp;&nbsp;__cpp_initialize__aeabi_
</UL>

<P><STRONG><a name="[1b6]"></a>__rt_lib_init_exceptions_1</STRONG> (Thumb, 0 bytes, Stack size unknown bytes, libinit2.o(.ARM.Collect$$libinit$$0000002E))

<P><STRONG><a name="[1b7]"></a>__rt_lib_init_fp_1</STRONG> (Thumb, 0 bytes, Stack size unknown bytes, libinit2.o(.ARM.Collect$$libinit$$00000002))

<P><STRONG><a name="[1b8]"></a>__rt_lib_init_fp_trap_1</STRONG> (Thumb, 0 bytes, Stack size unknown bytes, libinit2.o(.ARM.Collect$$libinit$$0000001D))

<P><STRONG><a name="[1b9]"></a>__rt_lib_init_getenv_1</STRONG> (Thumb, 0 bytes, Stack size unknown bytes, libinit2.o(.ARM.Collect$$libinit$$00000021))

<P><STRONG><a name="[1ba]"></a>__rt_lib_init_heap_1</STRONG> (Thumb, 0 bytes, Stack size unknown bytes, libinit2.o(.ARM.Collect$$libinit$$00000008))

<P><STRONG><a name="[1bb]"></a>__rt_lib_init_lc_collate_1</STRONG> (Thumb, 0 bytes, Stack size unknown bytes, libinit2.o(.ARM.Collect$$libinit$$0000000F))

<P><STRONG><a name="[1bc]"></a>__rt_lib_init_lc_ctype_1</STRONG> (Thumb, 0 bytes, Stack size unknown bytes, libinit2.o(.ARM.Collect$$libinit$$00000011))

<P><STRONG><a name="[1bd]"></a>__rt_lib_init_lc_monetary_1</STRONG> (Thumb, 0 bytes, Stack size unknown bytes, libinit2.o(.ARM.Collect$$libinit$$00000013))

<P><STRONG><a name="[1be]"></a>__rt_lib_init_lc_numeric_1</STRONG> (Thumb, 0 bytes, Stack size unknown bytes, libinit2.o(.ARM.Collect$$libinit$$00000015))

<P><STRONG><a name="[1bf]"></a>__rt_lib_init_lc_time_1</STRONG> (Thumb, 0 bytes, Stack size unknown bytes, libinit2.o(.ARM.Collect$$libinit$$00000017))

<P><STRONG><a name="[1c0]"></a>__rt_lib_init_rand_1</STRONG> (Thumb, 0 bytes, Stack size unknown bytes, libinit2.o(.ARM.Collect$$libinit$$0000000C))

<P><STRONG><a name="[1c1]"></a>__rt_lib_init_signal_1</STRONG> (Thumb, 0 bytes, Stack size unknown bytes, libinit2.o(.ARM.Collect$$libinit$$0000001B))

<P><STRONG><a name="[1c2]"></a>__rt_lib_init_stdio_1</STRONG> (Thumb, 0 bytes, Stack size unknown bytes, libinit2.o(.ARM.Collect$$libinit$$00000023))

<P><STRONG><a name="[1c3]"></a>__rt_lib_init_user_alloc_1</STRONG> (Thumb, 0 bytes, Stack size unknown bytes, libinit2.o(.ARM.Collect$$libinit$$0000000A))

<P><STRONG><a name="[1c4]"></a>__rt_lib_init_cpp_1</STRONG> (Thumb, 0 bytes, Stack size unknown bytes, libinit2.o(.ARM.Collect$$libinit$$00000030))

<P><STRONG><a name="[1c5]"></a>__rt_lib_init_return</STRONG> (Thumb, 0 bytes, Stack size unknown bytes, libinit2.o(.ARM.Collect$$libinit$$00000031))

<P><STRONG><a name="[5d]"></a>__rt_lib_shutdown</STRONG> (Thumb, 0 bytes, Stack size unknown bytes, libshutdown.o(.ARM.Collect$$libshutdown$$00000000))
<BR><BR>[Called By]<UL><LI><a href="#[5c]">&gt;&gt;</a>&nbsp;&nbsp;&nbsp;__rt_exit_ls
</UL>

<P><STRONG><a name="[1c6]"></a>__rt_lib_shutdown_fp_trap_1</STRONG> (Thumb, 0 bytes, Stack size unknown bytes, libshutdown2.o(.ARM.Collect$$libshutdown$$00000006))

<P><STRONG><a name="[1c7]"></a>__rt_lib_shutdown_heap_1</STRONG> (Thumb, 0 bytes, Stack size unknown bytes, libshutdown2.o(.ARM.Collect$$libshutdown$$0000000E))

<P><STRONG><a name="[1c8]"></a>__rt_lib_shutdown_return</STRONG> (Thumb, 0 bytes, Stack size unknown bytes, libshutdown2.o(.ARM.Collect$$libshutdown$$0000000F))

<P><STRONG><a name="[1c9]"></a>__rt_lib_shutdown_signal_1</STRONG> (Thumb, 0 bytes, Stack size unknown bytes, libshutdown2.o(.ARM.Collect$$libshutdown$$00000009))

<P><STRONG><a name="[1ca]"></a>__rt_lib_shutdown_stdio_1</STRONG> (Thumb, 0 bytes, Stack size unknown bytes, libshutdown2.o(.ARM.Collect$$libshutdown$$00000003))

<P><STRONG><a name="[1cb]"></a>__rt_lib_shutdown_user_alloc_1</STRONG> (Thumb, 0 bytes, Stack size unknown bytes, libshutdown2.o(.ARM.Collect$$libshutdown$$0000000B))

<P><STRONG><a name="[51]"></a>__rt_entry</STRONG> (Thumb, 0 bytes, Stack size unknown bytes, rtentry.o(.ARM.Collect$$rtentry$$00000000))
<BR><BR>[Called By]<UL><LI><a href="#[4e]">&gt;&gt;</a>&nbsp;&nbsp;&nbsp;__main
<LI><a href="#[52]">&gt;&gt;</a>&nbsp;&nbsp;&nbsp;__scatterload_rt2
</UL>

<P><STRONG><a name="[1cc]"></a>__rt_entry_presh_1</STRONG> (Thumb, 0 bytes, Stack size unknown bytes, rtentry2.o(.ARM.Collect$$rtentry$$00000002))

<P><STRONG><a name="[55]"></a>__rt_entry_sh</STRONG> (Thumb, 0 bytes, Stack size unknown bytes, rtentry4.o(.ARM.Collect$$rtentry$$00000004))
<BR><BR>[Stack]<UL><LI>Max Depth = 8 + Unknown Stack Size
<LI>Call Chain = __rt_entry_sh &rArr; __user_setup_stackheap
</UL>
<BR>[Calls]<UL><LI><a href="#[56]">&gt;&gt;</a>&nbsp;&nbsp;&nbsp;__user_setup_stackheap
</UL>

<P><STRONG><a name="[57]"></a>__rt_entry_li</STRONG> (Thumb, 0 bytes, Stack size unknown bytes, rtentry2.o(.ARM.Collect$$rtentry$$0000000A))
<BR><BR>[Calls]<UL><LI><a href="#[58]">&gt;&gt;</a>&nbsp;&nbsp;&nbsp;__rt_lib_init
</UL>

<P><STRONG><a name="[1cd]"></a>__rt_entry_postsh_1</STRONG> (Thumb, 0 bytes, Stack size unknown bytes, rtentry2.o(.ARM.Collect$$rtentry$$00000009))

<P><STRONG><a name="[59]"></a>__rt_entry_main</STRONG> (Thumb, 0 bytes, Stack size unknown bytes, rtentry2.o(.ARM.Collect$$rtentry$$0000000D))
<BR><BR>[Stack]<UL><LI>Max Depth = 392 + Unknown Stack Size
<LI>Call Chain = __rt_entry_main &rArr; main &rArr; ANO_Loop() &rArr; ANO_Loop_500Hz() &rArr; ANO_IMU::getAttitude() &rArr; ANO_IMU::DCM_CF(Vector3&lang;float&rang;, Vector3&lang;float&rang;, float) &rArr; ANO_Filter::CF_1st(Vector3&lang;float&rang;, Vector3&lang;float&rang;, float) &rArr; Vector3&lang;float&rang;::operator +(const Vector3&lang;float&rang;&) const &rArr; __aeabi_fadd
</UL>
<BR>[Calls]<UL><LI><a href="#[5a]">&gt;&gt;</a>&nbsp;&nbsp;&nbsp;main
<LI><a href="#[5b]">&gt;&gt;</a>&nbsp;&nbsp;&nbsp;exit
</UL>

<P><STRONG><a name="[1ce]"></a>__rt_entry_postli_1</STRONG> (Thumb, 0 bytes, Stack size unknown bytes, rtentry2.o(.ARM.Collect$$rtentry$$0000000C))

<P><STRONG><a name="[18a]"></a>__rt_exit</STRONG> (Thumb, 0 bytes, Stack size unknown bytes, rtexit.o(.ARM.Collect$$rtexit$$00000000))
<BR><BR>[Called By]<UL><LI><a href="#[5b]">&gt;&gt;</a>&nbsp;&nbsp;&nbsp;exit
</UL>

<P><STRONG><a name="[5c]"></a>__rt_exit_ls</STRONG> (Thumb, 0 bytes, Stack size unknown bytes, rtexit2.o(.ARM.Collect$$rtexit$$00000003))
<BR><BR>[Calls]<UL><LI><a href="#[5d]">&gt;&gt;</a>&nbsp;&nbsp;&nbsp;__rt_lib_shutdown
</UL>

<P><STRONG><a name="[1cf]"></a>__rt_exit_prels_1</STRONG> (Thumb, 0 bytes, Stack size unknown bytes, rtexit2.o(.ARM.Collect$$rtexit$$00000002))

<P><STRONG><a name="[5e]"></a>__rt_exit_exit</STRONG> (Thumb, 0 bytes, Stack size unknown bytes, rtexit2.o(.ARM.Collect$$rtexit$$00000004))
<BR><BR>[Calls]<UL><LI><a href="#[5f]">&gt;&gt;</a>&nbsp;&nbsp;&nbsp;_sys_exit
</UL>

<P><STRONG><a name="[5a]"></a>main</STRONG> (Thumb, 30 bytes, Stack size 0 bytes, anocopter.o(.text))
<BR><BR>[Stack]<UL><LI>Max Depth = 392<LI>Call Chain = main &rArr; ANO_Loop() &rArr; ANO_Loop_500Hz() &rArr; ANO_IMU::getAttitude() &rArr; ANO_IMU::DCM_CF(Vector3&lang;float&rang;, Vector3&lang;float&rang;, float) &rArr; ANO_Filter::CF_1st(Vector3&lang;float&rang;, Vector3&lang;float&rang;, float) &rArr; Vector3&lang;float&rang;::operator +(const Vector3&lang;float&rang;&) const &rArr; __aeabi_fadd
</UL>
<BR>[Calls]<UL><LI><a href="#[61]">&gt;&gt;</a>&nbsp;&nbsp;&nbsp;ANO_Param::Init()
<LI><a href="#[62]">&gt;&gt;</a>&nbsp;&nbsp;&nbsp;ANO_IMU::Init()
<LI><a href="#[63]">&gt;&gt;</a>&nbsp;&nbsp;&nbsp;ANO_Navgation::Init()
<LI><a href="#[64]">&gt;&gt;</a>&nbsp;&nbsp;&nbsp;ANO_Loop()
<LI><a href="#[60]">&gt;&gt;</a>&nbsp;&nbsp;&nbsp;ANO_Hexacopter_board_Init()
</UL>
<BR>[Called By]<UL><LI><a href="#[59]">&gt;&gt;</a>&nbsp;&nbsp;&nbsp;__rt_entry_main
</UL>

<P><STRONG><a name="[6a]"></a>ANO_Config::ANO_Config()</STRONG> (Thumb, 6 bytes, Stack size 0 bytes, ano_config.o(.text))
<BR><BR>[Called By]<UL><LI><a href="#[46]">&gt;&gt;</a>&nbsp;&nbsp;&nbsp;__sti___14_ANO_Config_cpp_ano
</UL>

<P><STRONG><a name="[1d0]"></a>ANO_Config::ANO_Config__sub_object()</STRONG> (Thumb, 0 bytes, Stack size 0 bytes, ano_config.o(.text), UNUSED)

<P><STRONG><a name="[65]"></a>ANO_Config::Pilot_Light()</STRONG> (Thumb, 154 bytes, Stack size 8 bytes, ano_config.o(.text))
<BR><BR>[Stack]<UL><LI>Max Depth = 16<LI>Call Chain = ANO_Config::Pilot_Light() &rArr; ANO_LED::OFF2()
</UL>
<BR>[Calls]<UL><LI><a href="#[68]">&gt;&gt;</a>&nbsp;&nbsp;&nbsp;ANO_LED::OFF2()
<LI><a href="#[67]">&gt;&gt;</a>&nbsp;&nbsp;&nbsp;ANO_LED::OFF1()
<LI><a href="#[69]">&gt;&gt;</a>&nbsp;&nbsp;&nbsp;ANO_LED::ON2()
<LI><a href="#[66]">&gt;&gt;</a>&nbsp;&nbsp;&nbsp;ANO_LED::ON1()
</UL>
<BR>[Called By]<UL><LI><a href="#[75]">&gt;&gt;</a>&nbsp;&nbsp;&nbsp;ANO_Loop_50Hz()
</UL>

<P><STRONG><a name="[64]"></a>ANO_Loop()</STRONG> (Thumb, 94 bytes, Stack size 8 bytes, ano_scheduler.o(.text))
<BR><BR>[Stack]<UL><LI>Max Depth = 392<LI>Call Chain = ANO_Loop() &rArr; ANO_Loop_500Hz() &rArr; ANO_IMU::getAttitude() &rArr; ANO_IMU::DCM_CF(Vector3&lang;float&rang;, Vector3&lang;float&rang;, float) &rArr; ANO_Filter::CF_1st(Vector3&lang;float&rang;, Vector3&lang;float&rang;, float) &rArr; Vector3&lang;float&rang;::operator +(const Vector3&lang;float&rang;&) const &rArr; __aeabi_fadd
</UL>
<BR>[Calls]<UL><LI><a href="#[75]">&gt;&gt;</a>&nbsp;&nbsp;&nbsp;ANO_Loop_50Hz()
<LI><a href="#[7c]">&gt;&gt;</a>&nbsp;&nbsp;&nbsp;ANO_Loop_100Hz()
<LI><a href="#[73]">&gt;&gt;</a>&nbsp;&nbsp;&nbsp;ANO_Loop_200Hz()
<LI><a href="#[6e]">&gt;&gt;</a>&nbsp;&nbsp;&nbsp;ANO_Loop_500Hz()
<LI><a href="#[6b]">&gt;&gt;</a>&nbsp;&nbsp;&nbsp;ANO_Loop_1000Hz()
</UL>
<BR>[Called By]<UL><LI><a href="#[5a]">&gt;&gt;</a>&nbsp;&nbsp;&nbsp;main
</UL>

<P><STRONG><a name="[7d]"></a>ANO_Scheduler::ANO_Scheduler()</STRONG> (Thumb, 14 bytes, Stack size 0 bytes, ano_scheduler.o(.text))
<BR><BR>[Called By]<UL><LI><a href="#[47]">&gt;&gt;</a>&nbsp;&nbsp;&nbsp;__sti___17_ANO_Scheduler_cpp_463cec18
</UL>

<P><STRONG><a name="[1d1]"></a>ANO_Scheduler::ANO_Scheduler__sub_object()</STRONG> (Thumb, 0 bytes, Stack size 0 bytes, ano_scheduler.o(.text), UNUSED)

<P><STRONG><a name="[7e]"></a>ANO_Filter::LPF_1st_Factor_Cal(float, float)</STRONG> (Thumb, 52 bytes, Stack size 32 bytes, ano_filter.o(.text))
<BR><BR>[Stack]<UL><LI>Max Depth = 48<LI>Call Chain = ANO_Filter::LPF_1st_Factor_Cal(float, float) &rArr; __aeabi_fmul
</UL>
<BR>[Calls]<UL><LI><a href="#[7f]">&gt;&gt;</a>&nbsp;&nbsp;&nbsp;__aeabi_fmul
<LI><a href="#[80]">&gt;&gt;</a>&nbsp;&nbsp;&nbsp;__aeabi_fdiv
<LI><a href="#[81]">&gt;&gt;</a>&nbsp;&nbsp;&nbsp;__aeabi_fadd
</UL>
<BR>[Called By]<UL><LI><a href="#[93]">&gt;&gt;</a>&nbsp;&nbsp;&nbsp;ANO_IMU::filter_Init()
</UL>

<P><STRONG><a name="[82]"></a>ANO_Filter::LPF_2nd_Factor_Cal(float, float, ANO_Filter::LPF2ndData_t*)</STRONG> (Thumb, 234 bytes, Stack size 40 bytes, ano_filter.o(.text))
<BR><BR>[Stack]<UL><LI>Max Depth = 56<LI>Call Chain = ANO_Filter::LPF_2nd_Factor_Cal(float, float, ANO_Filter::LPF2ndData_t*) &rArr; __aeabi_fmul
</UL>
<BR>[Calls]<UL><LI><a href="#[7f]">&gt;&gt;</a>&nbsp;&nbsp;&nbsp;__aeabi_fmul
<LI><a href="#[80]">&gt;&gt;</a>&nbsp;&nbsp;&nbsp;__aeabi_fdiv
<LI><a href="#[81]">&gt;&gt;</a>&nbsp;&nbsp;&nbsp;__aeabi_fadd
</UL>
<BR>[Called By]<UL><LI><a href="#[93]">&gt;&gt;</a>&nbsp;&nbsp;&nbsp;ANO_IMU::filter_Init()
<LI><a href="#[ee]">&gt;&gt;</a>&nbsp;&nbsp;&nbsp;ANO_Navgation::filter_Init()
</UL>

<P><STRONG><a name="[83]"></a>ANO_Filter::CF_Factor_Cal(float, float)</STRONG> (Thumb, 32 bytes, Stack size 24 bytes, ano_filter.o(.text))
<BR><BR>[Stack]<UL><LI>Max Depth = 40<LI>Call Chain = ANO_Filter::CF_Factor_Cal(float, float) &rArr; __aeabi_fdiv
</UL>
<BR>[Calls]<UL><LI><a href="#[80]">&gt;&gt;</a>&nbsp;&nbsp;&nbsp;__aeabi_fdiv
<LI><a href="#[81]">&gt;&gt;</a>&nbsp;&nbsp;&nbsp;__aeabi_fadd
</UL>
<BR>[Called By]<UL><LI><a href="#[93]">&gt;&gt;</a>&nbsp;&nbsp;&nbsp;ANO_IMU::filter_Init()
</UL>

<P><STRONG><a name="[84]"></a>ANO_Filter::LPF_1st(Vector3&lang;float&rang;, Vector3&lang;float&rang;, float)</STRONG> (Thumb, 78 bytes, Stack size 88 bytes, ano_filter.o(.text), UNUSED)
<BR><BR>[Calls]<UL><LI><a href="#[87]">&gt;&gt;</a>&nbsp;&nbsp;&nbsp;Vector3&lang;float&rang;::operator +(const Vector3&lang;float&rang;&) const
<LI><a href="#[85]">&gt;&gt;</a>&nbsp;&nbsp;&nbsp;Vector3&lang;float&rang;::operator *(float) const
<LI><a href="#[86]">&gt;&gt;</a>&nbsp;&nbsp;&nbsp;__aeabi_fsub
</UL>

<P><STRONG><a name="[88]"></a>ANO_Filter::LPF_2nd(ANO_Filter::LPF2ndData_t*, Vector3&lang;float&rang;)</STRONG> (Thumb, 156 bytes, Stack size 152 bytes, ano_filter.o(.text))
<BR><BR>[Stack]<UL><LI>Max Depth = 200<LI>Call Chain = ANO_Filter::LPF_2nd(ANO_Filter::LPF2ndData_t*, Vector3&lang;float&rang;) &rArr; Vector3&lang;float&rang;::operator +(const Vector3&lang;float&rang;&) const &rArr; __aeabi_fadd
</UL>
<BR>[Calls]<UL><LI><a href="#[87]">&gt;&gt;</a>&nbsp;&nbsp;&nbsp;Vector3&lang;float&rang;::operator +(const Vector3&lang;float&rang;&) const
<LI><a href="#[85]">&gt;&gt;</a>&nbsp;&nbsp;&nbsp;Vector3&lang;float&rang;::operator *(float) const
<LI><a href="#[89]">&gt;&gt;</a>&nbsp;&nbsp;&nbsp;Vector3&lang;float&rang;::operator -(const Vector3&lang;float&rang;&) const
</UL>
<BR>[Called By]<UL><LI><a href="#[70]">&gt;&gt;</a>&nbsp;&nbsp;&nbsp;ANO_IMU::getAttitude()
</UL>

<P><STRONG><a name="[8a]"></a>ANO_Filter::Baro_LPF_2nd(ANO_Filter::LPF2ndData_t*, float)</STRONG> (Thumb, 82 bytes, Stack size 40 bytes, ano_filter.o(.text))
<BR><BR>[Stack]<UL><LI>Max Depth = 56<LI>Call Chain = ANO_Filter::Baro_LPF_2nd(ANO_Filter::LPF2ndData_t*, float) &rArr; __aeabi_fmul
</UL>
<BR>[Calls]<UL><LI><a href="#[7f]">&gt;&gt;</a>&nbsp;&nbsp;&nbsp;__aeabi_fmul
<LI><a href="#[8b]">&gt;&gt;</a>&nbsp;&nbsp;&nbsp;__aeabi_f2iz
<LI><a href="#[86]">&gt;&gt;</a>&nbsp;&nbsp;&nbsp;__aeabi_fsub
<LI><a href="#[81]">&gt;&gt;</a>&nbsp;&nbsp;&nbsp;__aeabi_fadd
</UL>
<BR>[Called By]<UL><LI><a href="#[72]">&gt;&gt;</a>&nbsp;&nbsp;&nbsp;ANO_Navgation::update()
</UL>

<P><STRONG><a name="[8c]"></a>ANO_Filter::Ultra_LPF_2nd(ANO_Filter::LPF2ndData_t*, float)</STRONG> (Thumb, 82 bytes, Stack size 40 bytes, ano_filter.o(.text))
<BR><BR>[Stack]<UL><LI>Max Depth = 56<LI>Call Chain = ANO_Filter::Ultra_LPF_2nd(ANO_Filter::LPF2ndData_t*, float) &rArr; __aeabi_fmul
</UL>
<BR>[Calls]<UL><LI><a href="#[7f]">&gt;&gt;</a>&nbsp;&nbsp;&nbsp;__aeabi_fmul
<LI><a href="#[8b]">&gt;&gt;</a>&nbsp;&nbsp;&nbsp;__aeabi_f2iz
<LI><a href="#[86]">&gt;&gt;</a>&nbsp;&nbsp;&nbsp;__aeabi_fsub
<LI><a href="#[81]">&gt;&gt;</a>&nbsp;&nbsp;&nbsp;__aeabi_fadd
</UL>
<BR>[Called By]<UL><LI><a href="#[72]">&gt;&gt;</a>&nbsp;&nbsp;&nbsp;ANO_Navgation::update()
</UL>

<P><STRONG><a name="[8d]"></a>ANO_Filter::CF_1st(Vector3&lang;float&rang;, Vector3&lang;float&rang;, float)</STRONG> (Thumb, 78 bytes, Stack size 88 bytes, ano_filter.o(.text))
<BR><BR>[Stack]<UL><LI>Max Depth = 136<LI>Call Chain = ANO_Filter::CF_1st(Vector3&lang;float&rang;, Vector3&lang;float&rang;, float) &rArr; Vector3&lang;float&rang;::operator +(const Vector3&lang;float&rang;&) const &rArr; __aeabi_fadd
</UL>
<BR>[Calls]<UL><LI><a href="#[87]">&gt;&gt;</a>&nbsp;&nbsp;&nbsp;Vector3&lang;float&rang;::operator +(const Vector3&lang;float&rang;&) const
<LI><a href="#[85]">&gt;&gt;</a>&nbsp;&nbsp;&nbsp;Vector3&lang;float&rang;::operator *(float) const
<LI><a href="#[86]">&gt;&gt;</a>&nbsp;&nbsp;&nbsp;__aeabi_fsub
</UL>
<BR>[Called By]<UL><LI><a href="#[98]">&gt;&gt;</a>&nbsp;&nbsp;&nbsp;ANO_IMU::DCM_CF(Vector3&lang;float&rang;, Vector3&lang;float&rang;, float)
</UL>

<P><STRONG><a name="[8e]"></a>ANO_IMU::ANO_IMU()</STRONG> (Thumb, 118 bytes, Stack size 8 bytes, ano_imu.o(.text))
<BR><BR>[Stack]<UL><LI>Max Depth = 16<LI>Call Chain = ANO_IMU::ANO_IMU() &rArr; ANO_Filter::LPF2ndData_t::LPF2ndData_t()
</UL>
<BR>[Calls]<UL><LI><a href="#[8f]">&gt;&gt;</a>&nbsp;&nbsp;&nbsp;Vector3&lang;float&rang;::Vector3()
<LI><a href="#[90]">&gt;&gt;</a>&nbsp;&nbsp;&nbsp;ANO_Filter::LPF2ndData_t::LPF2ndData_t()
</UL>
<BR>[Called By]<UL><LI><a href="#[48]">&gt;&gt;</a>&nbsp;&nbsp;&nbsp;__sti___11_ANO_IMU_cpp_imu
</UL>

<P><STRONG><a name="[1d2]"></a>ANO_IMU::ANO_IMU__sub_object()</STRONG> (Thumb, 0 bytes, Stack size 8 bytes, ano_imu.o(.text), UNUSED)

<P><STRONG><a name="[91]"></a>ANO_IMU::sensor_Init()</STRONG> (Thumb, 18 bytes, Stack size 8 bytes, ano_imu.o(.text))
<BR><BR>[Stack]<UL><LI>Max Depth = 60<LI>Call Chain = ANO_IMU::sensor_Init() &rArr; ANO_MPU6050::Init(unsigned short, unsigned short) &rArr; ANO_I2C_Soft::I2C_Single_Write(unsigned char, unsigned char, unsigned char) &rArr; ANO_I2C_Soft::I2C_SendByte(unsigned char)
</UL>
<BR>[Calls]<UL><LI><a href="#[92]">&gt;&gt;</a>&nbsp;&nbsp;&nbsp;ANO_MPU6050::Init(unsigned short, unsigned short)
</UL>
<BR>[Called By]<UL><LI><a href="#[62]">&gt;&gt;</a>&nbsp;&nbsp;&nbsp;ANO_IMU::Init()
</UL>

<P><STRONG><a name="[93]"></a>ANO_IMU::filter_Init()</STRONG> (Thumb, 62 bytes, Stack size 8 bytes, ano_imu.o(.text))
<BR><BR>[Stack]<UL><LI>Max Depth = 64<LI>Call Chain = ANO_IMU::filter_Init() &rArr; ANO_Filter::LPF_2nd_Factor_Cal(float, float, ANO_Filter::LPF2ndData_t*) &rArr; __aeabi_fmul
</UL>
<BR>[Calls]<UL><LI><a href="#[83]">&gt;&gt;</a>&nbsp;&nbsp;&nbsp;ANO_Filter::CF_Factor_Cal(float, float)
<LI><a href="#[82]">&gt;&gt;</a>&nbsp;&nbsp;&nbsp;ANO_Filter::LPF_2nd_Factor_Cal(float, float, ANO_Filter::LPF2ndData_t*)
<LI><a href="#[7e]">&gt;&gt;</a>&nbsp;&nbsp;&nbsp;ANO_Filter::LPF_1st_Factor_Cal(float, float)
</UL>
<BR>[Called By]<UL><LI><a href="#[62]">&gt;&gt;</a>&nbsp;&nbsp;&nbsp;ANO_IMU::Init()
</UL>

<P><STRONG><a name="[62]"></a>ANO_IMU::Init()</STRONG> (Thumb, 18 bytes, Stack size 8 bytes, ano_imu.o(.text))
<BR><BR>[Stack]<UL><LI>Max Depth = 72<LI>Call Chain = ANO_IMU::Init() &rArr; ANO_IMU::filter_Init() &rArr; ANO_Filter::LPF_2nd_Factor_Cal(float, float, ANO_Filter::LPF2ndData_t*) &rArr; __aeabi_fmul
</UL>
<BR>[Calls]<UL><LI><a href="#[93]">&gt;&gt;</a>&nbsp;&nbsp;&nbsp;ANO_IMU::filter_Init()
<LI><a href="#[91]">&gt;&gt;</a>&nbsp;&nbsp;&nbsp;ANO_IMU::sensor_Init()
</UL>
<BR>[Called By]<UL><LI><a href="#[5a]">&gt;&gt;</a>&nbsp;&nbsp;&nbsp;main
</UL>

<P><STRONG><a name="[6f]"></a>ANO_IMU::updateSensor()</STRONG> (Thumb, 54 bytes, Stack size 24 bytes, ano_imu.o(.text))
<BR><BR>[Stack]<UL><LI>Max Depth = 188<LI>Call Chain = ANO_IMU::updateSensor() &rArr; ANO_MPU6050::Read_Acc_Data() &rArr; ANO_MPU6050::CalOffset_Acc() &rArr; ANO_Param::SAVE_ACC_OFFSET() &rArr; EE_WriteVariable(unsigned short, unsigned short) &rArr; EE_PageTransfer(unsigned short, unsigned short) &rArr; EE_VerifyPageFullWriteVariable(unsigned short, unsigned short) &rArr; FLASH_ProgramHalfWord &rArr; FLASH_WaitForLastOperation
</UL>
<BR>[Calls]<UL><LI><a href="#[96]">&gt;&gt;</a>&nbsp;&nbsp;&nbsp;ANO_MPU6050::Get_Gyro()
<LI><a href="#[97]">&gt;&gt;</a>&nbsp;&nbsp;&nbsp;ANO_MPU6050::Get_Acc()
<LI><a href="#[95]">&gt;&gt;</a>&nbsp;&nbsp;&nbsp;ANO_MPU6050::Read_Gyro_Data()
<LI><a href="#[94]">&gt;&gt;</a>&nbsp;&nbsp;&nbsp;ANO_MPU6050::Read_Acc_Data()
</UL>
<BR>[Called By]<UL><LI><a href="#[6e]">&gt;&gt;</a>&nbsp;&nbsp;&nbsp;ANO_Loop_500Hz()
</UL>

<P><STRONG><a name="[98]"></a>ANO_IMU::DCM_CF(Vector3&lang;float&rang;, Vector3&lang;float&rang;, float)</STRONG> (Thumb, 336 bytes, Stack size 128 bytes, ano_imu.o(.text))
<BR><BR>[Stack]<UL><LI>Max Depth = 264<LI>Call Chain = ANO_IMU::DCM_CF(Vector3&lang;float&rang;, Vector3&lang;float&rang;, float) &rArr; ANO_Filter::CF_1st(Vector3&lang;float&rang;, Vector3&lang;float&rang;, float) &rArr; Vector3&lang;float&rang;::operator +(const Vector3&lang;float&rang;&) const &rArr; __aeabi_fadd
</UL>
<BR>[Calls]<UL><LI><a href="#[9d]">&gt;&gt;</a>&nbsp;&nbsp;&nbsp;Matrix3&lang;float&rang;::operator *(const Vector3&lang;float&rang;&) const
<LI><a href="#[9f]">&gt;&gt;</a>&nbsp;&nbsp;&nbsp;Vector3&lang;float&rang;::get_yaw(Vector3&lang;float&rang;&)
<LI><a href="#[9e]">&gt;&gt;</a>&nbsp;&nbsp;&nbsp;Vector3&lang;float&rang;::get_rollpitch(Vector3&lang;float&rang;&)
<LI><a href="#[9c]">&gt;&gt;</a>&nbsp;&nbsp;&nbsp;Matrix3&lang;float&rang;::from_euler(const Vector3&lang;float&rang;&)
<LI><a href="#[8f]">&gt;&gt;</a>&nbsp;&nbsp;&nbsp;Vector3&lang;float&rang;::Vector3()
<LI><a href="#[9a]">&gt;&gt;</a>&nbsp;&nbsp;&nbsp;Vector3&lang;float&rang;::Vector3(float, float, float)
<LI><a href="#[9b]">&gt;&gt;</a>&nbsp;&nbsp;&nbsp;Matrix3&lang;float&rang;::Matrix3()
<LI><a href="#[87]">&gt;&gt;</a>&nbsp;&nbsp;&nbsp;Vector3&lang;float&rang;::operator +(const Vector3&lang;float&rang;&) const
<LI><a href="#[85]">&gt;&gt;</a>&nbsp;&nbsp;&nbsp;Vector3&lang;float&rang;::operator *(float) const
<LI><a href="#[8d]">&gt;&gt;</a>&nbsp;&nbsp;&nbsp;ANO_Filter::CF_1st(Vector3&lang;float&rang;, Vector3&lang;float&rang;, float)
<LI><a href="#[99]">&gt;&gt;</a>&nbsp;&nbsp;&nbsp;__cxa_guard_acquire
</UL>
<BR>[Called By]<UL><LI><a href="#[70]">&gt;&gt;</a>&nbsp;&nbsp;&nbsp;ANO_IMU::getAttitude()
</UL>

<P><STRONG><a name="[a0]"></a>ANO_IMU::getDeltaT(unsigned)</STRONG> (Thumb, 46 bytes, Stack size 32 bytes, ano_imu.o(.text))
<BR><BR>[Stack]<UL><LI>Max Depth = 64<LI>Call Chain = ANO_IMU::getDeltaT(unsigned) &rArr; __aeabi_dmul
</UL>
<BR>[Calls]<UL><LI><a href="#[a2]">&gt;&gt;</a>&nbsp;&nbsp;&nbsp;__aeabi_dmul
<LI><a href="#[a1]">&gt;&gt;</a>&nbsp;&nbsp;&nbsp;__aeabi_ui2d
<LI><a href="#[a3]">&gt;&gt;</a>&nbsp;&nbsp;&nbsp;__aeabi_d2f
</UL>
<BR>[Called By]<UL><LI><a href="#[70]">&gt;&gt;</a>&nbsp;&nbsp;&nbsp;ANO_IMU::getAttitude()
</UL>

<P><STRONG><a name="[70]"></a>ANO_IMU::getAttitude()</STRONG> (Thumb, 184 bytes, Stack size 112 bytes, ano_imu.o(.text))
<BR><BR>[Stack]<UL><LI>Max Depth = 376<LI>Call Chain = ANO_IMU::getAttitude() &rArr; ANO_IMU::DCM_CF(Vector3&lang;float&rang;, Vector3&lang;float&rang;, float) &rArr; ANO_Filter::CF_1st(Vector3&lang;float&rang;, Vector3&lang;float&rang;, float) &rArr; Vector3&lang;float&rang;::operator +(const Vector3&lang;float&rang;&) const &rArr; __aeabi_fadd
</UL>
<BR>[Calls]<UL><LI><a href="#[a5]">&gt;&gt;</a>&nbsp;&nbsp;&nbsp;Vector3&lang;float&rang;::operator *(const Vector3&lang;float&rang;&) const
<LI><a href="#[a7]">&gt;&gt;</a>&nbsp;&nbsp;&nbsp;ANO_MPU6050::Get_Gyro_in_dps(Vector3&lang;float&rang;)
<LI><a href="#[a6]">&gt;&gt;</a>&nbsp;&nbsp;&nbsp;GetSysTime_us()
<LI><a href="#[a4]">&gt;&gt;</a>&nbsp;&nbsp;&nbsp;Vector3&lang;double&rang;::Vector3()
<LI><a href="#[a0]">&gt;&gt;</a>&nbsp;&nbsp;&nbsp;ANO_IMU::getDeltaT(unsigned)
<LI><a href="#[98]">&gt;&gt;</a>&nbsp;&nbsp;&nbsp;ANO_IMU::DCM_CF(Vector3&lang;float&rang;, Vector3&lang;float&rang;, float)
<LI><a href="#[88]">&gt;&gt;</a>&nbsp;&nbsp;&nbsp;ANO_Filter::LPF_2nd(ANO_Filter::LPF2ndData_t*, Vector3&lang;float&rang;)
<LI><a href="#[7f]">&gt;&gt;</a>&nbsp;&nbsp;&nbsp;__aeabi_fmul
<LI><a href="#[8b]">&gt;&gt;</a>&nbsp;&nbsp;&nbsp;__aeabi_f2iz
<LI><a href="#[80]">&gt;&gt;</a>&nbsp;&nbsp;&nbsp;__aeabi_fdiv
</UL>
<BR>[Called By]<UL><LI><a href="#[6e]">&gt;&gt;</a>&nbsp;&nbsp;&nbsp;ANO_Loop_500Hz()
</UL>

<P><STRONG><a name="[a8]"></a>ANO_IMU::Get_Accel_Ef()</STRONG> (Thumb, 84 bytes, Stack size 72 bytes, ano_imu.o(.text))
<BR><BR>[Stack]<UL><LI>Max Depth = 200<LI>Call Chain = ANO_IMU::Get_Accel_Ef() &rArr; Matrix3&lang;float&rang;::from_euler(const Vector3&lang;float&rang;&) &rArr; sinf &rArr; __mathlib_rredf2 &rArr; __aeabi_fmul
</UL>
<BR>[Calls]<UL><LI><a href="#[9d]">&gt;&gt;</a>&nbsp;&nbsp;&nbsp;Matrix3&lang;float&rang;::operator *(const Vector3&lang;float&rang;&) const
<LI><a href="#[9c]">&gt;&gt;</a>&nbsp;&nbsp;&nbsp;Matrix3&lang;float&rang;::from_euler(const Vector3&lang;float&rang;&)
<LI><a href="#[a9]">&gt;&gt;</a>&nbsp;&nbsp;&nbsp;radians(float)
<LI><a href="#[8f]">&gt;&gt;</a>&nbsp;&nbsp;&nbsp;Vector3&lang;float&rang;::Vector3()
<LI><a href="#[9b]">&gt;&gt;</a>&nbsp;&nbsp;&nbsp;Matrix3&lang;float&rang;::Matrix3()
</UL>
<BR>[Called By]<UL><LI><a href="#[72]">&gt;&gt;</a>&nbsp;&nbsp;&nbsp;ANO_Navgation::update()
</UL>

<P><STRONG><a name="[aa]"></a>ANO_IMU::Quaternion_CF(Vector3&lang;float&rang;, Vector3&lang;float&rang;, float)</STRONG> (Thumb, 190 bytes, Stack size 120 bytes, ano_imu.o(.text), UNUSED)
<BR><BR>[Calls]<UL><LI><a href="#[ae]">&gt;&gt;</a>&nbsp;&nbsp;&nbsp;Vector3&lang;float&rang;::operator %(const Vector3&lang;float&rang;&) const
<LI><a href="#[ab]">&gt;&gt;</a>&nbsp;&nbsp;&nbsp;Vector3&lang;float&rang;::length() const
<LI><a href="#[af]">&gt;&gt;</a>&nbsp;&nbsp;&nbsp;Vector3&lang;float&rang;::operator +=(const Vector3&lang;float&rang;&)
<LI><a href="#[ac]">&gt;&gt;</a>&nbsp;&nbsp;&nbsp;Vector3&lang;float&rang;::operator /=(float)
<LI><a href="#[b1]">&gt;&gt;</a>&nbsp;&nbsp;&nbsp;Quaternion::normalize()
<LI><a href="#[b2]">&gt;&gt;</a>&nbsp;&nbsp;&nbsp;Quaternion::to_euler(float*, float*, float*)
<LI><a href="#[b0]">&gt;&gt;</a>&nbsp;&nbsp;&nbsp;Quaternion::Runge_Kutta_1st(Vector3&lang;float&rang;&, float)
<LI><a href="#[ad]">&gt;&gt;</a>&nbsp;&nbsp;&nbsp;Quaternion::vector_gravity(Vector3&lang;float&rang;&)
<LI><a href="#[8f]">&gt;&gt;</a>&nbsp;&nbsp;&nbsp;Vector3&lang;float&rang;::Vector3()
<LI><a href="#[87]">&gt;&gt;</a>&nbsp;&nbsp;&nbsp;Vector3&lang;float&rang;::operator +(const Vector3&lang;float&rang;&) const
<LI><a href="#[85]">&gt;&gt;</a>&nbsp;&nbsp;&nbsp;Vector3&lang;float&rang;::operator *(float) const
</UL>

<P><STRONG><a name="[b3]"></a>ANO_DT::Send_Data(unsigned char*, unsigned char)</STRONG> (Thumb, 22 bytes, Stack size 16 bytes, ano_dt.o(.text))
<BR><BR>[Stack]<UL><LI>Max Depth = 80<LI>Call Chain = ANO_DT::Send_Data(unsigned char*, unsigned char) &rArr; ANO_NRF::TxPacket(unsigned char*, unsigned char) &rArr; ANO_NRF::Write_Buf(unsigned char, unsigned char*, unsigned char) &rArr; ANO_SPI2::RW(unsigned char)
</UL>
<BR>[Calls]<UL><LI><a href="#[b4]">&gt;&gt;</a>&nbsp;&nbsp;&nbsp;ANO_NRF::TxPacket(unsigned char*, unsigned char)
</UL>
<BR>[Called By]<UL><LI><a href="#[c2]">&gt;&gt;</a>&nbsp;&nbsp;&nbsp;ANO_DT::Send_Version(unsigned char, unsigned short, unsigned short, unsigned short, unsigned short)
<LI><a href="#[c1]">&gt;&gt;</a>&nbsp;&nbsp;&nbsp;ANO_DT::Send_Status(float, float, float, int, unsigned char, unsigned char)
<LI><a href="#[c0]">&gt;&gt;</a>&nbsp;&nbsp;&nbsp;ANO_DT::Send_Senser(short, short, short, short, short, short, short, short, short)
<LI><a href="#[bf]">&gt;&gt;</a>&nbsp;&nbsp;&nbsp;ANO_DT::Send_Senser2(int, unsigned short)
<LI><a href="#[be]">&gt;&gt;</a>&nbsp;&nbsp;&nbsp;ANO_DT::Send_RCData(unsigned short, unsigned short, unsigned short, unsigned short, unsigned short, unsigned short, unsigned short, unsigned short, unsigned short, unsigned short)
<LI><a href="#[bd]">&gt;&gt;</a>&nbsp;&nbsp;&nbsp;ANO_DT::Send_MotoPWM(unsigned short, unsigned short, unsigned short, unsigned short, unsigned short, unsigned short, unsigned short, unsigned short)
<LI><a href="#[bc]">&gt;&gt;</a>&nbsp;&nbsp;&nbsp;ANO_DT::Send_Power(unsigned short, unsigned short)
<LI><a href="#[bb]">&gt;&gt;</a>&nbsp;&nbsp;&nbsp;ANO_DT::Send_PID(unsigned char, float, float, float, float, float, float, float, float, float)
<LI><a href="#[b5]">&gt;&gt;</a>&nbsp;&nbsp;&nbsp;ANO_DT::Send_Check(unsigned char, unsigned char)
</UL>

<P><STRONG><a name="[b5]"></a>ANO_DT::Send_Check(unsigned char, unsigned char)</STRONG> (Thumb, 72 bytes, Stack size 24 bytes, ano_dt.o(.text))
<BR><BR>[Stack]<UL><LI>Max Depth = 104<LI>Call Chain = ANO_DT::Send_Check(unsigned char, unsigned char) &rArr; ANO_DT::Send_Data(unsigned char*, unsigned char) &rArr; ANO_NRF::TxPacket(unsigned char*, unsigned char) &rArr; ANO_NRF::Write_Buf(unsigned char, unsigned char*, unsigned char) &rArr; ANO_SPI2::RW(unsigned char)
</UL>
<BR>[Calls]<UL><LI><a href="#[b3]">&gt;&gt;</a>&nbsp;&nbsp;&nbsp;ANO_DT::Send_Data(unsigned char*, unsigned char)
</UL>
<BR>[Called By]<UL><LI><a href="#[b6]">&gt;&gt;</a>&nbsp;&nbsp;&nbsp;ANO_DT::Data_Receive_Anl(unsigned char*, unsigned char)
</UL>

<P><STRONG><a name="[b6]"></a>ANO_DT::Data_Receive_Anl(unsigned char*, unsigned char)</STRONG> (Thumb, 1006 bytes, Stack size 24 bytes, ano_dt.o(.text))
<BR><BR>[Stack]<UL><LI>Max Depth = 140<LI>Call Chain = ANO_DT::Data_Receive_Anl(unsigned char*, unsigned char) &rArr; ANO_Param::SAVE_PID() &rArr; EE_WriteVariable(unsigned short, unsigned short) &rArr; EE_PageTransfer(unsigned short, unsigned short) &rArr; EE_VerifyPageFullWriteVariable(unsigned short, unsigned short) &rArr; FLASH_ProgramHalfWord &rArr; FLASH_WaitForLastOperation
</UL>
<BR>[Calls]<UL><LI><a href="#[b8]">&gt;&gt;</a>&nbsp;&nbsp;&nbsp;ANO_Param::SAVE_PID()
<LI><a href="#[b7]">&gt;&gt;</a>&nbsp;&nbsp;&nbsp;ANO_FlyControl::PID_Reset()
<LI><a href="#[b5]">&gt;&gt;</a>&nbsp;&nbsp;&nbsp;ANO_DT::Send_Check(unsigned char, unsigned char)
<LI><a href="#[b9]">&gt;&gt;</a>&nbsp;&nbsp;&nbsp;__aeabi_i2f
<LI><a href="#[80]">&gt;&gt;</a>&nbsp;&nbsp;&nbsp;__aeabi_fdiv
</UL>
<BR>[Called By]<UL><LI><a href="#[ba]">&gt;&gt;</a>&nbsp;&nbsp;&nbsp;ANO_NRF::Check_Event()
</UL>

<P><STRONG><a name="[6c]"></a>ANO_DT::Check_Event()</STRONG> (Thumb, 12 bytes, Stack size 8 bytes, ano_dt.o(.text))
<BR><BR>[Stack]<UL><LI>Max Depth = 164<LI>Call Chain = ANO_DT::Check_Event() &rArr; ANO_NRF::Check_Event() &rArr; ANO_DT::Data_Receive_Anl(unsigned char*, unsigned char) &rArr; ANO_Param::SAVE_PID() &rArr; EE_WriteVariable(unsigned short, unsigned short) &rArr; EE_PageTransfer(unsigned short, unsigned short) &rArr; EE_VerifyPageFullWriteVariable(unsigned short, unsigned short) &rArr; FLASH_ProgramHalfWord &rArr; FLASH_WaitForLastOperation
</UL>
<BR>[Calls]<UL><LI><a href="#[ba]">&gt;&gt;</a>&nbsp;&nbsp;&nbsp;ANO_NRF::Check_Event()
</UL>
<BR>[Called By]<UL><LI><a href="#[6b]">&gt;&gt;</a>&nbsp;&nbsp;&nbsp;ANO_Loop_1000Hz()
</UL>

<P><STRONG><a name="[bb]"></a>ANO_DT::Send_PID(unsigned char, float, float, float, float, float, float, float, float, float)</STRONG> (Thumb, 558 bytes, Stack size 48 bytes, ano_dt.o(.text))
<BR><BR>[Stack]<UL><LI>Max Depth = 128<LI>Call Chain = ANO_DT::Send_PID(unsigned char, float, float, float, float, float, float, float, float, float) &rArr; ANO_DT::Send_Data(unsigned char*, unsigned char) &rArr; ANO_NRF::TxPacket(unsigned char*, unsigned char) &rArr; ANO_NRF::Write_Buf(unsigned char, unsigned char*, unsigned char) &rArr; ANO_SPI2::RW(unsigned char)
</UL>
<BR>[Calls]<UL><LI><a href="#[b3]">&gt;&gt;</a>&nbsp;&nbsp;&nbsp;ANO_DT::Send_Data(unsigned char*, unsigned char)
<LI><a href="#[7f]">&gt;&gt;</a>&nbsp;&nbsp;&nbsp;__aeabi_fmul
<LI><a href="#[8b]">&gt;&gt;</a>&nbsp;&nbsp;&nbsp;__aeabi_f2iz
</UL>
<BR>[Called By]<UL><LI><a href="#[6d]">&gt;&gt;</a>&nbsp;&nbsp;&nbsp;ANO_DT::Data_Exchange()
</UL>

<P><STRONG><a name="[bc]"></a>ANO_DT::Send_Power(unsigned short, unsigned short)</STRONG> (Thumb, 154 bytes, Stack size 32 bytes, ano_dt.o(.text))
<BR><BR>[Stack]<UL><LI>Max Depth = 112<LI>Call Chain = ANO_DT::Send_Power(unsigned short, unsigned short) &rArr; ANO_DT::Send_Data(unsigned char*, unsigned char) &rArr; ANO_NRF::TxPacket(unsigned char*, unsigned char) &rArr; ANO_NRF::Write_Buf(unsigned char, unsigned char*, unsigned char) &rArr; ANO_SPI2::RW(unsigned char)
</UL>
<BR>[Calls]<UL><LI><a href="#[b3]">&gt;&gt;</a>&nbsp;&nbsp;&nbsp;ANO_DT::Send_Data(unsigned char*, unsigned char)
</UL>
<BR>[Called By]<UL><LI><a href="#[6d]">&gt;&gt;</a>&nbsp;&nbsp;&nbsp;ANO_DT::Data_Exchange()
</UL>

<P><STRONG><a name="[bd]"></a>ANO_DT::Send_MotoPWM(unsigned short, unsigned short, unsigned short, unsigned short, unsigned short, unsigned short, unsigned short, unsigned short)</STRONG> (Thumb, 336 bytes, Stack size 32 bytes, ano_dt.o(.text))
<BR><BR>[Stack]<UL><LI>Max Depth = 112<LI>Call Chain = ANO_DT::Send_MotoPWM(unsigned short, unsigned short, unsigned short, unsigned short, unsigned short, unsigned short, unsigned short, unsigned short) &rArr; ANO_DT::Send_Data(unsigned char*, unsigned char) &rArr; ANO_NRF::TxPacket(unsigned char*, unsigned char) &rArr; ANO_NRF::Write_Buf(unsigned char, unsigned char*, unsigned char) &rArr; ANO_SPI2::RW(unsigned char)
</UL>
<BR>[Calls]<UL><LI><a href="#[b3]">&gt;&gt;</a>&nbsp;&nbsp;&nbsp;ANO_DT::Send_Data(unsigned char*, unsigned char)
</UL>
<BR>[Called By]<UL><LI><a href="#[6d]">&gt;&gt;</a>&nbsp;&nbsp;&nbsp;ANO_DT::Data_Exchange()
</UL>

<P><STRONG><a name="[be]"></a>ANO_DT::Send_RCData(unsigned short, unsigned short, unsigned short, unsigned short, unsigned short, unsigned short, unsigned short, unsigned short, unsigned short, unsigned short)</STRONG> (Thumb, 392 bytes, Stack size 32 bytes, ano_dt.o(.text))
<BR><BR>[Stack]<UL><LI>Max Depth = 112<LI>Call Chain = ANO_DT::Send_RCData(unsigned short, unsigned short, unsigned short, unsigned short, unsigned short, unsigned short, unsigned short, unsigned short, unsigned short, unsigned short) &rArr; ANO_DT::Send_Data(unsigned char*, unsigned char) &rArr; ANO_NRF::TxPacket(unsigned char*, unsigned char) &rArr; ANO_NRF::Write_Buf(unsigned char, unsigned char*, unsigned char) &rArr; ANO_SPI2::RW(unsigned char)
</UL>
<BR>[Calls]<UL><LI><a href="#[b3]">&gt;&gt;</a>&nbsp;&nbsp;&nbsp;ANO_DT::Send_Data(unsigned char*, unsigned char)
</UL>
<BR>[Called By]<UL><LI><a href="#[6d]">&gt;&gt;</a>&nbsp;&nbsp;&nbsp;ANO_DT::Data_Exchange()
</UL>

<P><STRONG><a name="[bf]"></a>ANO_DT::Send_Senser2(int, unsigned short)</STRONG> (Thumb, 186 bytes, Stack size 32 bytes, ano_dt.o(.text))
<BR><BR>[Stack]<UL><LI>Max Depth = 112<LI>Call Chain = ANO_DT::Send_Senser2(int, unsigned short) &rArr; ANO_DT::Send_Data(unsigned char*, unsigned char) &rArr; ANO_NRF::TxPacket(unsigned char*, unsigned char) &rArr; ANO_NRF::Write_Buf(unsigned char, unsigned char*, unsigned char) &rArr; ANO_SPI2::RW(unsigned char)
</UL>
<BR>[Calls]<UL><LI><a href="#[b3]">&gt;&gt;</a>&nbsp;&nbsp;&nbsp;ANO_DT::Send_Data(unsigned char*, unsigned char)
</UL>
<BR>[Called By]<UL><LI><a href="#[6d]">&gt;&gt;</a>&nbsp;&nbsp;&nbsp;ANO_DT::Data_Exchange()
</UL>

<P><STRONG><a name="[c0]"></a>ANO_DT::Send_Senser(short, short, short, short, short, short, short, short, short)</STRONG> (Thumb, 412 bytes, Stack size 40 bytes, ano_dt.o(.text))
<BR><BR>[Stack]<UL><LI>Max Depth = 120<LI>Call Chain = ANO_DT::Send_Senser(short, short, short, short, short, short, short, short, short) &rArr; ANO_DT::Send_Data(unsigned char*, unsigned char) &rArr; ANO_NRF::TxPacket(unsigned char*, unsigned char) &rArr; ANO_NRF::Write_Buf(unsigned char, unsigned char*, unsigned char) &rArr; ANO_SPI2::RW(unsigned char)
</UL>
<BR>[Calls]<UL><LI><a href="#[b3]">&gt;&gt;</a>&nbsp;&nbsp;&nbsp;ANO_DT::Send_Data(unsigned char*, unsigned char)
</UL>
<BR>[Called By]<UL><LI><a href="#[6d]">&gt;&gt;</a>&nbsp;&nbsp;&nbsp;ANO_DT::Data_Exchange()
</UL>

<P><STRONG><a name="[c1]"></a>ANO_DT::Send_Status(float, float, float, int, unsigned char, unsigned char)</STRONG> (Thumb, 346 bytes, Stack size 48 bytes, ano_dt.o(.text))
<BR><BR>[Stack]<UL><LI>Max Depth = 128<LI>Call Chain = ANO_DT::Send_Status(float, float, float, int, unsigned char, unsigned char) &rArr; ANO_DT::Send_Data(unsigned char*, unsigned char) &rArr; ANO_NRF::TxPacket(unsigned char*, unsigned char) &rArr; ANO_NRF::Write_Buf(unsigned char, unsigned char*, unsigned char) &rArr; ANO_SPI2::RW(unsigned char)
</UL>
<BR>[Calls]<UL><LI><a href="#[b3]">&gt;&gt;</a>&nbsp;&nbsp;&nbsp;ANO_DT::Send_Data(unsigned char*, unsigned char)
<LI><a href="#[7f]">&gt;&gt;</a>&nbsp;&nbsp;&nbsp;__aeabi_fmul
<LI><a href="#[8b]">&gt;&gt;</a>&nbsp;&nbsp;&nbsp;__aeabi_f2iz
</UL>
<BR>[Called By]<UL><LI><a href="#[6d]">&gt;&gt;</a>&nbsp;&nbsp;&nbsp;ANO_DT::Data_Exchange()
</UL>

<P><STRONG><a name="[c2]"></a>ANO_DT::Send_Version(unsigned char, unsigned short, unsigned short, unsigned short, unsigned short)</STRONG> (Thumb, 216 bytes, Stack size 40 bytes, ano_dt.o(.text))
<BR><BR>[Stack]<UL><LI>Max Depth = 120<LI>Call Chain = ANO_DT::Send_Version(unsigned char, unsigned short, unsigned short, unsigned short, unsigned short) &rArr; ANO_DT::Send_Data(unsigned char*, unsigned char) &rArr; ANO_NRF::TxPacket(unsigned char*, unsigned char) &rArr; ANO_NRF::Write_Buf(unsigned char, unsigned char*, unsigned char) &rArr; ANO_SPI2::RW(unsigned char)
</UL>
<BR>[Calls]<UL><LI><a href="#[b3]">&gt;&gt;</a>&nbsp;&nbsp;&nbsp;ANO_DT::Send_Data(unsigned char*, unsigned char)
</UL>
<BR>[Called By]<UL><LI><a href="#[6d]">&gt;&gt;</a>&nbsp;&nbsp;&nbsp;ANO_DT::Data_Exchange()
</UL>

<P><STRONG><a name="[6d]"></a>ANO_DT::Data_Exchange()</STRONG> (Thumb, 886 bytes, Stack size 64 bytes, ano_dt.o(.text))
<BR><BR>[Stack]<UL><LI>Max Depth = 192<LI>Call Chain = ANO_DT::Data_Exchange() &rArr; ANO_DT::Send_Status(float, float, float, int, unsigned char, unsigned char) &rArr; ANO_DT::Send_Data(unsigned char*, unsigned char) &rArr; ANO_NRF::TxPacket(unsigned char*, unsigned char) &rArr; ANO_NRF::Write_Buf(unsigned char, unsigned char*, unsigned char) &rArr; ANO_SPI2::RW(unsigned char)
</UL>
<BR>[Calls]<UL><LI><a href="#[c3]">&gt;&gt;</a>&nbsp;&nbsp;&nbsp;ANO_Motor::getPWM(short*)
<LI><a href="#[c2]">&gt;&gt;</a>&nbsp;&nbsp;&nbsp;ANO_DT::Send_Version(unsigned char, unsigned short, unsigned short, unsigned short, unsigned short)
<LI><a href="#[c1]">&gt;&gt;</a>&nbsp;&nbsp;&nbsp;ANO_DT::Send_Status(float, float, float, int, unsigned char, unsigned char)
<LI><a href="#[c0]">&gt;&gt;</a>&nbsp;&nbsp;&nbsp;ANO_DT::Send_Senser(short, short, short, short, short, short, short, short, short)
<LI><a href="#[bf]">&gt;&gt;</a>&nbsp;&nbsp;&nbsp;ANO_DT::Send_Senser2(int, unsigned short)
<LI><a href="#[be]">&gt;&gt;</a>&nbsp;&nbsp;&nbsp;ANO_DT::Send_RCData(unsigned short, unsigned short, unsigned short, unsigned short, unsigned short, unsigned short, unsigned short, unsigned short, unsigned short, unsigned short)
<LI><a href="#[bd]">&gt;&gt;</a>&nbsp;&nbsp;&nbsp;ANO_DT::Send_MotoPWM(unsigned short, unsigned short, unsigned short, unsigned short, unsigned short, unsigned short, unsigned short, unsigned short)
<LI><a href="#[bc]">&gt;&gt;</a>&nbsp;&nbsp;&nbsp;ANO_DT::Send_Power(unsigned short, unsigned short)
<LI><a href="#[bb]">&gt;&gt;</a>&nbsp;&nbsp;&nbsp;ANO_DT::Send_PID(unsigned char, float, float, float, float, float, float, float, float, float)
<LI><a href="#[8b]">&gt;&gt;</a>&nbsp;&nbsp;&nbsp;__aeabi_f2iz
</UL>
<BR>[Called By]<UL><LI><a href="#[6b]">&gt;&gt;</a>&nbsp;&nbsp;&nbsp;ANO_Loop_1000Hz()
</UL>

<P><STRONG><a name="[79]"></a>ANO_DT::Failsafe_Check()</STRONG> (Thumb, 46 bytes, Stack size 0 bytes, ano_dt.o(.text))
<BR><BR>[Called By]<UL><LI><a href="#[75]">&gt;&gt;</a>&nbsp;&nbsp;&nbsp;ANO_Loop_50Hz()
</UL>

<P><STRONG><a name="[ca]"></a>ANO_Motor::ResetPWM()</STRONG> (Thumb, 24 bytes, Stack size 0 bytes, ano_motor.o(.text))
<BR><BR>[Called By]<UL><LI><a href="#[c4]">&gt;&gt;</a>&nbsp;&nbsp;&nbsp;ANO_Motor::writeMotor(unsigned short, int, int, int)
</UL>

<P><STRONG><a name="[c4]"></a>ANO_Motor::writeMotor(unsigned short, int, int, int)</STRONG> (Thumb, 592 bytes, Stack size 96 bytes, ano_motor.o(.text))
<BR><BR>[Stack]<UL><LI>Max Depth = 128<LI>Call Chain = ANO_Motor::writeMotor(unsigned short, int, int, int) &rArr; __aeabi_dmul
</UL>
<BR>[Calls]<UL><LI><a href="#[cb]">&gt;&gt;</a>&nbsp;&nbsp;&nbsp;ANO_PWM::SetPwm(short*)
<LI><a href="#[c9]">&gt;&gt;</a>&nbsp;&nbsp;&nbsp;constrain_uint16(unsigned short, unsigned short, unsigned short)
<LI><a href="#[ca]">&gt;&gt;</a>&nbsp;&nbsp;&nbsp;ANO_Motor::ResetPWM()
<LI><a href="#[a2]">&gt;&gt;</a>&nbsp;&nbsp;&nbsp;__aeabi_dmul
<LI><a href="#[a1]">&gt;&gt;</a>&nbsp;&nbsp;&nbsp;__aeabi_ui2d
<LI><a href="#[c5]">&gt;&gt;</a>&nbsp;&nbsp;&nbsp;__aeabi_i2d
<LI><a href="#[c8]">&gt;&gt;</a>&nbsp;&nbsp;&nbsp;__aeabi_d2iz
<LI><a href="#[c6]">&gt;&gt;</a>&nbsp;&nbsp;&nbsp;__aeabi_dsub
<LI><a href="#[c7]">&gt;&gt;</a>&nbsp;&nbsp;&nbsp;__aeabi_dadd
</UL>
<BR>[Called By]<UL><LI><a href="#[71]">&gt;&gt;</a>&nbsp;&nbsp;&nbsp;ANO_FlyControl::Attitude_Inner_Loop()
</UL>

<P><STRONG><a name="[c3]"></a>ANO_Motor::getPWM(short*)</STRONG> (Thumb, 26 bytes, Stack size 0 bytes, ano_motor.o(.text))
<BR><BR>[Called By]<UL><LI><a href="#[6d]">&gt;&gt;</a>&nbsp;&nbsp;&nbsp;ANO_DT::Data_Exchange()
</UL>

<P><STRONG><a name="[cd]"></a>ANO_RC::Init()</STRONG> (Thumb, 156 bytes, Stack size 12 bytes, ano_rc.o(.text))
<BR><BR>[Stack]<UL><LI>Max Depth = 12<LI>Call Chain = ANO_RC::Init()
</UL>
<BR>[Called By]<UL><LI><a href="#[cc]">&gt;&gt;</a>&nbsp;&nbsp;&nbsp;ANO_RC::ANO_RC()
</UL>

<P><STRONG><a name="[cc]"></a>ANO_RC::ANO_RC()</STRONG> (Thumb, 14 bytes, Stack size 8 bytes, ano_rc.o(.text))
<BR><BR>[Stack]<UL><LI>Max Depth = 20<LI>Call Chain = ANO_RC::ANO_RC() &rArr; ANO_RC::Init()
</UL>
<BR>[Calls]<UL><LI><a href="#[cd]">&gt;&gt;</a>&nbsp;&nbsp;&nbsp;ANO_RC::Init()
</UL>
<BR>[Called By]<UL><LI><a href="#[49]">&gt;&gt;</a>&nbsp;&nbsp;&nbsp;__sti___10_ANO_RC_cpp_rc
</UL>

<P><STRONG><a name="[1d3]"></a>ANO_RC::ANO_RC__sub_object()</STRONG> (Thumb, 0 bytes, Stack size 8 bytes, ano_rc.o(.text), UNUSED)

<P><STRONG><a name="[76]"></a>ANO_RC::Cal_Command()</STRONG> (Thumb, 462 bytes, Stack size 40 bytes, ano_rc.o(.text))
<BR><BR>[Stack]<UL><LI>Max Depth = 56<LI>Call Chain = ANO_RC::Cal_Command() &rArr; __aeabi_fmul
</UL>
<BR>[Calls]<UL><LI><a href="#[c9]">&gt;&gt;</a>&nbsp;&nbsp;&nbsp;constrain_uint16(unsigned short, unsigned short, unsigned short)
<LI><a href="#[7f]">&gt;&gt;</a>&nbsp;&nbsp;&nbsp;__aeabi_fmul
<LI><a href="#[b9]">&gt;&gt;</a>&nbsp;&nbsp;&nbsp;__aeabi_i2f
<LI><a href="#[8b]">&gt;&gt;</a>&nbsp;&nbsp;&nbsp;__aeabi_f2iz
<LI><a href="#[86]">&gt;&gt;</a>&nbsp;&nbsp;&nbsp;__aeabi_fsub
</UL>
<BR>[Called By]<UL><LI><a href="#[75]">&gt;&gt;</a>&nbsp;&nbsp;&nbsp;ANO_Loop_50Hz()
</UL>

<P><STRONG><a name="[77]"></a>ANO_RC::check_sticks()</STRONG> (Thumb, 246 bytes, Stack size 0 bytes, ano_rc.o(.text))
<BR><BR>[Called By]<UL><LI><a href="#[75]">&gt;&gt;</a>&nbsp;&nbsp;&nbsp;ANO_Loop_50Hz()
</UL>

<P><STRONG><a name="[78]"></a>ANO_RC::CheckAUX()</STRONG> (Thumb, 114 bytes, Stack size 0 bytes, ano_rc.o(.text))
<BR><BR>[Called By]<UL><LI><a href="#[75]">&gt;&gt;</a>&nbsp;&nbsp;&nbsp;ANO_Loop_50Hz()
</UL>

<P><STRONG><a name="[ce]"></a>ANO_PID::get_d(int, float)</STRONG> (Thumb, 142 bytes, Stack size 40 bytes, ano_pid.o(.text))
<BR><BR>[Stack]<UL><LI>Max Depth = 56<LI>Call Chain = ANO_PID::get_d(int, float) &rArr; __aeabi_fmul
</UL>
<BR>[Calls]<UL><LI><a href="#[7f]">&gt;&gt;</a>&nbsp;&nbsp;&nbsp;__aeabi_fmul
<LI><a href="#[b9]">&gt;&gt;</a>&nbsp;&nbsp;&nbsp;__aeabi_i2f
<LI><a href="#[8b]">&gt;&gt;</a>&nbsp;&nbsp;&nbsp;__aeabi_f2iz
<LI><a href="#[cf]">&gt;&gt;</a>&nbsp;&nbsp;&nbsp;__aeabi_cfcmpeq
<LI><a href="#[80]">&gt;&gt;</a>&nbsp;&nbsp;&nbsp;__aeabi_fdiv
<LI><a href="#[86]">&gt;&gt;</a>&nbsp;&nbsp;&nbsp;__aeabi_fsub
<LI><a href="#[81]">&gt;&gt;</a>&nbsp;&nbsp;&nbsp;__aeabi_fadd
</UL>
<BR>[Called By]<UL><LI><a href="#[d3]">&gt;&gt;</a>&nbsp;&nbsp;&nbsp;ANO_PID::get_pid(int, float)
<LI><a href="#[7b]">&gt;&gt;</a>&nbsp;&nbsp;&nbsp;ANO_FlyControl::Altitude_Inner_Loop()
</UL>

<P><STRONG><a name="[d0]"></a>ANO_PID::get_i(int, float)</STRONG> (Thumb, 94 bytes, Stack size 32 bytes, ano_pid.o(.text))
<BR><BR>[Stack]<UL><LI>Max Depth = 72<LI>Call Chain = ANO_PID::get_i(int, float) &rArr; constrain_float(float, float, float) &rArr; __aeabi_fmul
</UL>
<BR>[Calls]<UL><LI><a href="#[d1]">&gt;&gt;</a>&nbsp;&nbsp;&nbsp;constrain_float(float, float, float)
<LI><a href="#[7f]">&gt;&gt;</a>&nbsp;&nbsp;&nbsp;__aeabi_fmul
<LI><a href="#[b9]">&gt;&gt;</a>&nbsp;&nbsp;&nbsp;__aeabi_i2f
<LI><a href="#[8b]">&gt;&gt;</a>&nbsp;&nbsp;&nbsp;__aeabi_f2iz
<LI><a href="#[cf]">&gt;&gt;</a>&nbsp;&nbsp;&nbsp;__aeabi_cfcmpeq
<LI><a href="#[81]">&gt;&gt;</a>&nbsp;&nbsp;&nbsp;__aeabi_fadd
</UL>
<BR>[Called By]<UL><LI><a href="#[d4]">&gt;&gt;</a>&nbsp;&nbsp;&nbsp;ANO_PID::get_pi(int, float)
<LI><a href="#[d3]">&gt;&gt;</a>&nbsp;&nbsp;&nbsp;ANO_PID::get_pid(int, float)
<LI><a href="#[7b]">&gt;&gt;</a>&nbsp;&nbsp;&nbsp;ANO_FlyControl::Altitude_Inner_Loop()
</UL>

<P><STRONG><a name="[d2]"></a>ANO_PID::get_p(int)</STRONG> (Thumb, 32 bytes, Stack size 24 bytes, ano_pid.o(.text))
<BR><BR>[Stack]<UL><LI>Max Depth = 40<LI>Call Chain = ANO_PID::get_p(int) &rArr; __aeabi_fmul
</UL>
<BR>[Calls]<UL><LI><a href="#[7f]">&gt;&gt;</a>&nbsp;&nbsp;&nbsp;__aeabi_fmul
<LI><a href="#[b9]">&gt;&gt;</a>&nbsp;&nbsp;&nbsp;__aeabi_i2f
<LI><a href="#[8b]">&gt;&gt;</a>&nbsp;&nbsp;&nbsp;__aeabi_f2iz
</UL>
<BR>[Called By]<UL><LI><a href="#[d4]">&gt;&gt;</a>&nbsp;&nbsp;&nbsp;ANO_PID::get_pi(int, float)
<LI><a href="#[d3]">&gt;&gt;</a>&nbsp;&nbsp;&nbsp;ANO_PID::get_pid(int, float)
<LI><a href="#[74]">&gt;&gt;</a>&nbsp;&nbsp;&nbsp;ANO_FlyControl::Attitude_Outter_Loop()
<LI><a href="#[7a]">&gt;&gt;</a>&nbsp;&nbsp;&nbsp;ANO_FlyControl::Altitude_Outter_Loop()
<LI><a href="#[7b]">&gt;&gt;</a>&nbsp;&nbsp;&nbsp;ANO_FlyControl::Altitude_Inner_Loop()
</UL>

<P><STRONG><a name="[d3]"></a>ANO_PID::get_pid(int, float)</STRONG> (Thumb, 48 bytes, Stack size 24 bytes, ano_pid.o(.text))
<BR><BR>[Stack]<UL><LI>Max Depth = 96<LI>Call Chain = ANO_PID::get_pid(int, float) &rArr; ANO_PID::get_i(int, float) &rArr; constrain_float(float, float, float) &rArr; __aeabi_fmul
</UL>
<BR>[Calls]<UL><LI><a href="#[d2]">&gt;&gt;</a>&nbsp;&nbsp;&nbsp;ANO_PID::get_p(int)
<LI><a href="#[d0]">&gt;&gt;</a>&nbsp;&nbsp;&nbsp;ANO_PID::get_i(int, float)
<LI><a href="#[ce]">&gt;&gt;</a>&nbsp;&nbsp;&nbsp;ANO_PID::get_d(int, float)
</UL>
<BR>[Called By]<UL><LI><a href="#[71]">&gt;&gt;</a>&nbsp;&nbsp;&nbsp;ANO_FlyControl::Attitude_Inner_Loop()
</UL>

<P><STRONG><a name="[d4]"></a>ANO_PID::get_pi(int, float)</STRONG> (Thumb, 36 bytes, Stack size 24 bytes, ano_pid.o(.text), UNUSED)
<BR><BR>[Calls]<UL><LI><a href="#[d2]">&gt;&gt;</a>&nbsp;&nbsp;&nbsp;ANO_PID::get_p(int)
<LI><a href="#[d0]">&gt;&gt;</a>&nbsp;&nbsp;&nbsp;ANO_PID::get_i(int, float)
</UL>

<P><STRONG><a name="[dc]"></a>ANO_PID::reset_I()</STRONG> (Thumb, 6 bytes, Stack size 0 bytes, ano_pid.o(.text))
<BR><BR>[Called By]<UL><LI><a href="#[71]">&gt;&gt;</a>&nbsp;&nbsp;&nbsp;ANO_FlyControl::Attitude_Inner_Loop()
</UL>

<P><STRONG><a name="[b7]"></a>ANO_FlyControl::PID_Reset()</STRONG> (Thumb, 138 bytes, Stack size 16 bytes, ano_flycontrol.o(.text))
<BR><BR>[Stack]<UL><LI>Max Depth = 24<LI>Call Chain = ANO_FlyControl::PID_Reset() &rArr; ANO_PID::set_pid(float, float, float, float)
</UL>
<BR>[Calls]<UL><LI><a href="#[d5]">&gt;&gt;</a>&nbsp;&nbsp;&nbsp;ANO_PID::set_pid(float, float, float, float)
</UL>
<BR>[Called By]<UL><LI><a href="#[d6]">&gt;&gt;</a>&nbsp;&nbsp;&nbsp;ANO_FlyControl::ANO_FlyControl()
<LI><a href="#[b6]">&gt;&gt;</a>&nbsp;&nbsp;&nbsp;ANO_DT::Data_Receive_Anl(unsigned char*, unsigned char)
</UL>

<P><STRONG><a name="[d6]"></a>ANO_FlyControl::ANO_FlyControl()</STRONG> (Thumb, 76 bytes, Stack size 8 bytes, ano_flycontrol.o(.text))
<BR><BR>[Stack]<UL><LI>Max Depth = 32<LI>Call Chain = ANO_FlyControl::ANO_FlyControl() &rArr; ANO_FlyControl::PID_Reset() &rArr; ANO_PID::set_pid(float, float, float, float)
</UL>
<BR>[Calls]<UL><LI><a href="#[b7]">&gt;&gt;</a>&nbsp;&nbsp;&nbsp;ANO_FlyControl::PID_Reset()
<LI><a href="#[8f]">&gt;&gt;</a>&nbsp;&nbsp;&nbsp;Vector3&lang;float&rang;::Vector3()
<LI><a href="#[d7]">&gt;&gt;</a>&nbsp;&nbsp;&nbsp;__aeabi_vec_ctor_nocookie_nodtor
</UL>
<BR>[Called By]<UL><LI><a href="#[4a]">&gt;&gt;</a>&nbsp;&nbsp;&nbsp;__sti___18_ANO_FlyControl_cpp_fc
</UL>

<P><STRONG><a name="[1d4]"></a>ANO_FlyControl::ANO_FlyControl__sub_object()</STRONG> (Thumb, 0 bytes, Stack size 8 bytes, ano_flycontrol.o(.text), UNUSED)

<P><STRONG><a name="[74]"></a>ANO_FlyControl::Attitude_Outter_Loop()</STRONG> (Thumb, 278 bytes, Stack size 56 bytes, ano_flycontrol.o(.text))
<BR><BR>[Stack]<UL><LI>Max Depth = 104<LI>Call Chain = ANO_FlyControl::Attitude_Outter_Loop() &rArr; Vector3&lang;float&rang;::operator /(float) const &rArr; __aeabi_fdiv
</UL>
<BR>[Calls]<UL><LI><a href="#[da]">&gt;&gt;</a>&nbsp;&nbsp;&nbsp;Vector3&lang;float&rang;::operator /(float) const
<LI><a href="#[d8]">&gt;&gt;</a>&nbsp;&nbsp;&nbsp;constrain_int32(int, int, int)
<LI><a href="#[d9]">&gt;&gt;</a>&nbsp;&nbsp;&nbsp;applyDeadband(int, int)
<LI><a href="#[d2]">&gt;&gt;</a>&nbsp;&nbsp;&nbsp;ANO_PID::get_p(int)
<LI><a href="#[8f]">&gt;&gt;</a>&nbsp;&nbsp;&nbsp;Vector3&lang;float&rang;::Vector3()
<LI><a href="#[7f]">&gt;&gt;</a>&nbsp;&nbsp;&nbsp;__aeabi_fmul
<LI><a href="#[b9]">&gt;&gt;</a>&nbsp;&nbsp;&nbsp;__aeabi_i2f
<LI><a href="#[8b]">&gt;&gt;</a>&nbsp;&nbsp;&nbsp;__aeabi_f2iz
<LI><a href="#[86]">&gt;&gt;</a>&nbsp;&nbsp;&nbsp;__aeabi_fsub
</UL>
<BR>[Called By]<UL><LI><a href="#[73]">&gt;&gt;</a>&nbsp;&nbsp;&nbsp;ANO_Loop_200Hz()
</UL>

<P><STRONG><a name="[71]"></a>ANO_FlyControl::Attitude_Inner_Loop()</STRONG> (Thumb, 354 bytes, Stack size 48 bytes, ano_flycontrol.o(.text))
<BR><BR>[Stack]<UL><LI>Max Depth = 176<LI>Call Chain = ANO_FlyControl::Attitude_Inner_Loop() &rArr; ANO_Motor::writeMotor(unsigned short, int, int, int) &rArr; __aeabi_dmul
</UL>
<BR>[Calls]<UL><LI><a href="#[d8]">&gt;&gt;</a>&nbsp;&nbsp;&nbsp;constrain_int32(int, int, int)
<LI><a href="#[d1]">&gt;&gt;</a>&nbsp;&nbsp;&nbsp;constrain_float(float, float, float)
<LI><a href="#[dc]">&gt;&gt;</a>&nbsp;&nbsp;&nbsp;ANO_PID::reset_I()
<LI><a href="#[d3]">&gt;&gt;</a>&nbsp;&nbsp;&nbsp;ANO_PID::get_pid(int, float)
<LI><a href="#[c4]">&gt;&gt;</a>&nbsp;&nbsp;&nbsp;ANO_Motor::writeMotor(unsigned short, int, int, int)
<LI><a href="#[a9]">&gt;&gt;</a>&nbsp;&nbsp;&nbsp;radians(float)
<LI><a href="#[dd]">&gt;&gt;</a>&nbsp;&nbsp;&nbsp;cosf
<LI><a href="#[db]">&gt;&gt;</a>&nbsp;&nbsp;&nbsp;__aeabi_cfrcmple
<LI><a href="#[b9]">&gt;&gt;</a>&nbsp;&nbsp;&nbsp;__aeabi_i2f
<LI><a href="#[8b]">&gt;&gt;</a>&nbsp;&nbsp;&nbsp;__aeabi_f2iz
<LI><a href="#[80]">&gt;&gt;</a>&nbsp;&nbsp;&nbsp;__aeabi_fdiv
<LI><a href="#[81]">&gt;&gt;</a>&nbsp;&nbsp;&nbsp;__aeabi_fadd
</UL>
<BR>[Called By]<UL><LI><a href="#[6e]">&gt;&gt;</a>&nbsp;&nbsp;&nbsp;ANO_Loop_500Hz()
</UL>

<P><STRONG><a name="[de]"></a>ANO_FlyControl::AltHoldReset()</STRONG> (Thumb, 10 bytes, Stack size 0 bytes, ano_flycontrol.o(.text))
<BR><BR>[Called By]<UL><LI><a href="#[7a]">&gt;&gt;</a>&nbsp;&nbsp;&nbsp;ANO_FlyControl::Altitude_Outter_Loop()
</UL>

<P><STRONG><a name="[7a]"></a>ANO_FlyControl::Altitude_Outter_Loop()</STRONG> (Thumb, 282 bytes, Stack size 32 bytes, ano_flycontrol.o(.text))
<BR><BR>[Stack]<UL><LI>Max Depth = 72<LI>Call Chain = ANO_FlyControl::Altitude_Outter_Loop() &rArr; ANO_PID::get_p(int) &rArr; __aeabi_fmul
</UL>
<BR>[Calls]<UL><LI><a href="#[d8]">&gt;&gt;</a>&nbsp;&nbsp;&nbsp;constrain_int32(int, int, int)
<LI><a href="#[d9]">&gt;&gt;</a>&nbsp;&nbsp;&nbsp;applyDeadband(int, int)
<LI><a href="#[de]">&gt;&gt;</a>&nbsp;&nbsp;&nbsp;ANO_FlyControl::AltHoldReset()
<LI><a href="#[d2]">&gt;&gt;</a>&nbsp;&nbsp;&nbsp;ANO_PID::get_p(int)
<LI><a href="#[b9]">&gt;&gt;</a>&nbsp;&nbsp;&nbsp;__aeabi_i2f
<LI><a href="#[8b]">&gt;&gt;</a>&nbsp;&nbsp;&nbsp;__aeabi_f2iz
<LI><a href="#[86]">&gt;&gt;</a>&nbsp;&nbsp;&nbsp;__aeabi_fsub
</UL>
<BR>[Called By]<UL><LI><a href="#[75]">&gt;&gt;</a>&nbsp;&nbsp;&nbsp;ANO_Loop_50Hz()
</UL>

<P><STRONG><a name="[7b]"></a>ANO_FlyControl::Altitude_Inner_Loop()</STRONG> (Thumb, 430 bytes, Stack size 48 bytes, ano_flycontrol.o(.text))
<BR><BR>[Stack]<UL><LI>Max Depth = 128<LI>Call Chain = ANO_FlyControl::Altitude_Inner_Loop() &rArr; cosf &rArr; __mathlib_rredf2 &rArr; __aeabi_fmul
</UL>
<BR>[Calls]<UL><LI><a href="#[d8]">&gt;&gt;</a>&nbsp;&nbsp;&nbsp;constrain_int32(int, int, int)
<LI><a href="#[d1]">&gt;&gt;</a>&nbsp;&nbsp;&nbsp;constrain_float(float, float, float)
<LI><a href="#[d2]">&gt;&gt;</a>&nbsp;&nbsp;&nbsp;ANO_PID::get_p(int)
<LI><a href="#[d0]">&gt;&gt;</a>&nbsp;&nbsp;&nbsp;ANO_PID::get_i(int, float)
<LI><a href="#[ce]">&gt;&gt;</a>&nbsp;&nbsp;&nbsp;ANO_PID::get_d(int, float)
<LI><a href="#[a9]">&gt;&gt;</a>&nbsp;&nbsp;&nbsp;radians(float)
<LI><a href="#[a6]">&gt;&gt;</a>&nbsp;&nbsp;&nbsp;GetSysTime_us()
<LI><a href="#[dd]">&gt;&gt;</a>&nbsp;&nbsp;&nbsp;cosf
<LI><a href="#[db]">&gt;&gt;</a>&nbsp;&nbsp;&nbsp;__aeabi_cfrcmple
<LI><a href="#[b9]">&gt;&gt;</a>&nbsp;&nbsp;&nbsp;__aeabi_i2f
<LI><a href="#[8b]">&gt;&gt;</a>&nbsp;&nbsp;&nbsp;__aeabi_f2iz
<LI><a href="#[80]">&gt;&gt;</a>&nbsp;&nbsp;&nbsp;__aeabi_fdiv
<LI><a href="#[86]">&gt;&gt;</a>&nbsp;&nbsp;&nbsp;__aeabi_fsub
<LI><a href="#[81]">&gt;&gt;</a>&nbsp;&nbsp;&nbsp;__aeabi_fadd
<LI><a href="#[a2]">&gt;&gt;</a>&nbsp;&nbsp;&nbsp;__aeabi_dmul
<LI><a href="#[a1]">&gt;&gt;</a>&nbsp;&nbsp;&nbsp;__aeabi_ui2d
<LI><a href="#[a3]">&gt;&gt;</a>&nbsp;&nbsp;&nbsp;__aeabi_d2f
</UL>
<BR>[Called By]<UL><LI><a href="#[75]">&gt;&gt;</a>&nbsp;&nbsp;&nbsp;ANO_Loop_50Hz()
</UL>

<P><STRONG><a name="[df]"></a>ANO_Param::SAVE_FirstInitFlag()</STRONG> (Thumb, 18 bytes, Stack size 8 bytes, ano_param.o(.text))
<BR><BR>[Stack]<UL><LI>Max Depth = 108<LI>Call Chain = ANO_Param::SAVE_FirstInitFlag() &rArr; EE_WriteVariable(unsigned short, unsigned short) &rArr; EE_PageTransfer(unsigned short, unsigned short) &rArr; EE_VerifyPageFullWriteVariable(unsigned short, unsigned short) &rArr; FLASH_ProgramHalfWord &rArr; FLASH_WaitForLastOperation
</UL>
<BR>[Calls]<UL><LI><a href="#[e0]">&gt;&gt;</a>&nbsp;&nbsp;&nbsp;EE_WriteVariable(unsigned short, unsigned short)
</UL>
<BR>[Called By]<UL><LI><a href="#[61]">&gt;&gt;</a>&nbsp;&nbsp;&nbsp;ANO_Param::Init()
</UL>

<P><STRONG><a name="[e1]"></a>ANO_Param::READ_GYRO_OFFSET()</STRONG> (Thumb, 68 bytes, Stack size 16 bytes, ano_param.o(.text))
<BR><BR>[Stack]<UL><LI>Max Depth = 48<LI>Call Chain = ANO_Param::READ_GYRO_OFFSET() &rArr; EE_ReadVariable(unsigned short, unsigned short*)
</UL>
<BR>[Calls]<UL><LI><a href="#[e2]">&gt;&gt;</a>&nbsp;&nbsp;&nbsp;EE_ReadVariable(unsigned short, unsigned short*)
</UL>
<BR>[Called By]<UL><LI><a href="#[e6]">&gt;&gt;</a>&nbsp;&nbsp;&nbsp;ANO_Param::READ_CONF()
</UL>

<P><STRONG><a name="[e3]"></a>ANO_Param::READ_ACC_OFFSET()</STRONG> (Thumb, 68 bytes, Stack size 16 bytes, ano_param.o(.text))
<BR><BR>[Stack]<UL><LI>Max Depth = 48<LI>Call Chain = ANO_Param::READ_ACC_OFFSET() &rArr; EE_ReadVariable(unsigned short, unsigned short*)
</UL>
<BR>[Calls]<UL><LI><a href="#[e2]">&gt;&gt;</a>&nbsp;&nbsp;&nbsp;EE_ReadVariable(unsigned short, unsigned short*)
</UL>
<BR>[Called By]<UL><LI><a href="#[e6]">&gt;&gt;</a>&nbsp;&nbsp;&nbsp;ANO_Param::READ_CONF()
</UL>

<P><STRONG><a name="[e4]"></a>ANO_Param::READ_PID()</STRONG> (Thumb, 552 bytes, Stack size 16 bytes, ano_param.o(.text))
<BR><BR>[Stack]<UL><LI>Max Depth = 48<LI>Call Chain = ANO_Param::READ_PID() &rArr; EE_ReadVariable(unsigned short, unsigned short*)
</UL>
<BR>[Calls]<UL><LI><a href="#[e2]">&gt;&gt;</a>&nbsp;&nbsp;&nbsp;EE_ReadVariable(unsigned short, unsigned short*)
<LI><a href="#[e5]">&gt;&gt;</a>&nbsp;&nbsp;&nbsp;__aeabi_ui2f
<LI><a href="#[80]">&gt;&gt;</a>&nbsp;&nbsp;&nbsp;__aeabi_fdiv
</UL>
<BR>[Called By]<UL><LI><a href="#[e6]">&gt;&gt;</a>&nbsp;&nbsp;&nbsp;ANO_Param::READ_CONF()
</UL>

<P><STRONG><a name="[e6]"></a>ANO_Param::READ_CONF()</STRONG> (Thumb, 24 bytes, Stack size 8 bytes, ano_param.o(.text))
<BR><BR>[Stack]<UL><LI>Max Depth = 56<LI>Call Chain = ANO_Param::READ_CONF() &rArr; ANO_Param::READ_PID() &rArr; EE_ReadVariable(unsigned short, unsigned short*)
</UL>
<BR>[Calls]<UL><LI><a href="#[e4]">&gt;&gt;</a>&nbsp;&nbsp;&nbsp;ANO_Param::READ_PID()
<LI><a href="#[e3]">&gt;&gt;</a>&nbsp;&nbsp;&nbsp;ANO_Param::READ_ACC_OFFSET()
<LI><a href="#[e1]">&gt;&gt;</a>&nbsp;&nbsp;&nbsp;ANO_Param::READ_GYRO_OFFSET()
</UL>
<BR>[Called By]<UL><LI><a href="#[61]">&gt;&gt;</a>&nbsp;&nbsp;&nbsp;ANO_Param::Init()
</UL>

<P><STRONG><a name="[b8]"></a>ANO_Param::SAVE_PID()</STRONG> (Thumb, 542 bytes, Stack size 16 bytes, ano_param.o(.text))
<BR><BR>[Stack]<UL><LI>Max Depth = 116<LI>Call Chain = ANO_Param::SAVE_PID() &rArr; EE_WriteVariable(unsigned short, unsigned short) &rArr; EE_PageTransfer(unsigned short, unsigned short) &rArr; EE_VerifyPageFullWriteVariable(unsigned short, unsigned short) &rArr; FLASH_ProgramHalfWord &rArr; FLASH_WaitForLastOperation
</UL>
<BR>[Calls]<UL><LI><a href="#[e0]">&gt;&gt;</a>&nbsp;&nbsp;&nbsp;EE_WriteVariable(unsigned short, unsigned short)
<LI><a href="#[7f]">&gt;&gt;</a>&nbsp;&nbsp;&nbsp;__aeabi_fmul
<LI><a href="#[e7]">&gt;&gt;</a>&nbsp;&nbsp;&nbsp;__aeabi_f2uiz
</UL>
<BR>[Called By]<UL><LI><a href="#[b6]">&gt;&gt;</a>&nbsp;&nbsp;&nbsp;ANO_DT::Data_Receive_Anl(unsigned char*, unsigned char)
<LI><a href="#[61]">&gt;&gt;</a>&nbsp;&nbsp;&nbsp;ANO_Param::Init()
</UL>

<P><STRONG><a name="[e8]"></a>ANO_Param::READ_FirstInitFlag()</STRONG> (Thumb, 20 bytes, Stack size 16 bytes, ano_param.o(.text))
<BR><BR>[Stack]<UL><LI>Max Depth = 48<LI>Call Chain = ANO_Param::READ_FirstInitFlag() &rArr; EE_ReadVariable(unsigned short, unsigned short*)
</UL>
<BR>[Calls]<UL><LI><a href="#[e2]">&gt;&gt;</a>&nbsp;&nbsp;&nbsp;EE_ReadVariable(unsigned short, unsigned short*)
</UL>
<BR>[Called By]<UL><LI><a href="#[61]">&gt;&gt;</a>&nbsp;&nbsp;&nbsp;ANO_Param::Init()
</UL>

<P><STRONG><a name="[61]"></a>ANO_Param::Init()</STRONG> (Thumb, 38 bytes, Stack size 8 bytes, ano_param.o(.text))
<BR><BR>[Stack]<UL><LI>Max Depth = 124<LI>Call Chain = ANO_Param::Init() &rArr; ANO_Param::SAVE_PID() &rArr; EE_WriteVariable(unsigned short, unsigned short) &rArr; EE_PageTransfer(unsigned short, unsigned short) &rArr; EE_VerifyPageFullWriteVariable(unsigned short, unsigned short) &rArr; FLASH_ProgramHalfWord &rArr; FLASH_WaitForLastOperation
</UL>
<BR>[Calls]<UL><LI><a href="#[e8]">&gt;&gt;</a>&nbsp;&nbsp;&nbsp;ANO_Param::READ_FirstInitFlag()
<LI><a href="#[e6]">&gt;&gt;</a>&nbsp;&nbsp;&nbsp;ANO_Param::READ_CONF()
<LI><a href="#[df]">&gt;&gt;</a>&nbsp;&nbsp;&nbsp;ANO_Param::SAVE_FirstInitFlag()
<LI><a href="#[b8]">&gt;&gt;</a>&nbsp;&nbsp;&nbsp;ANO_Param::SAVE_PID()
</UL>
<BR>[Called By]<UL><LI><a href="#[5a]">&gt;&gt;</a>&nbsp;&nbsp;&nbsp;main
</UL>

<P><STRONG><a name="[e9]"></a>ANO_Param::SAVE_ACC_OFFSET()</STRONG> (Thumb, 48 bytes, Stack size 8 bytes, ano_param.o(.text))
<BR><BR>[Stack]<UL><LI>Max Depth = 108<LI>Call Chain = ANO_Param::SAVE_ACC_OFFSET() &rArr; EE_WriteVariable(unsigned short, unsigned short) &rArr; EE_PageTransfer(unsigned short, unsigned short) &rArr; EE_VerifyPageFullWriteVariable(unsigned short, unsigned short) &rArr; FLASH_ProgramHalfWord &rArr; FLASH_WaitForLastOperation
</UL>
<BR>[Calls]<UL><LI><a href="#[e0]">&gt;&gt;</a>&nbsp;&nbsp;&nbsp;EE_WriteVariable(unsigned short, unsigned short)
</UL>
<BR>[Called By]<UL><LI><a href="#[125]">&gt;&gt;</a>&nbsp;&nbsp;&nbsp;ANO_MPU6050::CalOffset_Acc()
</UL>

<P><STRONG><a name="[ea]"></a>ANO_Param::SAVE_GYRO_OFFSET()</STRONG> (Thumb, 48 bytes, Stack size 8 bytes, ano_param.o(.text))
<BR><BR>[Stack]<UL><LI>Max Depth = 108<LI>Call Chain = ANO_Param::SAVE_GYRO_OFFSET() &rArr; EE_WriteVariable(unsigned short, unsigned short) &rArr; EE_PageTransfer(unsigned short, unsigned short) &rArr; EE_VerifyPageFullWriteVariable(unsigned short, unsigned short) &rArr; FLASH_ProgramHalfWord &rArr; FLASH_WaitForLastOperation
</UL>
<BR>[Calls]<UL><LI><a href="#[e0]">&gt;&gt;</a>&nbsp;&nbsp;&nbsp;EE_WriteVariable(unsigned short, unsigned short)
</UL>
<BR>[Called By]<UL><LI><a href="#[127]">&gt;&gt;</a>&nbsp;&nbsp;&nbsp;ANO_MPU6050::CalOffset_Gyro()
</UL>

<P><STRONG><a name="[eb]"></a>ANO_Navgation::ANO_Navgation()</STRONG> (Thumb, 86 bytes, Stack size 8 bytes, ano_navgation.o(.text))
<BR><BR>[Stack]<UL><LI>Max Depth = 16<LI>Call Chain = ANO_Navgation::ANO_Navgation() &rArr; ANO_Filter::LPF2ndData_t::LPF2ndData_t()
</UL>
<BR>[Calls]<UL><LI><a href="#[8f]">&gt;&gt;</a>&nbsp;&nbsp;&nbsp;Vector3&lang;float&rang;::Vector3()
<LI><a href="#[90]">&gt;&gt;</a>&nbsp;&nbsp;&nbsp;ANO_Filter::LPF2ndData_t::LPF2ndData_t()
</UL>
<BR>[Called By]<UL><LI><a href="#[4b]">&gt;&gt;</a>&nbsp;&nbsp;&nbsp;__sti___17_ANO_Navgation_cpp_nav
</UL>

<P><STRONG><a name="[1d5]"></a>ANO_Navgation::ANO_Navgation__sub_object()</STRONG> (Thumb, 0 bytes, Stack size 8 bytes, ano_navgation.o(.text), UNUSED)

<P><STRONG><a name="[ec]"></a>ANO_Navgation::sensor_Init()</STRONG> (Thumb, 12 bytes, Stack size 8 bytes, ano_navgation.o(.text))
<BR><BR>[Stack]<UL><LI>Max Depth = 76<LI>Call Chain = ANO_Navgation::sensor_Init() &rArr; ANO_MS5611::Init() &rArr; ANO_MS5611::Read_Prom() &rArr; ANO_I2C_Soft::I2C_Mult_Read(unsigned char, unsigned char, unsigned char*, unsigned char) &rArr; ANO_I2C_Soft::I2C_ReadByte()
</UL>
<BR>[Calls]<UL><LI><a href="#[ed]">&gt;&gt;</a>&nbsp;&nbsp;&nbsp;ANO_MS5611::Init()
</UL>
<BR>[Called By]<UL><LI><a href="#[63]">&gt;&gt;</a>&nbsp;&nbsp;&nbsp;ANO_Navgation::Init()
</UL>

<P><STRONG><a name="[ee]"></a>ANO_Navgation::filter_Init()</STRONG> (Thumb, 34 bytes, Stack size 8 bytes, ano_navgation.o(.text))
<BR><BR>[Stack]<UL><LI>Max Depth = 64<LI>Call Chain = ANO_Navgation::filter_Init() &rArr; ANO_Filter::LPF_2nd_Factor_Cal(float, float, ANO_Filter::LPF2ndData_t*) &rArr; __aeabi_fmul
</UL>
<BR>[Calls]<UL><LI><a href="#[82]">&gt;&gt;</a>&nbsp;&nbsp;&nbsp;ANO_Filter::LPF_2nd_Factor_Cal(float, float, ANO_Filter::LPF2ndData_t*)
</UL>
<BR>[Called By]<UL><LI><a href="#[63]">&gt;&gt;</a>&nbsp;&nbsp;&nbsp;ANO_Navgation::Init()
</UL>

<P><STRONG><a name="[63]"></a>ANO_Navgation::Init()</STRONG> (Thumb, 18 bytes, Stack size 8 bytes, ano_navgation.o(.text))
<BR><BR>[Stack]<UL><LI>Max Depth = 84<LI>Call Chain = ANO_Navgation::Init() &rArr; ANO_Navgation::sensor_Init() &rArr; ANO_MS5611::Init() &rArr; ANO_MS5611::Read_Prom() &rArr; ANO_I2C_Soft::I2C_Mult_Read(unsigned char, unsigned char, unsigned char*, unsigned char) &rArr; ANO_I2C_Soft::I2C_ReadByte()
</UL>
<BR>[Calls]<UL><LI><a href="#[ee]">&gt;&gt;</a>&nbsp;&nbsp;&nbsp;ANO_Navgation::filter_Init()
<LI><a href="#[ec]">&gt;&gt;</a>&nbsp;&nbsp;&nbsp;ANO_Navgation::sensor_Init()
</UL>
<BR>[Called By]<UL><LI><a href="#[5a]">&gt;&gt;</a>&nbsp;&nbsp;&nbsp;main
</UL>

<P><STRONG><a name="[72]"></a>ANO_Navgation::update()</STRONG> (Thumb, 700 bytes, Stack size 64 bytes, ano_navgation.o(.text))
<BR><BR>[Stack]<UL><LI>Max Depth = 264<LI>Call Chain = ANO_Navgation::update() &rArr; ANO_IMU::Get_Accel_Ef() &rArr; Matrix3&lang;float&rang;::from_euler(const Vector3&lang;float&rang;&) &rArr; sinf &rArr; __mathlib_rredf2 &rArr; __aeabi_fmul
</UL>
<BR>[Calls]<UL><LI><a href="#[d8]">&gt;&gt;</a>&nbsp;&nbsp;&nbsp;constrain_int32(int, int, int)
<LI><a href="#[d9]">&gt;&gt;</a>&nbsp;&nbsp;&nbsp;applyDeadband(int, int)
<LI><a href="#[a6]">&gt;&gt;</a>&nbsp;&nbsp;&nbsp;GetSysTime_us()
<LI><a href="#[a8]">&gt;&gt;</a>&nbsp;&nbsp;&nbsp;ANO_IMU::Get_Accel_Ef()
<LI><a href="#[8c]">&gt;&gt;</a>&nbsp;&nbsp;&nbsp;ANO_Filter::Ultra_LPF_2nd(ANO_Filter::LPF2ndData_t*, float)
<LI><a href="#[8a]">&gt;&gt;</a>&nbsp;&nbsp;&nbsp;ANO_Filter::Baro_LPF_2nd(ANO_Filter::LPF2ndData_t*, float)
<LI><a href="#[ef]">&gt;&gt;</a>&nbsp;&nbsp;&nbsp;ANO_UART3::Put_Char(unsigned char)
<LI><a href="#[f0]">&gt;&gt;</a>&nbsp;&nbsp;&nbsp;ANO_MS5611::Update()
<LI><a href="#[f1]">&gt;&gt;</a>&nbsp;&nbsp;&nbsp;ANO_MS5611::Get_BaroAlt()
<LI><a href="#[7f]">&gt;&gt;</a>&nbsp;&nbsp;&nbsp;__aeabi_fmul
<LI><a href="#[e5]">&gt;&gt;</a>&nbsp;&nbsp;&nbsp;__aeabi_ui2f
<LI><a href="#[b9]">&gt;&gt;</a>&nbsp;&nbsp;&nbsp;__aeabi_i2f
<LI><a href="#[8b]">&gt;&gt;</a>&nbsp;&nbsp;&nbsp;__aeabi_f2iz
<LI><a href="#[80]">&gt;&gt;</a>&nbsp;&nbsp;&nbsp;__aeabi_fdiv
<LI><a href="#[86]">&gt;&gt;</a>&nbsp;&nbsp;&nbsp;__aeabi_fsub
<LI><a href="#[81]">&gt;&gt;</a>&nbsp;&nbsp;&nbsp;__aeabi_fadd
<LI><a href="#[f2]">&gt;&gt;</a>&nbsp;&nbsp;&nbsp;__aeabi_f2d
<LI><a href="#[a2]">&gt;&gt;</a>&nbsp;&nbsp;&nbsp;__aeabi_dmul
<LI><a href="#[a1]">&gt;&gt;</a>&nbsp;&nbsp;&nbsp;__aeabi_ui2d
<LI><a href="#[c5]">&gt;&gt;</a>&nbsp;&nbsp;&nbsp;__aeabi_i2d
<LI><a href="#[c7]">&gt;&gt;</a>&nbsp;&nbsp;&nbsp;__aeabi_dadd
<LI><a href="#[a3]">&gt;&gt;</a>&nbsp;&nbsp;&nbsp;__aeabi_d2f
</UL>
<BR>[Called By]<UL><LI><a href="#[6e]">&gt;&gt;</a>&nbsp;&nbsp;&nbsp;ANO_Loop_500Hz()
</UL>

<P><STRONG><a name="[f3]"></a>ANO_Navgation::Reset()</STRONG> (Thumb, 48 bytes, Stack size 8 bytes, ano_navgation.o(.text), UNUSED)
<BR><BR>[Calls]<UL><LI><a href="#[f4]">&gt;&gt;</a>&nbsp;&nbsp;&nbsp;Vector3&lang;float&rang;::operator ()(float, float, float)
</UL>

<P><STRONG><a name="[f5]"></a>safe_asin(float)</STRONG> (Thumb, 54 bytes, Stack size 8 bytes, ano_math.o(.text), UNUSED)
<BR><BR>[Calls]<UL><LI><a href="#[f6]">&gt;&gt;</a>&nbsp;&nbsp;&nbsp;__ARM_isnanf
<LI><a href="#[f8]">&gt;&gt;</a>&nbsp;&nbsp;&nbsp;asinf
<LI><a href="#[db]">&gt;&gt;</a>&nbsp;&nbsp;&nbsp;__aeabi_cfrcmple
<LI><a href="#[f7]">&gt;&gt;</a>&nbsp;&nbsp;&nbsp;__aeabi_cfcmple
</UL>
<BR>[Called By]<UL><LI><a href="#[b2]">&gt;&gt;</a>&nbsp;&nbsp;&nbsp;Quaternion::to_euler(float*, float*, float*)
</UL>

<P><STRONG><a name="[d1]"></a>constrain_float(float, float, float)</STRONG> (Thumb, 72 bytes, Stack size 24 bytes, ano_math.o(.text))
<BR><BR>[Stack]<UL><LI>Max Depth = 40<LI>Call Chain = constrain_float(float, float, float) &rArr; __aeabi_fmul
</UL>
<BR>[Calls]<UL><LI><a href="#[f6]">&gt;&gt;</a>&nbsp;&nbsp;&nbsp;__ARM_isnanf
<LI><a href="#[db]">&gt;&gt;</a>&nbsp;&nbsp;&nbsp;__aeabi_cfrcmple
<LI><a href="#[7f]">&gt;&gt;</a>&nbsp;&nbsp;&nbsp;__aeabi_fmul
<LI><a href="#[f7]">&gt;&gt;</a>&nbsp;&nbsp;&nbsp;__aeabi_cfcmple
<LI><a href="#[81]">&gt;&gt;</a>&nbsp;&nbsp;&nbsp;__aeabi_fadd
</UL>
<BR>[Called By]<UL><LI><a href="#[d0]">&gt;&gt;</a>&nbsp;&nbsp;&nbsp;ANO_PID::get_i(int, float)
<LI><a href="#[71]">&gt;&gt;</a>&nbsp;&nbsp;&nbsp;ANO_FlyControl::Attitude_Inner_Loop()
<LI><a href="#[7b]">&gt;&gt;</a>&nbsp;&nbsp;&nbsp;ANO_FlyControl::Altitude_Inner_Loop()
</UL>

<P><STRONG><a name="[1d6]"></a>constrain_int16(short, short, short)</STRONG> (Thumb, 22 bytes, Stack size 0 bytes, ano_math.o(.text), UNUSED)

<P><STRONG><a name="[c9]"></a>constrain_uint16(unsigned short, unsigned short, unsigned short)</STRONG> (Thumb, 22 bytes, Stack size 0 bytes, ano_math.o(.text))
<BR><BR>[Called By]<UL><LI><a href="#[c4]">&gt;&gt;</a>&nbsp;&nbsp;&nbsp;ANO_Motor::writeMotor(unsigned short, int, int, int)
<LI><a href="#[76]">&gt;&gt;</a>&nbsp;&nbsp;&nbsp;ANO_RC::Cal_Command()
</UL>

<P><STRONG><a name="[d8]"></a>constrain_int32(int, int, int)</STRONG> (Thumb, 22 bytes, Stack size 0 bytes, ano_math.o(.text))
<BR><BR>[Called By]<UL><LI><a href="#[74]">&gt;&gt;</a>&nbsp;&nbsp;&nbsp;ANO_FlyControl::Attitude_Outter_Loop()
<LI><a href="#[7a]">&gt;&gt;</a>&nbsp;&nbsp;&nbsp;ANO_FlyControl::Altitude_Outter_Loop()
<LI><a href="#[71]">&gt;&gt;</a>&nbsp;&nbsp;&nbsp;ANO_FlyControl::Attitude_Inner_Loop()
<LI><a href="#[7b]">&gt;&gt;</a>&nbsp;&nbsp;&nbsp;ANO_FlyControl::Altitude_Inner_Loop()
<LI><a href="#[72]">&gt;&gt;</a>&nbsp;&nbsp;&nbsp;ANO_Navgation::update()
</UL>

<P><STRONG><a name="[d9]"></a>applyDeadband(int, int)</STRONG> (Thumb, 34 bytes, Stack size 0 bytes, ano_math.o(.text))
<BR><BR>[Called By]<UL><LI><a href="#[74]">&gt;&gt;</a>&nbsp;&nbsp;&nbsp;ANO_FlyControl::Attitude_Outter_Loop()
<LI><a href="#[7a]">&gt;&gt;</a>&nbsp;&nbsp;&nbsp;ANO_FlyControl::Altitude_Outter_Loop()
<LI><a href="#[72]">&gt;&gt;</a>&nbsp;&nbsp;&nbsp;ANO_Navgation::update()
</UL>

<P><STRONG><a name="[a9]"></a>radians(float)</STRONG> (Thumb, 14 bytes, Stack size 8 bytes, ano_math.o(.text))
<BR><BR>[Stack]<UL><LI>Max Depth = 24<LI>Call Chain = radians(float) &rArr; __aeabi_fmul
</UL>
<BR>[Calls]<UL><LI><a href="#[7f]">&gt;&gt;</a>&nbsp;&nbsp;&nbsp;__aeabi_fmul
</UL>
<BR>[Called By]<UL><LI><a href="#[a7]">&gt;&gt;</a>&nbsp;&nbsp;&nbsp;ANO_MPU6050::Get_Gyro_in_dps(Vector3&lang;float&rang;)
<LI><a href="#[a8]">&gt;&gt;</a>&nbsp;&nbsp;&nbsp;ANO_IMU::Get_Accel_Ef()
<LI><a href="#[71]">&gt;&gt;</a>&nbsp;&nbsp;&nbsp;ANO_FlyControl::Attitude_Inner_Loop()
<LI><a href="#[7b]">&gt;&gt;</a>&nbsp;&nbsp;&nbsp;ANO_FlyControl::Altitude_Inner_Loop()
</UL>

<P><STRONG><a name="[f9]"></a>degrees(float)</STRONG> (Thumb, 14 bytes, Stack size 8 bytes, ano_math.o(.text))
<BR><BR>[Stack]<UL><LI>Max Depth = 24<LI>Call Chain = degrees(float) &rArr; __aeabi_fmul
</UL>
<BR>[Calls]<UL><LI><a href="#[7f]">&gt;&gt;</a>&nbsp;&nbsp;&nbsp;__aeabi_fmul
</UL>
<BR>[Called By]<UL><LI><a href="#[9f]">&gt;&gt;</a>&nbsp;&nbsp;&nbsp;Vector3&lang;float&rang;::get_yaw(Vector3&lang;float&rang;&)
<LI><a href="#[9e]">&gt;&gt;</a>&nbsp;&nbsp;&nbsp;Vector3&lang;float&rang;::get_rollpitch(Vector3&lang;float&rang;&)
<LI><a href="#[b2]">&gt;&gt;</a>&nbsp;&nbsp;&nbsp;Quaternion::to_euler(float*, float*, float*)
</UL>

<P><STRONG><a name="[fa]"></a>sq(float)</STRONG> (Thumb, 14 bytes, Stack size 8 bytes, ano_math.o(.text), UNUSED)
<BR><BR>[Calls]<UL><LI><a href="#[7f]">&gt;&gt;</a>&nbsp;&nbsp;&nbsp;__aeabi_fmul
</UL>
<BR>[Called By]<UL><LI><a href="#[fe]">&gt;&gt;</a>&nbsp;&nbsp;&nbsp;pythagorous4(float, float, float, float)
[...]
<BR><BR>[Called By]<UL><LI><a href="#[1a8]">&gt;&gt;</a>&nbsp;&nbsp;&nbsp;_fmul
<LI><a href="#[1a2]">&gt;&gt;</a>&nbsp;&nbsp;&nbsp;_fdiv
<LI><a href="#[19e]">&gt;&gt;</a>&nbsp;&nbsp;&nbsp;_fadd
<LI><a href="#[192]">&gt;&gt;</a>&nbsp;&nbsp;&nbsp;_d2f
</UL>

<P><STRONG><a name="[db]"></a>__aeabi_cfrcmple</STRONG> (Thumb, 0 bytes, Stack size 0 bytes, frleqf.o(x$fpl$frleqf))
<BR><BR>[Called By]<UL><LI><a href="#[d1]">&gt;&gt;</a>&nbsp;&nbsp;&nbsp;constrain_float(float, float, float)
<LI><a href="#[71]">&gt;&gt;</a>&nbsp;&nbsp;&nbsp;ANO_FlyControl::Attitude_Inner_Loop()
<LI><a href="#[7b]">&gt;&gt;</a>&nbsp;&nbsp;&nbsp;ANO_FlyControl::Altitude_Inner_Loop()
<LI><a href="#[f5]">&gt;&gt;</a>&nbsp;&nbsp;&nbsp;safe_asin(float)
</UL>

<P><STRONG><a name="[1a9]"></a>_frcmple</STRONG> (Thumb, 98 bytes, Stack size 0 bytes, frleqf.o(x$fpl$frleqf), UNUSED)
<BR><BR>[Calls]<UL><LI><a href="#[1aa]">&gt;&gt;</a>&nbsp;&nbsp;&nbsp;__fpl_fcmple_InfNaN
</UL>

<P><STRONG><a name="[18f]"></a>_frnd</STRONG> (Thumb, 96 bytes, Stack size 8 bytes, frnd.o(x$fpl$frnd))
<BR><BR>[Stack]<UL><LI>Max Depth = 16<LI>Call Chain = _frnd &rArr; __fpl_fnaninf
</UL>
<BR>[Calls]<UL><LI><a href="#[19d]">&gt;&gt;</a>&nbsp;&nbsp;&nbsp;__fpl_fnaninf
</UL>
<BR>[Called By]<UL><LI><a href="#[103]">&gt;&gt;</a>&nbsp;&nbsp;&nbsp;sinf
<LI><a href="#[dd]">&gt;&gt;</a>&nbsp;&nbsp;&nbsp;cosf
</UL>

<P><STRONG><a name="[100]"></a>__aeabi_frsub</STRONG> (Thumb, 0 bytes, Stack size 0 bytes, faddsub_clz.o(x$fpl$frsb))
<BR><BR>[Called By]<UL><LI><a href="#[b2]">&gt;&gt;</a>&nbsp;&nbsp;&nbsp;Quaternion::to_euler(float*, float*, float*)
<LI><a href="#[ad]">&gt;&gt;</a>&nbsp;&nbsp;&nbsp;Quaternion::vector_gravity(Vector3&lang;float&rang;&)
<LI><a href="#[ff]">&gt;&gt;</a>&nbsp;&nbsp;&nbsp;Quaternion::rotation_matrix(Matrix3&lang;float&rang;&)
<LI><a href="#[103]">&gt;&gt;</a>&nbsp;&nbsp;&nbsp;sinf
<LI><a href="#[154]">&gt;&gt;</a>&nbsp;&nbsp;&nbsp;powf
<LI><a href="#[dd]">&gt;&gt;</a>&nbsp;&nbsp;&nbsp;cosf
<LI><a href="#[104]">&gt;&gt;</a>&nbsp;&nbsp;&nbsp;atan2f
<LI><a href="#[f8]">&gt;&gt;</a>&nbsp;&nbsp;&nbsp;asinf
<LI><a href="#[153]">&gt;&gt;</a>&nbsp;&nbsp;&nbsp;ANO_MS5611::BaroAltCalculate()
<LI><a href="#[18d]">&gt;&gt;</a>&nbsp;&nbsp;&nbsp;__mathlib_rredf2
</UL>

<P><STRONG><a name="[1ab]"></a>_frsb</STRONG> (Thumb, 20 bytes, Stack size 0 bytes, faddsub_clz.o(x$fpl$frsb), UNUSED)
<BR><BR>[Calls]<UL><LI><a href="#[19f]">&gt;&gt;</a>&nbsp;&nbsp;&nbsp;_fsub1
<LI><a href="#[1ac]">&gt;&gt;</a>&nbsp;&nbsp;&nbsp;_fadd1
</UL>

<P><STRONG><a name="[191]"></a>_fsqrt</STRONG> (Thumb, 272 bytes, Stack size 24 bytes, fsqrt.o(x$fpl$fsqrt))
<BR><BR>[Stack]<UL><LI>Max Depth = 32<LI>Call Chain = _fsqrt &rArr; __fpl_fnaninf
</UL>
<BR>[Calls]<UL><LI><a href="#[19d]">&gt;&gt;</a>&nbsp;&nbsp;&nbsp;__fpl_fnaninf
</UL>
<BR>[Called By]<UL><LI><a href="#[fc]">&gt;&gt;</a>&nbsp;&nbsp;&nbsp;sqrtf
</UL>

<P><STRONG><a name="[86]"></a>__aeabi_fsub</STRONG> (Thumb, 0 bytes, Stack size 16 bytes, faddsub_clz.o(x$fpl$fsub))
<BR><BR>[Stack]<UL><LI>Max Depth = 16<LI>Call Chain = __aeabi_fsub
</UL>
<BR>[Called By]<UL><LI><a href="#[ce]">&gt;&gt;</a>&nbsp;&nbsp;&nbsp;ANO_PID::get_d(int, float)
<LI><a href="#[ae]">&gt;&gt;</a>&nbsp;&nbsp;&nbsp;Vector3&lang;float&rang;::operator %(const Vector3&lang;float&rang;&) const
<LI><a href="#[b2]">&gt;&gt;</a>&nbsp;&nbsp;&nbsp;Quaternion::to_euler(float*, float*, float*)
<LI><a href="#[b0]">&gt;&gt;</a>&nbsp;&nbsp;&nbsp;Quaternion::Runge_Kutta_1st(Vector3&lang;float&rang;&, float)
<LI><a href="#[ad]">&gt;&gt;</a>&nbsp;&nbsp;&nbsp;Quaternion::vector_gravity(Vector3&lang;float&rang;&)
<LI><a href="#[89]">&gt;&gt;</a>&nbsp;&nbsp;&nbsp;Vector3&lang;float&rang;::operator -(const Vector3&lang;float&rang;&) const
<LI><a href="#[8d]">&gt;&gt;</a>&nbsp;&nbsp;&nbsp;ANO_Filter::CF_1st(Vector3&lang;float&rang;, Vector3&lang;float&rang;, float)
<LI><a href="#[8c]">&gt;&gt;</a>&nbsp;&nbsp;&nbsp;ANO_Filter::Ultra_LPF_2nd(ANO_Filter::LPF2ndData_t*, float)
<LI><a href="#[8a]">&gt;&gt;</a>&nbsp;&nbsp;&nbsp;ANO_Filter::Baro_LPF_2nd(ANO_Filter::LPF2ndData_t*, float)
<LI><a href="#[84]">&gt;&gt;</a>&nbsp;&nbsp;&nbsp;ANO_Filter::LPF_1st(Vector3&lang;float&rang;, Vector3&lang;float&rang;, float)
<LI><a href="#[76]">&gt;&gt;</a>&nbsp;&nbsp;&nbsp;ANO_RC::Cal_Command()
<LI><a href="#[74]">&gt;&gt;</a>&nbsp;&nbsp;&nbsp;ANO_FlyControl::Attitude_Outter_Loop()
<LI><a href="#[7a]">&gt;&gt;</a>&nbsp;&nbsp;&nbsp;ANO_FlyControl::Altitude_Outter_Loop()
<LI><a href="#[7b]">&gt;&gt;</a>&nbsp;&nbsp;&nbsp;ANO_FlyControl::Altitude_Inner_Loop()
<LI><a href="#[72]">&gt;&gt;</a>&nbsp;&nbsp;&nbsp;ANO_Navgation::update()
<LI><a href="#[125]">&gt;&gt;</a>&nbsp;&nbsp;&nbsp;ANO_MPU6050::CalOffset_Acc()
<LI><a href="#[102]">&gt;&gt;</a>&nbsp;&nbsp;&nbsp;Quaternion::from_euler(float, float, float)
<LI><a href="#[ff]">&gt;&gt;</a>&nbsp;&nbsp;&nbsp;Quaternion::rotation_matrix(Matrix3&lang;float&rang;&)
<LI><a href="#[103]">&gt;&gt;</a>&nbsp;&nbsp;&nbsp;sinf
<LI><a href="#[154]">&gt;&gt;</a>&nbsp;&nbsp;&nbsp;powf
<LI><a href="#[dd]">&gt;&gt;</a>&nbsp;&nbsp;&nbsp;cosf
<LI><a href="#[104]">&gt;&gt;</a>&nbsp;&nbsp;&nbsp;atan2f
<LI><a href="#[18d]">&gt;&gt;</a>&nbsp;&nbsp;&nbsp;__mathlib_rredf2
</UL>

<P><STRONG><a name="[1ad]"></a>_fsub</STRONG> (Thumb, 234 bytes, Stack size 16 bytes, faddsub_clz.o(x$fpl$fsub), UNUSED)
<BR><BR>[Calls]<UL><LI><a href="#[1ac]">&gt;&gt;</a>&nbsp;&nbsp;&nbsp;_fadd1
<LI><a href="#[19d]">&gt;&gt;</a>&nbsp;&nbsp;&nbsp;__fpl_fnaninf
</UL>

<P><STRONG><a name="[1a1]"></a>__fpl_return_NaN</STRONG> (Thumb, 100 bytes, Stack size 0 bytes, retnan.o(x$fpl$retnan))
<BR><BR>[Calls]<UL><LI><a href="#[1ae]">&gt;&gt;</a>&nbsp;&nbsp;&nbsp;__fpl_cmpreturn
</UL>
<BR>[Called By]<UL><LI><a href="#[1a0]">&gt;&gt;</a>&nbsp;&nbsp;&nbsp;__fpl_fcheck_NaN1
</UL>

<P><STRONG><a name="[18c]"></a>__ARM_scalbnf</STRONG> (Thumb, 76 bytes, Stack size 0 bytes, scalbnf.o(x$fpl$scalbnf))
<BR><BR>[Calls]<UL><LI><a href="#[1a0]">&gt;&gt;</a>&nbsp;&nbsp;&nbsp;__fpl_fcheck_NaN1
</UL>
<BR>[Called By]<UL><LI><a href="#[103]">&gt;&gt;</a>&nbsp;&nbsp;&nbsp;sinf
<LI><a href="#[154]">&gt;&gt;</a>&nbsp;&nbsp;&nbsp;powf
<LI><a href="#[dd]">&gt;&gt;</a>&nbsp;&nbsp;&nbsp;cosf
<LI><a href="#[f8]">&gt;&gt;</a>&nbsp;&nbsp;&nbsp;asinf
<LI><a href="#[18d]">&gt;&gt;</a>&nbsp;&nbsp;&nbsp;__mathlib_rredf2
<LI><a href="#[18b]">&gt;&gt;</a>&nbsp;&nbsp;&nbsp;__mathlib_flt_underflow
</UL>

<P><STRONG><a name="[1ae]"></a>__fpl_cmpreturn</STRONG> (Thumb, 48 bytes, Stack size 0 bytes, trapv.o(x$fpl$trapveneer))
<BR><BR>[Called By]<UL><LI><a href="#[1a1]">&gt;&gt;</a>&nbsp;&nbsp;&nbsp;__fpl_return_NaN
</UL>
<P>
<H3>
Local Symbols
</H3>
<P><STRONG><a name="[46]"></a>__sti___14_ANO_Config_cpp_ano</STRONG> (Thumb, 10 bytes, Stack size 4 bytes, ano_config.o(.text))
<BR><BR>[Stack]<UL><LI>Max Depth = 4<LI>Call Chain = __sti___14_ANO_Config_cpp_ano
</UL>
<BR>[Calls]<UL><LI><a href="#[6a]">&gt;&gt;</a>&nbsp;&nbsp;&nbsp;ANO_Config::ANO_Config()
</UL>
<BR>[Address Reference Count : 1]<UL><LI> ano_config.o(.init_array)
</UL>
<P><STRONG><a name="[6b]"></a>ANO_Loop_1000Hz()</STRONG> (Thumb, 16 bytes, Stack size 8 bytes, ano_scheduler.o(.text))
<BR><BR>[Stack]<UL><LI>Max Depth = 200<LI>Call Chain = ANO_Loop_1000Hz() &rArr; ANO_DT::Data_Exchange() &rArr; ANO_DT::Send_Status(float, float, float, int, unsigned char, unsigned char) &rArr; ANO_DT::Send_Data(unsigned char*, unsigned char) &rArr; ANO_NRF::TxPacket(unsigned char*, unsigned char) &rArr; ANO_NRF::Write_Buf(unsigned char, unsigned char*, unsigned char) &rArr; ANO_SPI2::RW(unsigned char)
</UL>
<BR>[Calls]<UL><LI><a href="#[6d]">&gt;&gt;</a>&nbsp;&nbsp;&nbsp;ANO_DT::Data_Exchange()
<LI><a href="#[6c]">&gt;&gt;</a>&nbsp;&nbsp;&nbsp;ANO_DT::Check_Event()
</UL>
<BR>[Called By]<UL><LI><a href="#[64]">&gt;&gt;</a>&nbsp;&nbsp;&nbsp;ANO_Loop()
</UL>

<P><STRONG><a name="[6e]"></a>ANO_Loop_500Hz()</STRONG> (Thumb, 28 bytes, Stack size 8 bytes, ano_scheduler.o(.text))
<BR><BR>[Stack]<UL><LI>Max Depth = 384<LI>Call Chain = ANO_Loop_500Hz() &rArr; ANO_IMU::getAttitude() &rArr; ANO_IMU::DCM_CF(Vector3&lang;float&rang;, Vector3&lang;float&rang;, float) &rArr; ANO_Filter::CF_1st(Vector3&lang;float&rang;, Vector3&lang;float&rang;, float) &rArr; Vector3&lang;float&rang;::operator +(const Vector3&lang;float&rang;&) const &rArr; __aeabi_fadd
</UL>
<BR>[Calls]<UL><LI><a href="#[6f]">&gt;&gt;</a>&nbsp;&nbsp;&nbsp;ANO_IMU::updateSensor()
<LI><a href="#[70]">&gt;&gt;</a>&nbsp;&nbsp;&nbsp;ANO_IMU::getAttitude()
<LI><a href="#[71]">&gt;&gt;</a>&nbsp;&nbsp;&nbsp;ANO_FlyControl::Attitude_Inner_Loop()
<LI><a href="#[72]">&gt;&gt;</a>&nbsp;&nbsp;&nbsp;ANO_Navgation::update()
</UL>
<BR>[Called By]<UL><LI><a href="#[64]">&gt;&gt;</a>&nbsp;&nbsp;&nbsp;ANO_Loop()
</UL>

<P><STRONG><a name="[73]"></a>ANO_Loop_200Hz()</STRONG> (Thumb, 10 bytes, Stack size 8 bytes, ano_scheduler.o(.text))
<BR><BR>[Stack]<UL><LI>Max Depth = 112<LI>Call Chain = ANO_Loop_200Hz() &rArr; ANO_FlyControl::Attitude_Outter_Loop() &rArr; Vector3&lang;float&rang;::operator /(float) const &rArr; __aeabi_fdiv
</UL>
<BR>[Calls]<UL><LI><a href="#[74]">&gt;&gt;</a>&nbsp;&nbsp;&nbsp;ANO_FlyControl::Attitude_Outter_Loop()
</UL>
<BR>[Called By]<UL><LI><a href="#[64]">&gt;&gt;</a>&nbsp;&nbsp;&nbsp;ANO_Loop()
</UL>

<P><STRONG><a name="[7c]"></a>ANO_Loop_100Hz()</STRONG> (Thumb, 2 bytes, Stack size 0 bytes, ano_scheduler.o(.text))
<BR><BR>[Called By]<UL><LI><a href="#[64]">&gt;&gt;</a>&nbsp;&nbsp;&nbsp;ANO_Loop()
</UL>

<P><STRONG><a name="[75]"></a>ANO_Loop_50Hz()</STRONG> (Thumb, 46 bytes, Stack size 8 bytes, ano_scheduler.o(.text))
<BR><BR>[Stack]<UL><LI>Max Depth = 136<LI>Call Chain = ANO_Loop_50Hz() &rArr; ANO_FlyControl::Altitude_Inner_Loop() &rArr; cosf &rArr; __mathlib_rredf2 &rArr; __aeabi_fmul
</UL>
<BR>[Calls]<UL><LI><a href="#[78]">&gt;&gt;</a>&nbsp;&nbsp;&nbsp;ANO_RC::CheckAUX()
<LI><a href="#[77]">&gt;&gt;</a>&nbsp;&nbsp;&nbsp;ANO_RC::check_sticks()
<LI><a href="#[76]">&gt;&gt;</a>&nbsp;&nbsp;&nbsp;ANO_RC::Cal_Command()
<LI><a href="#[79]">&gt;&gt;</a>&nbsp;&nbsp;&nbsp;ANO_DT::Failsafe_Check()
<LI><a href="#[7a]">&gt;&gt;</a>&nbsp;&nbsp;&nbsp;ANO_FlyControl::Altitude_Outter_Loop()
<LI><a href="#[7b]">&gt;&gt;</a>&nbsp;&nbsp;&nbsp;ANO_FlyControl::Altitude_Inner_Loop()
<LI><a href="#[65]">&gt;&gt;</a>&nbsp;&nbsp;&nbsp;ANO_Config::Pilot_Light()
</UL>
<BR>[Called By]<UL><LI><a href="#[64]">&gt;&gt;</a>&nbsp;&nbsp;&nbsp;ANO_Loop()
</UL>

<P><STRONG><a name="[47]"></a>__sti___17_ANO_Scheduler_cpp_463cec18</STRONG> (Thumb, 10 bytes, Stack size 4 bytes, ano_scheduler.o(.text))
<BR><BR>[Stack]<UL><LI>Max Depth = 4<LI>Call Chain = __sti___17_ANO_Scheduler_cpp_463cec18
</UL>
<BR>[Calls]<UL><LI><a href="#[7d]">&gt;&gt;</a>&nbsp;&nbsp;&nbsp;ANO_Scheduler::ANO_Scheduler()
</UL>
<BR>[Address Reference Count : 1]<UL><LI> ano_scheduler.o(.init_array)
</UL>
<P><STRONG><a name="[48]"></a>__sti___11_ANO_IMU_cpp_imu</STRONG> (Thumb, 94 bytes, Stack size 8 bytes, ano_imu.o(.text))
<BR><BR>[Stack]<UL><LI>Max Depth = 24<LI>Call Chain = __sti___11_ANO_IMU_cpp_imu &rArr; ANO_IMU::ANO_IMU() &rArr; ANO_Filter::LPF2ndData_t::LPF2ndData_t()
</UL>
<BR>[Calls]<UL><LI><a href="#[8e]">&gt;&gt;</a>&nbsp;&nbsp;&nbsp;ANO_IMU::ANO_IMU()
</UL>
<BR>[Address Reference Count : 1]<UL><LI> ano_imu.o(.init_array)
</UL>
<P><STRONG><a name="[49]"></a>__sti___10_ANO_RC_cpp_rc</STRONG> (Thumb, 10 bytes, Stack size 4 bytes, ano_rc.o(.text))
<BR><BR>[Stack]<UL><LI>Max Depth = 24<LI>Call Chain = __sti___10_ANO_RC_cpp_rc &rArr; ANO_RC::ANO_RC() &rArr; ANO_RC::Init()
</UL>
<BR>[Calls]<UL><LI><a href="#[cc]">&gt;&gt;</a>&nbsp;&nbsp;&nbsp;ANO_RC::ANO_RC()
</UL>
<BR>[Address Reference Count : 1]<UL><LI> ano_rc.o(.init_array)
</UL>
<P><STRONG><a name="[4a]"></a>__sti___18_ANO_FlyControl_cpp_fc</STRONG> (Thumb, 10 bytes, Stack size 8 bytes, ano_flycontrol.o(.text))
<BR><BR>[Stack]<UL><LI>Max Depth = 40<LI>Call Chain = __sti___18_ANO_FlyControl_cpp_fc &rArr; ANO_FlyControl::ANO_FlyControl() &rArr; ANO_FlyControl::PID_Reset() &rArr; ANO_PID::set_pid(float, float, float, float)
</UL>
<BR>[Calls]<UL><LI><a href="#[d6]">&gt;&gt;</a>&nbsp;&nbsp;&nbsp;ANO_FlyControl::ANO_FlyControl()
</UL>
<BR>[Address Reference Count : 1]<UL><LI> ano_flycontrol.o(.init_array)
</UL>
<P><STRONG><a name="[4b]"></a>__sti___17_ANO_Navgation_cpp_nav</STRONG> (Thumb, 10 bytes, Stack size 8 bytes, ano_navgation.o(.text))
<BR><BR>[Stack]<UL><LI>Max Depth = 24<LI>Call Chain = __sti___17_ANO_Navgation_cpp_nav &rArr; ANO_Navgation::ANO_Navgation() &rArr; ANO_Filter::LPF2ndData_t::LPF2ndData_t()
</UL>
<BR>[Calls]<UL><LI><a href="#[eb]">&gt;&gt;</a>&nbsp;&nbsp;&nbsp;ANO_Navgation::ANO_Navgation()
</UL>
<BR>[Address Reference Count : 1]<UL><LI> ano_navgation.o(.init_array)
</UL>
<P><STRONG><a name="[105]"></a>cycleCounterInit()</STRONG> (Thumb, 26 bytes, Stack size 24 bytes, board.o(.text))
<BR><BR>[Stack]<UL><LI>Max Depth = 36<LI>Call Chain = cycleCounterInit() &rArr; RCC_GetClocksFreq
</UL>
<BR>[Calls]<UL><LI><a href="#[106]">&gt;&gt;</a>&nbsp;&nbsp;&nbsp;RCC_GetClocksFreq
</UL>
<BR>[Called By]<UL><LI><a href="#[60]">&gt;&gt;</a>&nbsp;&nbsp;&nbsp;ANO_Hexacopter_board_Init()
</UL>

<P><STRONG><a name="[4c]"></a>__sti___19_ANO_Drv_MPU6050_cpp_mpu6050</STRONG> (Thumb, 10 bytes, Stack size 8 bytes, ano_drv_mpu6050.o(.text))
<BR><BR>[Stack]<UL><LI>Max Depth = 16<LI>Call Chain = __sti___19_ANO_Drv_MPU6050_cpp_mpu6050 &rArr; ANO_MPU6050::ANO_MPU6050()
</UL>
<BR>[Calls]<UL><LI><a href="#[121]">&gt;&gt;</a>&nbsp;&nbsp;&nbsp;ANO_MPU6050::ANO_MPU6050()
</UL>
<BR>[Address Reference Count : 1]<UL><LI> ano_drv_mpu6050.o(.init_array)
</UL>
<P><STRONG><a name="[147]"></a>EE_FindValidPage(unsigned char)</STRONG> (Thumb, 80 bytes, Stack size 0 bytes, ano_drv_eeprom.o(.text))
<BR><BR>[Called By]<UL><LI><a href="#[e2]">&gt;&gt;</a>&nbsp;&nbsp;&nbsp;EE_ReadVariable(unsigned short, unsigned short*)
<LI><a href="#[146]">&gt;&gt;</a>&nbsp;&nbsp;&nbsp;InitCurrWrAddress()
<LI><a href="#[14d]">&gt;&gt;</a>&nbsp;&nbsp;&nbsp;EE_PageTransfer(unsigned short, unsigned short)
<LI><a href="#[14b]">&gt;&gt;</a>&nbsp;&nbsp;&nbsp;EE_VerifyPageFullWriteVariable(unsigned short, unsigned short)
</UL>

<P><STRONG><a name="[148]"></a>EE_Format()</STRONG> (Thumb, 50 bytes, Stack size 8 bytes, ano_drv_eeprom.o(.text))
<BR><BR>[Stack]<UL><LI>Max Depth = 28<LI>Call Chain = EE_Format() &rArr; FLASH_ProgramHalfWord &rArr; FLASH_WaitForLastOperation
</UL>
<BR>[Calls]<UL><LI><a href="#[14a]">&gt;&gt;</a>&nbsp;&nbsp;&nbsp;FLASH_ProgramHalfWord
<LI><a href="#[149]">&gt;&gt;</a>&nbsp;&nbsp;&nbsp;FLASH_ErasePage
</UL>
<BR>[Called By]<UL><LI><a href="#[14c]">&gt;&gt;</a>&nbsp;&nbsp;&nbsp;__EE_Init()
</UL>

<P><STRONG><a name="[14b]"></a>EE_VerifyPageFullWriteVariable(unsigned short, unsigned short)</STRONG> (Thumb, 124 bytes, Stack size 24 bytes, ano_drv_eeprom.o(.text))
<BR><BR>[Stack]<UL><LI>Max Depth = 44<LI>Call Chain = EE_VerifyPageFullWriteVariable(unsigned short, unsigned short) &rArr; FLASH_ProgramHalfWord &rArr; FLASH_WaitForLastOperation
</UL>
<BR>[Calls]<UL><LI><a href="#[14a]">&gt;&gt;</a>&nbsp;&nbsp;&nbsp;FLASH_ProgramHalfWord
<LI><a href="#[147]">&gt;&gt;</a>&nbsp;&nbsp;&nbsp;EE_FindValidPage(unsigned char)
</UL>
<BR>[Called By]<UL><LI><a href="#[e0]">&gt;&gt;</a>&nbsp;&nbsp;&nbsp;EE_WriteVariable(unsigned short, unsigned short)
<LI><a href="#[14c]">&gt;&gt;</a>&nbsp;&nbsp;&nbsp;__EE_Init()
<LI><a href="#[14d]">&gt;&gt;</a>&nbsp;&nbsp;&nbsp;EE_PageTransfer(unsigned short, unsigned short)
</UL>

<P><STRONG><a name="[14d]"></a>EE_PageTransfer(unsigned short, unsigned short)</STRONG> (Thumb, 250 bytes, Stack size 40 bytes, ano_drv_eeprom.o(.text))
<BR><BR>[Stack]<UL><LI>Max Depth = 84<LI>Call Chain = EE_PageTransfer(unsigned short, unsigned short) &rArr; EE_VerifyPageFullWriteVariable(unsigned short, unsigned short) &rArr; FLASH_ProgramHalfWord &rArr; FLASH_WaitForLastOperation
</UL>
<BR>[Calls]<UL><LI><a href="#[e2]">&gt;&gt;</a>&nbsp;&nbsp;&nbsp;EE_ReadVariable(unsigned short, unsigned short*)
<LI><a href="#[14a]">&gt;&gt;</a>&nbsp;&nbsp;&nbsp;FLASH_ProgramHalfWord
<LI><a href="#[149]">&gt;&gt;</a>&nbsp;&nbsp;&nbsp;FLASH_ErasePage
<LI><a href="#[146]">&gt;&gt;</a>&nbsp;&nbsp;&nbsp;InitCurrWrAddress()
<LI><a href="#[14b]">&gt;&gt;</a>&nbsp;&nbsp;&nbsp;EE_VerifyPageFullWriteVariable(unsigned short, unsigned short)
<LI><a href="#[147]">&gt;&gt;</a>&nbsp;&nbsp;&nbsp;EE_FindValidPage(unsigned char)
</UL>
<BR>[Called By]<UL><LI><a href="#[e0]">&gt;&gt;</a>&nbsp;&nbsp;&nbsp;EE_WriteVariable(unsigned short, unsigned short)
</UL>

<P><STRONG><a name="[4d]"></a>__sti___18_ANO_Drv_MS5611_cpp_ms5611</STRONG> (Thumb, 16 bytes, Stack size 8 bytes, ano_drv_ms5611.o(.text))
<BR><BR>[Stack]<UL><LI>Max Depth = 8<LI>Call Chain = __sti___18_ANO_Drv_MS5611_cpp_ms5611
</UL>
<BR>[Calls]<UL><LI><a href="#[122]">&gt;&gt;</a>&nbsp;&nbsp;&nbsp;ANO_I2C_Soft::ANO_I2C_Soft()
</UL>
<BR>[Address Reference Count : 1]<UL><LI> ano_drv_ms5611.o(.init_array)
</UL>
<P><STRONG><a name="[16b]"></a>TI4_Config(TIM_TypeDef*, unsigned short, unsigned short, unsigned short)</STRONG> (Thumb, 130 bytes, Stack size 20 bytes, stm32f10x_tim.o(.text), UNUSED)
<BR><BR>[Called By]<UL><LI><a href="#[164]">&gt;&gt;</a>&nbsp;&nbsp;&nbsp;TIM_ICInit
</UL>

<P><STRONG><a name="[169]"></a>TI3_Config(TIM_TypeDef*, unsigned short, unsigned short, unsigned short)</STRONG> (Thumb, 122 bytes, Stack size 20 bytes, stm32f10x_tim.o(.text), UNUSED)
<BR><BR>[Called By]<UL><LI><a href="#[164]">&gt;&gt;</a>&nbsp;&nbsp;&nbsp;TIM_ICInit
</UL>

<P><STRONG><a name="[167]"></a>TI2_Config(TIM_TypeDef*, unsigned short, unsigned short, unsigned short)</STRONG> (Thumb, 130 bytes, Stack size 20 bytes, stm32f10x_tim.o(.text), UNUSED)
<BR><BR>[Called By]<UL><LI><a href="#[170]">&gt;&gt;</a>&nbsp;&nbsp;&nbsp;TIM_TIxExternalClockConfig
<LI><a href="#[16d]">&gt;&gt;</a>&nbsp;&nbsp;&nbsp;TIM_PWMIConfig
<LI><a href="#[164]">&gt;&gt;</a>&nbsp;&nbsp;&nbsp;TIM_ICInit
</UL>

<P><STRONG><a name="[165]"></a>TI1_Config(TIM_TypeDef*, unsigned short, unsigned short, unsigned short)</STRONG> (Thumb, 108 bytes, Stack size 20 bytes, stm32f10x_tim.o(.text), UNUSED)
<BR><BR>[Called By]<UL><LI><a href="#[170]">&gt;&gt;</a>&nbsp;&nbsp;&nbsp;TIM_TIxExternalClockConfig
<LI><a href="#[16d]">&gt;&gt;</a>&nbsp;&nbsp;&nbsp;TIM_PWMIConfig
<LI><a href="#[164]">&gt;&gt;</a>&nbsp;&nbsp;&nbsp;TIM_ICInit
</UL>

<P><STRONG><a name="[182]"></a>SetSysClockTo72()</STRONG> (Thumb, 214 bytes, Stack size 12 bytes, system_stm32f10x.o(.text))
<BR><BR>[Stack]<UL><LI>Max Depth = 12<LI>Call Chain = SetSysClockTo72()
</UL>
<BR>[Called By]<UL><LI><a href="#[181]">&gt;&gt;</a>&nbsp;&nbsp;&nbsp;SetSysClock()
</UL>

<P><STRONG><a name="[181]"></a>SetSysClock()</STRONG> (Thumb, 8 bytes, Stack size 8 bytes, system_stm32f10x.o(.text))
<BR><BR>[Stack]<UL><LI>Max Depth = 20<LI>Call Chain = SetSysClock() &rArr; SetSysClockTo72()
</UL>
<BR>[Calls]<UL><LI><a href="#[182]">&gt;&gt;</a>&nbsp;&nbsp;&nbsp;SetSysClockTo72()
</UL>
<BR>[Called By]<UL><LI><a href="#[44]">&gt;&gt;</a>&nbsp;&nbsp;&nbsp;SystemInit
</UL>

<P><STRONG><a name="[19b]"></a>_dadd1</STRONG> (Thumb, 0 bytes, Stack size unknown bytes, daddsub_clz.o(x$fpl$dadd), UNUSED)
<BR><BR>[Called By]<UL><LI><a href="#[19a]">&gt;&gt;</a>&nbsp;&nbsp;&nbsp;_dsub
</UL>

<P><STRONG><a name="[196]"></a>_dsub1</STRONG> (Thumb, 0 bytes, Stack size unknown bytes, daddsub_clz.o(x$fpl$dsub), UNUSED)
<BR><BR>[Called By]<UL><LI><a href="#[195]">&gt;&gt;</a>&nbsp;&nbsp;&nbsp;_dadd
</UL>

<P><STRONG><a name="[1ac]"></a>_fadd1</STRONG> (Thumb, 0 bytes, Stack size unknown bytes, faddsub_clz.o(x$fpl$fadd), UNUSED)
<BR><BR>[Called By]<UL><LI><a href="#[1ad]">&gt;&gt;</a>&nbsp;&nbsp;&nbsp;_fsub
<LI><a href="#[1ab]">&gt;&gt;</a>&nbsp;&nbsp;&nbsp;_frsb
</UL>

<P><STRONG><a name="[19f]"></a>_fsub1</STRONG> (Thumb, 0 bytes, Stack size unknown bytes, faddsub_clz.o(x$fpl$fsub), UNUSED)
<BR><BR>[Called By]<UL><LI><a href="#[1ab]">&gt;&gt;</a>&nbsp;&nbsp;&nbsp;_frsb
<LI><a href="#[19e]">&gt;&gt;</a>&nbsp;&nbsp;&nbsp;_fadd
</UL>
<P>
<H3>
Undefined Global Symbols
</H3><HR></body></html>
