Product: MDK-ARM Standard 5.10
Component: ARM Compiler 5.04 update 1 (build 49)
Tool: armlink [5040049]

==============================================================================

Section Cross References

    anocopter.o(.text) refers to board.o(.text) for ANO_Hexacopter_board_Init()
    anocopter.o(.text) refers to ano_param.o(.text) for ANO_Param::Init()
    anocopter.o(.text) refers to ano_imu.o(.text) for ANO_IMU::Init()
    anocopter.o(.text) refers to ano_navgation.o(.text) for ANO_Navgation::Init()
    anocopter.o(.text) refers to ano_scheduler.o(.text) for ANO_Loop()
    anocopter.o(.text) refers to ano_param.o(.data) for param
    anocopter.o(.text) refers to ano_imu.o(.bss) for imu
    anocopter.o(.text) refers to ano_navgation.o(.bss) for nav
    anocopter.o(.ARM.exidx) refers to anocopter.o(.text) for .text
    ano_config.o(.text) refers to ano_drv_led.o(.text) for ANO_LED::ON1()
    ano_config.o(.text) refers to ano_config.o(.data) for cnt
    ano_config.o(.text) refers to ano_drv_led.o(.data) for led
    ano_config.o(.text) refers to ano_config.o(.bss) for ano
    ano_config.o(.ARM.exidx) refers to ano_config.o(.text) for .text
    ano_config.o(.init_array) refers to ano_config.o(.text) for __sti___14_ANO_Config_cpp_ano
    ano_config.o(.init_array) refers to init_aeabi.o(.text) for __cpp_initialize__aeabi_
    ano_scheduler.o(.text) refers to ano_dt.o(.text) for ANO_DT::Check_Event()
    ano_scheduler.o(.text) refers to ano_imu.o(.text) for ANO_IMU::updateSensor()
    ano_scheduler.o(.text) refers to ano_flycontrol.o(.text) for ANO_FlyControl::Attitude_Inner_Loop()
    ano_scheduler.o(.text) refers to ano_navgation.o(.text) for ANO_Navgation::update()
    ano_scheduler.o(.text) refers to ano_rc.o(.text) for ANO_RC::Cal_Command()
    ano_scheduler.o(.text) refers to ano_config.o(.text) for ANO_Config::Pilot_Light()
    ano_scheduler.o(.text) refers to ano_dt.o(.bss) for dt
    ano_scheduler.o(.text) refers to ano_imu.o(.bss) for imu
    ano_scheduler.o(.text) refers to ano_flycontrol.o(.bss) for fc
    ano_scheduler.o(.text) refers to ano_navgation.o(.bss) for nav
    ano_scheduler.o(.text) refers to ano_rc.o(.bss) for rc
    ano_scheduler.o(.text) refers to ano_config.o(.bss) for ano
    ano_scheduler.o(.text) refers to ano_scheduler.o(.bss) for scheduler
    ano_scheduler.o(.ARM.exidx) refers to ano_scheduler.o(.text) for .text
    ano_scheduler.o(.init_array) refers to ano_scheduler.o(.text) for __sti___17_ANO_Scheduler_cpp_463cec18
    ano_scheduler.o(.init_array) refers to init_aeabi.o(.text) for __cpp_initialize__aeabi_
    ano_filter.o(.text) refers to fmul.o(x$fpl$fmul) for __aeabi_fmul
    ano_filter.o(.text) refers to fdiv.o(x$fpl$fdiv) for __aeabi_fdiv
    ano_filter.o(.text) refers to faddsub_clz.o(x$fpl$fadd) for __aeabi_fadd
    ano_filter.o(.text) refers to ano_vector3.o(t._ZNK7Vector3IfEmlEf) for Vector3<float>::operator *(float) const
    ano_filter.o(.text) refers to faddsub_clz.o(x$fpl$fsub) for __aeabi_fsub
    ano_filter.o(.text) refers to ano_vector3.o(t._ZNK7Vector3IfEplERKS0_) for Vector3<float>::operator +(const Vector3<float>&) const
    ano_filter.o(.text) refers to ano_vector3.o(t._ZNK7Vector3IfEmiERKS0_) for Vector3<float>::operator -(const Vector3<float>&) const
    ano_filter.o(.text) refers to ffix.o(x$fpl$ffix) for __aeabi_f2iz
    ano_filter.o(.text) refers to ano_filter.o(.data) for baro_preout
    ano_filter.o(.ARM.exidx) refers to ano_filter.o(.text) for .text
    ano_imu.o(.text) refers to ano_imu.o(t._ZN7Vector3IfEC1Ev) for Vector3<float>::Vector3()
    ano_imu.o(.text) refers to ano_imu.o(i._ZN10ANO_Filter12LPF2ndData_tC1Ev) for ANO_Filter::LPF2ndData_t::LPF2ndData_t()
    ano_imu.o(.text) refers to ano_drv_mpu6050.o(.text) for ANO_MPU6050::Init(unsigned short, unsigned short)
    ano_imu.o(.text) refers to ano_filter.o(.text) for ANO_Filter::LPF_1st_Factor_Cal(float, float)
    ano_imu.o(.text) refers to cxa_guard_acquire.o(i.__cxa_guard_acquire) for __cxa_guard_acquire
    ano_imu.o(.text) refers to ano_imu.o(t._ZN7Vector3IfEC1Efff) for Vector3<float>::Vector3(float, float, float)
    ano_imu.o(.text) refers to ano_imu.o(t._ZN7Matrix3IfEC1Ev) for Matrix3<float>::Matrix3()
    ano_imu.o(.text) refers to ano_vector3.o(t._ZNK7Vector3IfEplERKS0_) for Vector3<float>::operator +(const Vector3<float>&) const
    ano_imu.o(.text) refers to ano_vector3.o(t._ZNK7Vector3IfEmlEf) for Vector3<float>::operator *(float) const
    ano_imu.o(.text) refers to ano_matrix3.o(t._ZN7Matrix3IfE10from_eulerERK7Vector3IfE) for Matrix3<float>::from_euler(const Vector3<float>&)
    ano_imu.o(.text) refers to ano_matrix3.o(t._ZNK7Matrix3IfEmlERK7Vector3IfE) for Matrix3<float>::operator *(const Vector3<float>&) const
    ano_imu.o(.text) refers to ano_vector3.o(t._ZN7Vector3IfE13get_rollpitchERS0_) for Vector3<float>::get_rollpitch(Vector3<float>&)
    ano_imu.o(.text) refers to ano_vector3.o(t._ZN7Vector3IfE7get_yawERS0_) for Vector3<float>::get_yaw(Vector3<float>&)
[...]
    __rt_lib_init_rand_1                     0x08000163   Thumb Code     0  libinit2.o(.ARM.Collect$$libinit$$0000000C)
    __rt_lib_init_signal_1                   0x08000163   Thumb Code     0  libinit2.o(.ARM.Collect$$libinit$$0000001B)
    __rt_lib_init_stdio_1                    0x08000163   Thumb Code     0  libinit2.o(.ARM.Collect$$libinit$$00000023)
    __rt_lib_init_user_alloc_1               0x08000163   Thumb Code     0  libinit2.o(.ARM.Collect$$libinit$$0000000A)
    __rt_lib_init_cpp_1                      0x08000167   Thumb Code     0  libinit2.o(.ARM.Collect$$libinit$$00000030)
    __rt_lib_init_return                     0x08000167   Thumb Code     0  libinit2.o(.ARM.Collect$$libinit$$00000031)
    __rt_lib_shutdown                        0x08000169   Thumb Code     0  libshutdown.o(.ARM.Collect$$libshutdown$$00000000)
    __rt_lib_shutdown_fp_trap_1              0x0800016b   Thumb Code     0  libshutdown2.o(.ARM.Collect$$libshutdown$$00000006)
    __rt_lib_shutdown_heap_1                 0x0800016b   Thumb Code     0  libshutdown2.o(.ARM.Collect$$libshutdown$$0000000E)
    __rt_lib_shutdown_return                 0x0800016b   Thumb Code     0  libshutdown2.o(.ARM.Collect$$libshutdown$$0000000F)
    __rt_lib_shutdown_signal_1               0x0800016b   Thumb Code     0  libshutdown2.o(.ARM.Collect$$libshutdown$$00000009)
    __rt_lib_shutdown_stdio_1                0x0800016b   Thumb Code     0  libshutdown2.o(.ARM.Collect$$libshutdown$$00000003)
    __rt_lib_shutdown_user_alloc_1           0x0800016b   Thumb Code     0  libshutdown2.o(.ARM.Collect$$libshutdown$$0000000B)
    __rt_entry                               0x0800016d   Thumb Code     0  rtentry.o(.ARM.Collect$$rtentry$$00000000)
    __rt_entry_presh_1                       0x0800016d   Thumb Code     0  rtentry2.o(.ARM.Collect$$rtentry$$00000002)
    __rt_entry_sh                            0x0800016d   Thumb Code     0  rtentry4.o(.ARM.Collect$$rtentry$$00000004)
    __rt_entry_li                            0x08000173   Thumb Code     0  rtentry2.o(.ARM.Collect$$rtentry$$0000000A)
    __rt_entry_postsh_1                      0x08000173   Thumb Code     0  rtentry2.o(.ARM.Collect$$rtentry$$00000009)
    __rt_entry_main                          0x08000177   Thumb Code     0  rtentry2.o(.ARM.Collect$$rtentry$$0000000D)
    __rt_entry_postli_1                      0x08000177   Thumb Code     0  rtentry2.o(.ARM.Collect$$rtentry$$0000000C)
    __rt_exit                                0x0800017f   Thumb Code     0  rtexit.o(.ARM.Collect$$rtexit$$00000000)
    __rt_exit_ls                             0x08000181   Thumb Code     0  rtexit2.o(.ARM.Collect$$rtexit$$00000003)
    __rt_exit_prels_1                        0x08000181   Thumb Code     0  rtexit2.o(.ARM.Collect$$rtexit$$00000002)
    __rt_exit_exit                           0x08000185   Thumb Code     0  rtexit2.o(.ARM.Collect$$rtexit$$00000004)
    main                                     0x0800018d   Thumb Code    30  anocopter.o(.text)
    ANO_Config::ANO_Config()                 0x080001b9   Thumb Code     6  ano_config.o(.text)
    ANO_Config::ANO_Config__sub_object()     0x080001b9   Thumb Code     0  ano_config.o(.text)
    ANO_Config::Pilot_Light()                0x080001bf   Thumb Code   154  ano_config.o(.text)
    ANO_Loop()                               0x080002cf   Thumb Code    94  ano_scheduler.o(.text)
    ANO_Scheduler::ANO_Scheduler()           0x0800032d   Thumb Code    14  ano_scheduler.o(.text)
    ANO_Scheduler::ANO_Scheduler__sub_object() 0x0800032d   Thumb Code     0  ano_scheduler.o(.text)
    ANO_Filter::LPF_1st_Factor_Cal(float, float) 0x08000361   Thumb Code    52  ano_filter.o(.text)
    ANO_Filter::LPF_2nd_Factor_Cal(float, float, ANO_Filter::LPF2ndData_t*) 0x08000395   Thumb Code   234  ano_filter.o(.text)
    ANO_Filter::CF_Factor_Cal(float, float)  0x0800047f   Thumb Code    32  ano_filter.o(.text)
    ANO_Filter::LPF_1st(Vector3<float>, Vector3<float>, float) 0x0800049f   Thumb Code    78  ano_filter.o(.text)
    ANO_Filter::LPF_2nd(ANO_Filter::LPF2ndData_t*, Vector3<float>) 0x080004ed   Thumb Code   156  ano_filter.o(.text)
    ANO_Filter::Baro_LPF_2nd(ANO_Filter::LPF2ndData_t*, float) 0x08000589   Thumb Code    82  ano_filter.o(.text)
    ANO_Filter::Ultra_LPF_2nd(ANO_Filter::LPF2ndData_t*, float) 0x080005db   Thumb Code    82  ano_filter.o(.text)
    ANO_Filter::CF_1st(Vector3<float>, Vector3<float>, float) 0x0800062d   Thumb Code    78  ano_filter.o(.text)
    ANO_IMU::ANO_IMU()                       0x08000695   Thumb Code   130  ano_imu.o(.text)
    ANO_IMU::ANO_IMU__sub_object()           0x08000695   Thumb Code     0  ano_imu.o(.text)
    ANO_IMU::sensor_Init()                   0x08000717   Thumb Code    18  ano_imu.o(.text)
    ANO_IMU::filter_Init()                   0x08000729   Thumb Code    62  ano_imu.o(.text)
    ANO_IMU::Init()                          0x08000767   Thumb Code    18  ano_imu.o(.text)
    ANO_IMU::updateSensor()                  0x08000779   Thumb Code    54  ano_imu.o(.text)
    ANO_IMU::DCM_CF(Vector3<float>, Vector3<float>, float) 0x080007af   Thumb Code   340  ano_imu.o(.text)
    ANO_IMU::getDeltaT(unsigned)             0x08000903   Thumb Code    46  ano_imu.o(.text)
    ANO_IMU::getAttitude()                   0x08000931   Thumb Code   184  ano_imu.o(.text)
    ANO_IMU::Get_Accel_Ef()                  0x080009e9   Thumb Code    84  ano_imu.o(.text)
    ANO_IMU::Quaternion_CF(Vector3<float>, Vector3<float>, float) 0x08000a3d   Thumb Code   190  ano_imu.o(.text)
    ANO_DT::Send_Data(unsigned char*, unsigned char) 0x08000b59   Thumb Code    22  ano_dt.o(.text)
    ANO_DT::Send_Check(unsigned char, unsigned char) 0x08000b6f   Thumb Code    72  ano_dt.o(.text)
    ANO_DT::Data_Receive_Anl(unsigned char*, unsigned char) 0x08000bb7   Thumb Code  1006  ano_dt.o(.text)
    ANO_DT::Check_Event()                    0x08000fa5   Thumb Code    12  ano_dt.o(.text)
    ANO_DT::Send_PID(unsigned char, float, float, float, float, float, float, float, float, float) 0x08000fb1   Thumb Code   558  ano_dt.o(.text)
    ANO_DT::Send_Power(unsigned short, unsigned short) 0x080011df   Thumb Code   154  ano_dt.o(.text)
    ANO_DT::Send_MotoPWM(unsigned short, unsigned short, unsigned short, unsigned short, unsigned short, unsigned short, unsigned short, unsigned short) 0x08001279   Thumb Code   336  ano_dt.o(.text)
    ANO_DT::Send_RCData(unsigned short, unsigned short, unsigned short, unsigned short, unsigned short, unsigned short, unsigned short, unsigned short, unsigned short, unsigned short) 0x080013c9   Thumb Code   392  ano_dt.o(.text)
    ANO_DT::Send_Senser2(int, unsigned short) 0x08001551   Thumb Code   186  ano_dt.o(.text)
    ANO_DT::Send_Senser(short, short, short, short, short, short, short, short, short) 0x0800160b   Thumb Code   412  ano_dt.o(.text)
    ANO_DT::Send_Status(float, float, float, int, unsigned char, unsigned char) 0x080017a7   Thumb Code   346  ano_dt.o(.text)
    ANO_DT::Send_Version(unsigned char, unsigned short, unsigned short, unsigned short, unsigned short) 0x08001901   Thumb Code   216  ano_dt.o(.text)
    ANO_DT::Data_Exchange()                  0x080019d9   Thumb Code   880  ano_dt.o(.text)
    ANO_DT::Failsafe_Check()                 0x08001d49   Thumb Code    46  ano_dt.o(.text)
    ANO_Motor::ResetPWM()                    0x08001d89   Thumb Code    24  ano_motor.o(.text)
    ANO_Motor::stop(unsigned short, int, int, int) 0x08001da1   Thumb Code   170  ano_motor.o(.text)
    ANO_Motor::up(unsigned short, int, int, int) 0x08001e4b   Thumb Code   170  ano_motor.o(.text)
    ANO_Motor::balance(unsigned short, int, int, int) 0x08001ef5   Thumb Code   232  ano_motor.o(.text)
    ANO_Motor::fangun(unsigned short, int, int, int) 0x08001fdd   Thumb Code   200  ano_motor.o(.text)
    ANO_Motor::writeMotor(unsigned short, int, int, int) 0x080020a5   Thumb Code   618  ano_motor.o(.text)
    ANO_Motor::getPWM(short*)                0x0800230f   Thumb Code    26  ano_motor.o(.text)
    ANO_RC::Init()                           0x08002339   Thumb Code   156  ano_rc.o(.text)
    ANO_RC::ANO_RC()                         0x080023d5   Thumb Code    14  ano_rc.o(.text)
    ANO_RC::ANO_RC__sub_object()             0x080023d5   Thumb Code     0  ano_rc.o(.text)
    ANO_RC::Cal_Command()                    0x080023e3   Thumb Code   462  ano_rc.o(.text)
    ANO_RC::check_sticks()                   0x080025b1   Thumb Code   246  ano_rc.o(.text)
    ANO_RC::CheckAUX()                       0x080026a7   Thumb Code   144  ano_rc.o(.text)
    ANO_PID::get_d(int, float)               0x08002765   Thumb Code   142  ano_pid.o(.text)
    ANO_PID::get_i(int, float)               0x080027f3   Thumb Code    94  ano_pid.o(.text)
    ANO_PID::get_p(int)                      0x08002851   Thumb Code    32  ano_pid.o(.text)
    ANO_PID::get_pid(int, float)             0x08002871   Thumb Code    48  ano_pid.o(.text)
    ANO_PID::get_pi(int, float)              0x080028a1   Thumb Code    36  ano_pid.o(.text)
    ANO_PID::reset_I()                       0x080028c5   Thumb Code     6  ano_pid.o(.text)
    ANO_FlyControl::PID_Reset()              0x080028d1   Thumb Code   138  ano_flycontrol.o(.text)
    ANO_FlyControl::ANO_FlyControl()         0x0800295b   Thumb Code    76  ano_flycontrol.o(.text)
    ANO_FlyControl::ANO_FlyControl__sub_object() 0x0800295b   Thumb Code     0  ano_flycontrol.o(.text)
    ANO_FlyControl::Attitude_Outter_Loop()   0x080029a7   Thumb Code   278  ano_flycontrol.o(.text)
    ANO_FlyControl::Attitude_Inner_Loop()    0x08002abd   Thumb Code   820  ano_flycontrol.o(.text)
    ANO_Param::SAVE_FirstInitFlag()          0x08002e15   Thumb Code    18  ano_param.o(.text)
    ANO_Param::READ_GYRO_OFFSET()            0x08002e27   Thumb Code    68  ano_param.o(.text)
    ANO_Param::READ_ACC_OFFSET()             0x08002e6b   Thumb Code    68  ano_param.o(.text)
    ANO_Param::READ_PID()                    0x08002eaf   Thumb Code   552  ano_param.o(.text)
    ANO_Param::READ_CONF()                   0x080030d7   Thumb Code    24  ano_param.o(.text)
    ANO_Param::SAVE_PID()                    0x080030ef   Thumb Code   542  ano_param.o(.text)
    ANO_Param::READ_FirstInitFlag()          0x0800330d   Thumb Code    20  ano_param.o(.text)
    ANO_Param::Init()                        0x08003321   Thumb Code    38  ano_param.o(.text)
    ANO_Param::SAVE_ACC_OFFSET()             0x08003347   Thumb Code    48  ano_param.o(.text)
    ANO_Param::SAVE_GYRO_OFFSET()            0x08003377   Thumb Code    48  ano_param.o(.text)
    ANO_Navgation::ANO_Navgation()           0x080033c1   Thumb Code    86  ano_navgation.o(.text)
    ANO_Navgation::ANO_Navgation__sub_object() 0x080033c1   Thumb Code     0  ano_navgation.o(.text)
    ANO_Navgation::sensor_Init()             0x08003417   Thumb Code    12  ano_navgation.o(.text)
    ANO_Navgation::filter_Init()             0x08003423   Thumb Code    34  ano_navgation.o(.text)
    ANO_Navgation::Init()                    0x08003445   Thumb Code    18  ano_navgation.o(.text)
    ANO_Navgation::update()                  0x08003457   Thumb Code   700  ano_navgation.o(.text)
    ANO_Navgation::Reset()                   0x08003713   Thumb Code    48  ano_navgation.o(.text)
    safe_asin(float)                         0x080037a5   Thumb Code    54  ano_math.o(.text)
    constrain_float(float, float, float)     0x080037db   Thumb Code    72  ano_math.o(.text)
    constrain_int16(short, short, short)     0x08003823   Thumb Code    22  ano_math.o(.text)
    constrain_uint16(unsigned short, unsigned short, unsigned short) 0x08003839   Thumb Code    22  ano_math.o(.text)
    constrain_int32(int, int, int)           0x0800384f   Thumb Code    22  ano_math.o(.text)
    applyDeadband(int, int)                  0x08003865   Thumb Code    34  ano_math.o(.text)
    radians(float)                           0x08003887   Thumb Code    14  ano_math.o(.text)
    degrees(float)                           0x08003895   Thumb Code    14  ano_math.o(.text)
    sq(float)                                0x080038a3   Thumb Code    14  ano_math.o(.text)
    pythagorous2(float, float)               0x080038b1   Thumb Code    40  ano_math.o(.text)
    pythagorous3(float, float, float)        0x080038d9   Thumb Code    58  ano_math.o(.text)
    pythagorous4(float, float, float, float) 0x08003913   Thumb Code    76  ano_math.o(.text)
    Quaternion::normalize()                  0x08003975   Thumb Code    56  ano_quaternion.o(.text)
    Quaternion::rotation_matrix(Matrix3<float>&) 0x080039ad   Thumb Code   316  ano_quaternion.o(.text)
    Quaternion::vector_gravity(Vector3<float>&) 0x08003ae9   Thumb Code   136  ano_quaternion.o(.text)
    Quaternion::earth_to_body(Vector3<float>&) 0x08003b71   Thumb Code    90  ano_quaternion.o(.text)
    Quaternion::Runge_Kutta_1st(Vector3<float>&, float) 0x08003bcb   Thumb Code   500  ano_quaternion.o(.text)
    Quaternion::from_euler(float, float, float) 0x08003dbf   Thumb Code   304  ano_quaternion.o(.text)
    Quaternion::to_euler(float*, float*, float*) 0x08003eef   Thumb Code   278  ano_quaternion.o(.text)
    SysTick_IRQ()                            0x0800401f   Thumb Code    54  board.o(.text)
    GetSysTime_us()                          0x08004055   Thumb Code    58  board.o(.text)
    DelayUs(unsigned)                        0x0800408f   Thumb Code    24  board.o(.text)
    DelayMs(unsigned)                        0x080040a7   Thumb Code    24  board.o(.text)
    ANO_Hexacopter_board_Init()              0x080040bf   Thumb Code   140  board.o(.text)
    NMI_Handler                              0x0800416d   Thumb Code     2  stm32f10x_it.o(.text)
    MemManage_Handler                        0x0800416f   Thumb Code     4  stm32f10x_it.o(.text)
    BusFault_Handler                         0x08004173   Thumb Code     4  stm32f10x_it.o(.text)
    UsageFault_Handler                       0x08004177   Thumb Code     4  stm32f10x_it.o(.text)
    SVC_Handler                              0x0800417b   Thumb Code     2  stm32f10x_it.o(.text)
    DebugMon_Handler                         0x0800417d   Thumb Code     2  stm32f10x_it.o(.text)
    SysTick_Handler                          0x0800417f   Thumb Code     8  stm32f10x_it.o(.text)
    USART1_IRQHandler                        0x08004187   Thumb Code     2  stm32f10x_it.o(.text)
    USART3_IRQHandler                        0x08004189   Thumb Code    10  stm32f10x_it.o(.text)
    ANO_I2C_Soft::ANO_I2C_Soft()             0x08004199   Thumb Code     2  ano_drv_i2c_soft.o(.text)
    ANO_I2C_Soft::ANO_I2C_Soft__sub_object() 0x08004199   Thumb Code     0  ano_drv_i2c_soft.o(.text)
    ANO_I2C_Soft::Init()                     0x0800419b   Thumb Code    64  ano_drv_i2c_soft.o(.text)
    ANO_I2C_Soft::I2C_delay()                0x080041db   Thumb Code     2  ano_drv_i2c_soft.o(.text)
    ANO_I2C_Soft::I2C_Stop()                 0x080041dd   Thumb Code    62  ano_drv_i2c_soft.o(.text)
    ANO_I2C_Soft::I2C_WaitAck()              0x0800421b   Thumb Code    94  ano_drv_i2c_soft.o(.text)
    ANO_I2C_Soft::I2C_SendByte(unsigned char) 0x08004279   Thumb Code    88  ano_drv_i2c_soft.o(.text)
    ANO_I2C_Soft::I2C_Start()                0x080042d1   Thumb Code    94  ano_drv_i2c_soft.o(.text)
    ANO_I2C_Soft::I2C_Single_Write(unsigned char, unsigned char, unsigned char) 0x0800432f   Thumb Code    86  ano_drv_i2c_soft.o(.text)
    ANO_I2C_Soft::I2C_NoAck()                0x08004385   Thumb Code    62  ano_drv_i2c_soft.o(.text)
    ANO_I2C_Soft::I2C_ReadByte()             0x080043c3   Thumb Code    86  ano_drv_i2c_soft.o(.text)
    ANO_I2C_Soft::I2C_Single_Read(unsigned char, unsigned char) 0x08004419   Thumb Code   106  ano_drv_i2c_soft.o(.text)
    ANO_I2C_Soft::I2C_Ack()                  0x08004483   Thumb Code    62  ano_drv_i2c_soft.o(.text)
    ANO_I2C_Soft::I2C_Mult_Read(unsigned char, unsigned char, unsigned char*, unsigned char) 0x080044c1   Thumb Code   156  ano_drv_i2c_soft.o(.text)
    ANO_MPU6050::ANO_MPU6050()               0x08004561   Thumb Code    72  ano_drv_mpu6050.o(.text)
    ANO_MPU6050::ANO_MPU6050__sub_object()   0x08004561   Thumb Code     0  ano_drv_mpu6050.o(.text)
    ANO_MPU6050::delayms(unsigned short)     0x080045a9   Thumb Code    32  ano_drv_mpu6050.o(.text)
    ANO_MPU6050::Init(unsigned short, unsigned short) 0x080045c9   Thumb Code   190  ano_drv_mpu6050.o(.text)
    ANO_MPU6050::CalOffset_Acc()             0x08004687   Thumb Code   230  ano_drv_mpu6050.o(.text)
    ANO_MPU6050::Read_Acc_Data()             0x0800476d   Thumb Code   186  ano_drv_mpu6050.o(.text)
    ANO_MPU6050::CalOffset_Gyro()            0x08004827   Thumb Code   236  ano_drv_mpu6050.o(.text)
    ANO_MPU6050::Read_Gyro_Data()            0x08004913   Thumb Code   186  ano_drv_mpu6050.o(.text)
    ANO_MPU6050::Get_Acc()                   0x080049cd   Thumb Code    14  ano_drv_mpu6050.o(.text)
    ANO_MPU6050::Get_Gyro()                  0x080049db   Thumb Code    14  ano_drv_mpu6050.o(.text)
    ANO_MPU6050::Get_Gyro_in_dps(Vector3<float>) 0x080049e9   Thumb Code    72  ano_drv_mpu6050.o(.text)
    ANO_SPI2::Init()                         0x08004a65   Thumb Code   196  ano_drv_spi2.o(.text)
    ANO_SPI2::RW(unsigned char)              0x08004b29   Thumb Code    52  ano_drv_spi2.o(.text)
    ANO_SPI2::CE_H()                         0x08004b5d   Thumb Code    16  ano_drv_spi2.o(.text)
    ANO_SPI2::CE_L()                         0x08004b6d   Thumb Code    16  ano_drv_spi2.o(.text)
    ANO_SPI2::CSN_H()                        0x08004b7d   Thumb Code    16  ano_drv_spi2.o(.text)
    ANO_SPI2::CSN_L()                        0x08004b8d   Thumb Code    16  ano_drv_spi2.o(.text)
    ANO_NRF::Write_Reg(unsigned char, unsigned char) 0x08004ba9   Thumb Code    46  ano_drv_nrf24l01.o(.text)
    ANO_NRF::Write_Buf(unsigned char, unsigned char*, unsigned char) 0x08004bd7   Thumb Code    60  ano_drv_nrf24l01.o(.text)
    ANO_NRF::Init(unsigned char, unsigned char) 0x08004c13   Thumb Code   286  ano_drv_nrf24l01.o(.text)
    ANO_NRF::TxPacket(unsigned char*, unsigned char) 0x08004d31   Thumb Code    46  ano_drv_nrf24l01.o(.text)
    ANO_NRF::TxPacket_AP(unsigned char*, unsigned char) 0x08004d5f   Thumb Code    34  ano_drv_nrf24l01.o(.text)
    ANO_NRF::Read_Buf(unsigned char, unsigned char*, unsigned char) 0x08004d81   Thumb Code    62  ano_drv_nrf24l01.o(.text)
    ANO_NRF::Check()                         0x08004dbf   Thumb Code    68  ano_drv_nrf24l01.o(.text)
    ANO_NRF::Read_Reg(unsigned char)         0x08004e03   Thumb Code    40  ano_drv_nrf24l01.o(.text)
    ANO_NRF::Check_Event()                   0x08004e2b   Thumb Code   104  ano_drv_nrf24l01.o(.text)
    ANO_PWM::out_Init(unsigned short)        0x08004ea1   Thumb Code   350  ano_drv_pwm.o(.text)
    ANO_PWM::SetPwm(short*)                  0x08004fff   Thumb Code   122  ano_drv_pwm.o(.text)
    InitCurrWrAddress()                      0x080050e1   Thumb Code    92  ano_drv_eeprom.o(.text)
    EE_ReadVariable(unsigned short, unsigned short*) 0x080051eb   Thumb Code    88  ano_drv_eeprom.o(.text)
    __EE_Init()                              0x08005243   Thumb Code   488  ano_drv_eeprom.o(.text)
    EE_Init()                                0x0800542b   Thumb Code    16  ano_drv_eeprom.o(.text)
    EE_WriteVariable(unsigned short, unsigned short) 0x08005535   Thumb Code    36  ano_drv_eeprom.o(.text)
    ANO_LED::Init()                          0x08005569   Thumb Code    64  ano_drv_led.o(.text)
    ANO_LED::ON1()                           0x080055a9   Thumb Code    16  ano_drv_led.o(.text)
    ANO_LED::ON2()                           0x080055b9   Thumb Code    16  ano_drv_led.o(.text)
    ANO_LED::OFF1()                          0x080055c9   Thumb Code    16  ano_drv_led.o(.text)
    ANO_LED::OFF2()                          0x080055d9   Thumb Code    16  ano_drv_led.o(.text)
    ANO_MS5611::Start_T()                    0x080055ed   Thumb Code    18  ano_drv_ms5611.o(.text)
    ANO_MS5611::Read_Prom()                  0x080055ff   Thumb Code    80  ano_drv_ms5611.o(.text)
    ANO_MS5611::Reset()                      0x0800564f   Thumb Code    18  ano_drv_ms5611.o(.text)
    ANO_MS5611::Init()                       0x08005661   Thumb Code    36  ano_drv_ms5611.o(.text)
    ANO_MS5611::Start_P()                    0x08005685   Thumb Code    18  ano_drv_ms5611.o(.text)
    ANO_MS5611::Read_Adc_T()                 0x08005697   Thumb Code    24  ano_drv_ms5611.o(.text)
    ANO_MS5611::BaroAltCalculate()           0x080056af   Thumb Code   452  ano_drv_ms5611.o(.text)
    ANO_MS5611::Read_Adc_P()                 0x08005873   Thumb Code    24  ano_drv_ms5611.o(.text)
    ANO_MS5611::Update()                     0x0800588b   Thumb Code    56  ano_drv_ms5611.o(.text)
    ANO_MS5611::Get_BaroAlt()                0x080058c3   Thumb Code     6  ano_drv_ms5611.o(.text)
    ANO_UART3::Init(unsigned)                0x080058f9   Thumb Code   198  ano_drv_uart3.o(.text)
    ANO_UART3::IRQ()                         0x080059bf   Thumb Code   174  ano_drv_uart3.o(.text)
    ANO_UART3::Put_Char(unsigned char)       0x08005a6d   Thumb Code    48  ano_drv_uart3.o(.text)
    ANO_UART3::Put_String(unsigned char*)    0x08005a9d   Thumb Code    58  ano_drv_uart3.o(.text)
    ANO_UART3::Put_Buf(unsigned char*, unsigned char) 0x08005ad7   Thumb Code    68  ano_drv_uart3.o(.text)
    NVIC_PriorityGroupConfig                 0x08005b3d   Thumb Code    10  misc.o(.text)
    NVIC_Init                                0x08005b47   Thumb Code   100  misc.o(.text)
    NVIC_SetVectorTable                      0x08005bab   Thumb Code    14  misc.o(.text)
    NVIC_SystemLPConfig                      0x08005bb9   Thumb Code    34  misc.o(.text)
    SysTick_CLKSourceConfig                  0x08005bdb   Thumb Code    40  misc.o(.text)
    GPIO_DeInit                              0x08005c19   Thumb Code   172  stm32f10x_gpio.o(.text)
    GPIO_AFIODeInit                          0x08005cc5   Thumb Code    20  stm32f10x_gpio.o(.text)
    GPIO_Init                                0x08005cd9   Thumb Code   278  stm32f10x_gpio.o(.text)
    GPIO_StructInit                          0x08005def   Thumb Code    16  stm32f10x_gpio.o(.text)
    GPIO_ReadInputDataBit                    0x08005dff   Thumb Code    18  stm32f10x_gpio.o(.text)
    GPIO_ReadInputData                       0x08005e11   Thumb Code     8  stm32f10x_gpio.o(.text)
    GPIO_ReadOutputDataBit                   0x08005e19   Thumb Code    18  stm32f10x_gpio.o(.text)
    GPIO_ReadOutputData                      0x08005e2b   Thumb Code     8  stm32f10x_gpio.o(.text)
    GPIO_SetBits                             0x08005e33   Thumb Code     4  stm32f10x_gpio.o(.text)
    GPIO_ResetBits                           0x08005e37   Thumb Code     4  stm32f10x_gpio.o(.text)
    GPIO_WriteBit                            0x08005e3b   Thumb Code    10  stm32f10x_gpio.o(.text)
    GPIO_Write                               0x08005e45   Thumb Code     4  stm32f10x_gpio.o(.text)
    GPIO_PinLockConfig                       0x08005e49   Thumb Code    18  stm32f10x_gpio.o(.text)
    GPIO_EventOutputConfig                   0x08005e5b   Thumb Code    26  stm32f10x_gpio.o(.text)
    GPIO_EventOutputCmd                      0x08005e75   Thumb Code     6  stm32f10x_gpio.o(.text)
    GPIO_PinRemapConfig                      0x08005e7b   Thumb Code   138  stm32f10x_gpio.o(.text)
    GPIO_EXTILineConfig                      0x08005f05   Thumb Code    66  stm32f10x_gpio.o(.text)
    GPIO_ETH_MediaInterfaceConfig            0x08005f47   Thumb Code     8  stm32f10x_gpio.o(.text)
    RCC_DeInit                               0x08005f75   Thumb Code    64  stm32f10x_rcc.o(.text)
    RCC_HSEConfig                            0x08005fb5   Thumb Code    70  stm32f10x_rcc.o(.text)
    RCC_GetFlagStatus                        0x08005ffb   Thumb Code    56  stm32f10x_rcc.o(.text)
    RCC_WaitForHSEStartUp                    0x08006033   Thumb Code    56  stm32f10x_rcc.o(.text)
    RCC_AdjustHSICalibrationValue            0x0800606b   Thumb Code    20  stm32f10x_rcc.o(.text)
    RCC_HSICmd                               0x0800607f   Thumb Code     6  stm32f10x_rcc.o(.text)
    RCC_PLLConfig                            0x08006085   Thumb Code    24  stm32f10x_rcc.o(.text)
    RCC_PLLCmd                               0x0800609d   Thumb Code     6  stm32f10x_rcc.o(.text)
    RCC_SYSCLKConfig                         0x080060a3   Thumb Code    18  stm32f10x_rcc.o(.text)
    RCC_GetSYSCLKSource                      0x080060b5   Thumb Code    10  stm32f10x_rcc.o(.text)
    RCC_HCLKConfig                           0x080060bf   Thumb Code    18  stm32f10x_rcc.o(.text)
    RCC_PCLK1Config                          0x080060d1   Thumb Code    18  stm32f10x_rcc.o(.text)
    RCC_PCLK2Config                          0x080060e3   Thumb Code    20  stm32f10x_rcc.o(.text)
    RCC_ITConfig                             0x080060f7   Thumb Code    26  stm32f10x_rcc.o(.text)
    RCC_USBCLKConfig                         0x08006111   Thumb Code     8  stm32f10x_rcc.o(.text)
    RCC_ADCCLKConfig                         0x08006119   Thumb Code    18  stm32f10x_rcc.o(.text)
    RCC_LSEConfig                            0x0800612b   Thumb Code    50  stm32f10x_rcc.o(.text)
    RCC_LSICmd                               0x0800615d   Thumb Code     6  stm32f10x_rcc.o(.text)
    RCC_RTCCLKConfig                         0x08006163   Thumb Code    12  stm32f10x_rcc.o(.text)
    RCC_RTCCLKCmd                            0x0800616f   Thumb Code     8  stm32f10x_rcc.o(.text)
    RCC_GetClocksFreq                        0x08006177   Thumb Code   192  stm32f10x_rcc.o(.text)
    RCC_AHBPeriphClockCmd                    0x08006237   Thumb Code    26  stm32f10x_rcc.o(.text)
    RCC_APB2PeriphClockCmd                   0x08006251   Thumb Code    26  stm32f10x_rcc.o(.text)
    RCC_APB1PeriphClockCmd                   0x0800626b   Thumb Code    26  stm32f10x_rcc.o(.text)
    RCC_APB2PeriphResetCmd                   0x08006285   Thumb Code    26  stm32f10x_rcc.o(.text)
    RCC_APB1PeriphResetCmd                   0x0800629f   Thumb Code    26  stm32f10x_rcc.o(.text)
    RCC_BackupResetCmd                       0x080062b9   Thumb Code     8  stm32f10x_rcc.o(.text)
    RCC_ClockSecuritySystemCmd               0x080062c1   Thumb Code     6  stm32f10x_rcc.o(.text)
    RCC_MCOConfig                            0x080062c7   Thumb Code     6  stm32f10x_rcc.o(.text)
    RCC_ClearFlag                            0x080062cd   Thumb Code    14  stm32f10x_rcc.o(.text)
    RCC_GetITStatus                          0x080062db   Thumb Code    20  stm32f10x_rcc.o(.text)
    RCC_ClearITPendingBit                    0x080062ef   Thumb Code     6  stm32f10x_rcc.o(.text)
    TIM_DeInit                               0x08006319   Thumb Code   424  stm32f10x_tim.o(.text)
    TIM_TimeBaseInit                         0x080064c1   Thumb Code   122  stm32f10x_tim.o(.text)
    TIM_OC1Init                              0x0800653b   Thumb Code   132  stm32f10x_tim.o(.text)
    TIM_OC2Init                              0x080065bf   Thumb Code   154  stm32f10x_tim.o(.text)
    TIM_OC3Init                              0x08006659   Thumb Code   150  stm32f10x_tim.o(.text)
    TIM_OC4Init                              0x080066ef   Thumb Code   182  stm32f10x_tim.o(.text)
    TIM_SetIC4Prescaler                      0x080067a5   Thumb Code    26  stm32f10x_tim.o(.text)
    TIM_SetIC3Prescaler                      0x08006841   Thumb Code    18  stm32f10x_tim.o(.text)
    TIM_SetIC2Prescaler                      0x080068cd   Thumb Code    26  stm32f10x_tim.o(.text)
    TIM_SetIC1Prescaler                      0x08006969   Thumb Code    18  stm32f10x_tim.o(.text)
    TIM_ICInit                               0x080069e7   Thumb Code   150  stm32f10x_tim.o(.text)
    TIM_PWMIConfig                           0x08006a7d   Thumb Code   124  stm32f10x_tim.o(.text)
    TIM_BDTRConfig                           0x08006af9   Thumb Code    32  stm32f10x_tim.o(.text)
    TIM_TimeBaseStructInit                   0x08006b19   Thumb Code    18  stm32f10x_tim.o(.text)
    TIM_OCStructInit                         0x08006b2b   Thumb Code    20  stm32f10x_tim.o(.text)
    TIM_ICStructInit                         0x08006b3f   Thumb Code    18  stm32f10x_tim.o(.text)
    TIM_BDTRStructInit                       0x08006b51   Thumb Code    40  stm32f10x_tim.o(.text)
    TIM_Cmd                                  0x08006b79   Thumb Code    24  stm32f10x_tim.o(.text)
    TIM_CtrlPWMOutputs                       0x08006b91   Thumb Code    30  stm32f10x_tim.o(.text)
    TIM_ITConfig                             0x08006baf   Thumb Code    18  stm32f10x_tim.o(.text)
    TIM_GenerateEvent                        0x08006bc1   Thumb Code     4  stm32f10x_tim.o(.text)
    TIM_DMAConfig                            0x08006bc5   Thumb Code    10  stm32f10x_tim.o(.text)
    TIM_DMACmd                               0x08006bcf   Thumb Code    18  stm32f10x_tim.o(.text)
    TIM_InternalClockConfig                  0x08006be1   Thumb Code    12  stm32f10x_tim.o(.text)
    TIM_SelectInputTrigger                   0x08006bed   Thumb Code    18  stm32f10x_tim.o(.text)
    TIM_ITRxExternalClockConfig              0x08006bff   Thumb Code    24  stm32f10x_tim.o(.text)
    TIM_TIxExternalClockConfig               0x08006c17   Thumb Code    62  stm32f10x_tim.o(.text)
    TIM_ETRConfig                            0x08006c55   Thumb Code    28  stm32f10x_tim.o(.text)
    TIM_ETRClockMode1Config                  0x08006c71   Thumb Code    54  stm32f10x_tim.o(.text)
    TIM_ETRClockMode2Config                  0x08006ca7   Thumb Code    32  stm32f10x_tim.o(.text)
    TIM_PrescalerConfig                      0x08006cc7   Thumb Code     6  stm32f10x_tim.o(.text)
    TIM_CounterModeConfig                    0x08006ccd   Thumb Code    18  stm32f10x_tim.o(.text)
    TIM_EncoderInterfaceConfig               0x08006cdf   Thumb Code    66  stm32f10x_tim.o(.text)
    TIM_ForcedOC1Config                      0x08006d21   Thumb Code    18  stm32f10x_tim.o(.text)
    TIM_ForcedOC2Config                      0x08006d33   Thumb Code    26  stm32f10x_tim.o(.text)
    TIM_ForcedOC3Config                      0x08006d4d   Thumb Code    18  stm32f10x_tim.o(.text)
    TIM_ForcedOC4Config                      0x08006d5f   Thumb Code    26  stm32f10x_tim.o(.text)
    TIM_ARRPreloadConfig                     0x08006d79   Thumb Code    24  stm32f10x_tim.o(.text)
    TIM_SelectCOM                            0x08006d91   Thumb Code    24  stm32f10x_tim.o(.text)
    TIM_SelectCCDMA                          0x08006da9   Thumb Code    24  stm32f10x_tim.o(.text)
    TIM_CCPreloadControl                     0x08006dc1   Thumb Code    24  stm32f10x_tim.o(.text)
    TIM_OC1PreloadConfig                     0x08006dd9   Thumb Code    18  stm32f10x_tim.o(.text)
    TIM_OC2PreloadConfig                     0x08006deb   Thumb Code    26  stm32f10x_tim.o(.text)
    TIM_OC3PreloadConfig                     0x08006e05   Thumb Code    18  stm32f10x_tim.o(.text)
    TIM_OC4PreloadConfig                     0x08006e17   Thumb Code    26  stm32f10x_tim.o(.text)
    TIM_OC1FastConfig                        0x08006e31   Thumb Code    18  stm32f10x_tim.o(.text)
    TIM_OC2FastConfig                        0x08006e43   Thumb Code    26  stm32f10x_tim.o(.text)
    TIM_OC3FastConfig                        0x08006e5d   Thumb Code    18  stm32f10x_tim.o(.text)
    TIM_OC4FastConfig                        0x08006e6f   Thumb Code    26  stm32f10x_tim.o(.text)
    TIM_ClearOC1Ref                          0x08006e89   Thumb Code    18  stm32f10x_tim.o(.text)
    TIM_ClearOC2Ref                          0x08006e9b   Thumb Code    24  stm32f10x_tim.o(.text)
    TIM_ClearOC3Ref                          0x08006eb3   Thumb Code    18  stm32f10x_tim.o(.text)
    TIM_ClearOC4Ref                          0x08006ec5   Thumb Code    24  stm32f10x_tim.o(.text)
    TIM_OC1PolarityConfig                    0x08006edd   Thumb Code    18  stm32f10x_tim.o(.text)
    TIM_OC1NPolarityConfig                   0x08006eef   Thumb Code    18  stm32f10x_tim.o(.text)
    TIM_OC2PolarityConfig                    0x08006f01   Thumb Code    26  stm32f10x_tim.o(.text)
    TIM_OC2NPolarityConfig                   0x08006f1b   Thumb Code    26  stm32f10x_tim.o(.text)
    TIM_OC3PolarityConfig                    0x08006f35   Thumb Code    26  stm32f10x_tim.o(.text)
    TIM_OC3NPolarityConfig                   0x08006f4f   Thumb Code    26  stm32f10x_tim.o(.text)
    TIM_OC4PolarityConfig                    0x08006f69   Thumb Code    26  stm32f10x_tim.o(.text)
    TIM_CCxCmd                               0x08006f83   Thumb Code    30  stm32f10x_tim.o(.text)
    TIM_CCxNCmd                              0x08006fa1   Thumb Code    30  stm32f10x_tim.o(.text)
    TIM_SelectOCxM                           0x08006fbf   Thumb Code    82  stm32f10x_tim.o(.text)
    TIM_UpdateDisableConfig                  0x08007011   Thumb Code    24  stm32f10x_tim.o(.text)
    TIM_UpdateRequestConfig                  0x08007029   Thumb Code    24  stm32f10x_tim.o(.text)
    TIM_SelectHallSensor                     0x08007041   Thumb Code    24  stm32f10x_tim.o(.text)
    TIM_SelectOnePulseMode                   0x08007059   Thumb Code    18  stm32f10x_tim.o(.text)
    TIM_SelectOutputTrigger                  0x0800706b   Thumb Code    18  stm32f10x_tim.o(.text)
    TIM_SelectSlaveMode                      0x0800707d   Thumb Code    18  stm32f10x_tim.o(.text)
    TIM_SelectMasterSlaveMode                0x0800708f   Thumb Code    18  stm32f10x_tim.o(.text)
    TIM_SetCounter                           0x080070a1   Thumb Code     4  stm32f10x_tim.o(.text)
    TIM_SetAutoreload                        0x080070a5   Thumb Code     4  stm32f10x_tim.o(.text)
    TIM_SetCompare1                          0x080070a9   Thumb Code     4  stm32f10x_tim.o(.text)
    TIM_SetCompare2                          0x080070ad   Thumb Code     4  stm32f10x_tim.o(.text)
    TIM_SetCompare3                          0x080070b1   Thumb Code     4  stm32f10x_tim.o(.text)
    TIM_SetCompare4                          0x080070b5   Thumb Code     6  stm32f10x_tim.o(.text)
    TIM_SetClockDivision                     0x080070bb   Thumb Code    18  stm32f10x_tim.o(.text)
    TIM_GetCapture1                          0x080070cd   Thumb Code     6  stm32f10x_tim.o(.text)
    TIM_GetCapture2                          0x080070d3   Thumb Code     6  stm32f10x_tim.o(.text)
    TIM_GetCapture3                          0x080070d9   Thumb Code     6  stm32f10x_tim.o(.text)
    TIM_GetCapture4                          0x080070df   Thumb Code     8  stm32f10x_tim.o(.text)
    TIM_GetCounter                           0x080070e7   Thumb Code     6  stm32f10x_tim.o(.text)
    TIM_GetPrescaler                         0x080070ed   Thumb Code     6  stm32f10x_tim.o(.text)
    TIM_GetFlagStatus                        0x080070f3   Thumb Code    18  stm32f10x_tim.o(.text)
    TIM_ClearFlag                            0x08007105   Thumb Code     6  stm32f10x_tim.o(.text)
    TIM_GetITStatus                          0x0800710b   Thumb Code    34  stm32f10x_tim.o(.text)
    TIM_ClearITPendingBit                    0x0800712d   Thumb Code     6  stm32f10x_tim.o(.text)
    USART_DeInit                             0x08007135   Thumb Code   134  stm32f10x_usart.o(.text)
    USART_Init                               0x080071bb   Thumb Code   210  stm32f10x_usart.o(.text)
    USART_StructInit                         0x0800728d   Thumb Code    24  stm32f10x_usart.o(.text)
    USART_ClockInit                          0x080072a5   Thumb Code    34  stm32f10x_usart.o(.text)
    USART_ClockStructInit                    0x080072c7   Thumb Code    12  stm32f10x_usart.o(.text)
    USART_Cmd                                0x080072d3   Thumb Code    24  stm32f10x_usart.o(.text)
    USART_ITConfig                           0x080072eb   Thumb Code    74  stm32f10x_usart.o(.text)
    USART_DMACmd                             0x08007335   Thumb Code    18  stm32f10x_usart.o(.text)
    USART_SetAddress                         0x08007347   Thumb Code    18  stm32f10x_usart.o(.text)
    USART_WakeUpConfig                       0x08007359   Thumb Code    18  stm32f10x_usart.o(.text)
    USART_ReceiverWakeUpCmd                  0x0800736b   Thumb Code    24  stm32f10x_usart.o(.text)
    USART_LINBreakDetectLengthConfig         0x08007383   Thumb Code    18  stm32f10x_usart.o(.text)
    USART_LINCmd                             0x08007395   Thumb Code    24  stm32f10x_usart.o(.text)
    USART_SendData                           0x080073ad   Thumb Code     8  stm32f10x_usart.o(.text)
    USART_ReceiveData                        0x080073b5   Thumb Code    10  stm32f10x_usart.o(.text)
    USART_SendBreak                          0x080073bf   Thumb Code    10  stm32f10x_usart.o(.text)
    USART_SetGuardTime                       0x080073c9   Thumb Code    16  stm32f10x_usart.o(.text)
    USART_SetPrescaler                       0x080073d9   Thumb Code    16  stm32f10x_usart.o(.text)
    USART_SmartCardCmd                       0x080073e9   Thumb Code    24  stm32f10x_usart.o(.text)
    USART_SmartCardNACKCmd                   0x08007401   Thumb Code    24  stm32f10x_usart.o(.text)
    USART_HalfDuplexCmd                      0x08007419   Thumb Code    24  stm32f10x_usart.o(.text)
    USART_OverSampling8Cmd                   0x08007431   Thumb Code    22  stm32f10x_usart.o(.text)
    USART_OneBitMethodCmd                    0x08007447   Thumb Code    24  stm32f10x_usart.o(.text)
    USART_IrDAConfig                         0x0800745f   Thumb Code    18  stm32f10x_usart.o(.text)
    USART_IrDACmd                            0x08007471   Thumb Code    24  stm32f10x_usart.o(.text)
    USART_GetFlagStatus                      0x08007489   Thumb Code    26  stm32f10x_usart.o(.text)
    USART_ClearFlag                          0x080074a3   Thumb Code    18  stm32f10x_usart.o(.text)
    USART_GetITStatus                        0x080074b5   Thumb Code    84  stm32f10x_usart.o(.text)
    USART_ClearITPendingBit                  0x08007509   Thumb Code    52  stm32f10x_usart.o(.text)
    FLASH_SetLatency                         0x0800753d   Thumb Code    18  stm32f10x_flash.o(.text)
    FLASH_HalfCycleAccessCmd                 0x0800754f   Thumb Code    22  stm32f10x_flash.o(.text)
    FLASH_PrefetchBufferCmd                  0x08007565   Thumb Code    22  stm32f10x_flash.o(.text)
    FLASH_Unlock                             0x0800757b   Thumb Code    12  stm32f10x_flash.o(.text)
    FLASH_UnlockBank1                        0x08007587   Thumb Code    12  stm32f10x_flash.o(.text)
    FLASH_Lock                               0x08007593   Thumb Code    14  stm32f10x_flash.o(.text)
    FLASH_LockBank1                          0x080075a1   Thumb Code    14  stm32f10x_flash.o(.text)
    FLASH_GetBank1Status                     0x080075af   Thumb Code    48  stm32f10x_flash.o(.text)
    FLASH_WaitForLastOperation               0x080075df   Thumb Code    38  stm32f10x_flash.o(.text)
    FLASH_ErasePage                          0x08007605   Thumb Code    72  stm32f10x_flash.o(.text)
    FLASH_EraseAllPages                      0x0800764d   Thumb Code    68  stm32f10x_flash.o(.text)
    FLASH_WaitForLastBank1Operation          0x08007691   Thumb Code    38  stm32f10x_flash.o(.text)
    FLASH_EraseAllBank1Pages                 0x080076b7   Thumb Code    68  stm32f10x_flash.o(.text)
    FLASH_GetReadOutProtectionStatus         0x080076fb   Thumb Code    20  stm32f10x_flash.o(.text)
    FLASH_EraseOptionBytes                   0x0800770f   Thumb Code   150  stm32f10x_flash.o(.text)
    FLASH_ProgramWord                        0x080077a5   Thumb Code   102  stm32f10x_flash.o(.text)
    FLASH_ProgramHalfWord                    0x0800780b   Thumb Code    60  stm32f10x_flash.o(.text)
    FLASH_ProgramOptionByteData              0x08007847   Thumb Code    72  stm32f10x_flash.o(.text)
    FLASH_EnableWriteProtection              0x0800788f   Thumb Code   200  stm32f10x_flash.o(.text)
    FLASH_ReadOutProtection                  0x08007957   Thumb Code   156  stm32f10x_flash.o(.text)
    FLASH_UserOptionByteConfig               0x080079f3   Thumb Code    88  stm32f10x_flash.o(.text)
    FLASH_GetUserOptionByte                  0x08007a4b   Thumb Code     8  stm32f10x_flash.o(.text)
    FLASH_GetWriteProtectionOptionByte       0x08007a53   Thumb Code     6  stm32f10x_flash.o(.text)
    FLASH_GetPrefetchBufferStatus            0x08007a59   Thumb Code    20  stm32f10x_flash.o(.text)
    FLASH_ITConfig                           0x08007a6d   Thumb Code    26  stm32f10x_flash.o(.text)
    FLASH_GetFlagStatus                      0x08007a87   Thumb Code    42  stm32f10x_flash.o(.text)
    FLASH_ClearFlag                          0x08007ab1   Thumb Code     6  stm32f10x_flash.o(.text)
    FLASH_GetStatus                          0x08007ab7   Thumb Code    48  stm32f10x_flash.o(.text)
    SystemInit                               0x08007bd7   Thumb Code    78  system_stm32f10x.o(.text)
    SystemCoreClockUpdate                    0x08007c25   Thumb Code   142  system_stm32f10x.o(.text)
    Reset_Handler                            0x08007cd9   Thumb Code     8  startup_stm32f10x_md.o(.text)
    HardFault_Handler                        0x08007ce3   Thumb Code     2  startup_stm32f10x_md.o(.text)
    PendSV_Handler                           0x08007cef   Thumb Code     2  startup_stm32f10x_md.o(.text)
    ADC1_2_IRQHandler                        0x08007cf3   Thumb Code     0  startup_stm32f10x_md.o(.text)
    CAN1_RX1_IRQHandler                      0x08007cf3   Thumb Code     0  startup_stm32f10x_md.o(.text)
    CAN1_SCE_IRQHandler                      0x08007cf3   Thumb Code     0  startup_stm32f10x_md.o(.text)
    DMA1_Channel1_IRQHandler                 0x08007cf3   Thumb Code     0  startup_stm32f10x_md.o(.text)
    DMA1_Channel2_IRQHandler                 0x08007cf3   Thumb Code     0  startup_stm32f10x_md.o(.text)
    DMA1_Channel3_IRQHandler                 0x08007cf3   Thumb Code     0  startup_stm32f10x_md.o(.text)
    DMA1_Channel4_IRQHandler                 0x08007cf3   Thumb Code     0  startup_stm32f10x_md.o(.text)
    DMA1_Channel5_IRQHandler                 0x08007cf3   Thumb Code     0  startup_stm32f10x_md.o(.text)
    DMA1_Channel6_IRQHandler                 0x08007cf3   Thumb Code     0  startup_stm32f10x_md.o(.text)
    DMA1_Channel7_IRQHandler                 0x08007cf3   Thumb Code     0  startup_stm32f10x_md.o(.text)
    EXTI0_IRQHandler                         0x08007cf3   Thumb Code     0  startup_stm32f10x_md.o(.text)
    EXTI15_10_IRQHandler                     0x08007cf3   Thumb Code     0  startup_stm32f10x_md.o(.text)
    EXTI1_IRQHandler                         0x08007cf3   Thumb Code     0  startup_stm32f10x_md.o(.text)
    EXTI2_IRQHandler                         0x08007cf3   Thumb Code     0  startup_stm32f10x_md.o(.text)
    EXTI3_IRQHandler                         0x08007cf3   Thumb Code     0  startup_stm32f10x_md.o(.text)
    EXTI4_IRQHandler                         0x08007cf3   Thumb Code     0  startup_stm32f10x_md.o(.text)
    EXTI9_5_IRQHandler                       0x08007cf3   Thumb Code     0  startup_stm32f10x_md.o(.text)
    FLASH_IRQHandler                         0x08007cf3   Thumb Code     0  startup_stm32f10x_md.o(.text)
    I2C1_ER_IRQHandler                       0x08007cf3   Thumb Code     0  startup_stm32f10x_md.o(.text)
    I2C1_EV_IRQHandler                       0x08007cf3   Thumb Code     0  startup_stm32f10x_md.o(.text)
    I2C2_ER_IRQHandler                       0x08007cf3   Thumb Code     0  startup_stm32f10x_md.o(.text)
    I2C2_EV_IRQHandler                       0x08007cf3   Thumb Code     0  startup_stm32f10x_md.o(.text)
    PVD_IRQHandler                           0x08007cf3   Thumb Code     0  startup_stm32f10x_md.o(.text)
    RCC_IRQHandler                           0x08007cf3   Thumb Code     0  startup_stm32f10x_md.o(.text)
    RTCAlarm_IRQHandler                      0x08007cf3   Thumb Code     0  startup_stm32f10x_md.o(.text)
    RTC_IRQHandler                           0x08007cf3   Thumb Code     0  startup_stm32f10x_md.o(.text)
    SPI1_IRQHandler                          0x08007cf3   Thumb Code     0  startup_stm32f10x_md.o(.text)
    SPI2_IRQHandler                          0x08007cf3   Thumb Code     0  startup_stm32f10x_md.o(.text)
    TAMPER_IRQHandler                        0x08007cf3   Thumb Code     0  startup_stm32f10x_md.o(.text)
    TIM1_BRK_IRQHandler                      0x08007cf3   Thumb Code     0  startup_stm32f10x_md.o(.text)
    TIM1_CC_IRQHandler                       0x08007cf3   Thumb Code     0  startup_stm32f10x_md.o(.text)
    TIM1_TRG_COM_IRQHandler                  0x08007cf3   Thumb Code     0  startup_stm32f10x_md.o(.text)
    TIM1_UP_IRQHandler                       0x08007cf3   Thumb Code     0  startup_stm32f10x_md.o(.text)
    TIM2_IRQHandler                          0x08007cf3   Thumb Code     0  startup_stm32f10x_md.o(.text)
    TIM3_IRQHandler                          0x08007cf3   Thumb Code     0  startup_stm32f10x_md.o(.text)
    TIM4_IRQHandler                          0x08007cf3   Thumb Code     0  startup_stm32f10x_md.o(.text)
    USART2_IRQHandler                        0x08007cf3   Thumb Code     0  startup_stm32f10x_md.o(.text)
    USBWakeUp_IRQHandler                     0x08007cf3   Thumb Code     0  startup_stm32f10x_md.o(.text)
    USB_HP_CAN1_TX_IRQHandler                0x08007cf3   Thumb Code     0  startup_stm32f10x_md.o(.text)
    USB_LP_CAN1_RX0_IRQHandler               0x08007cf3   Thumb Code     0  startup_stm32f10x_md.o(.text)
    WWDG_IRQHandler                          0x08007cf3   Thumb Code     0  startup_stm32f10x_md.o(.text)
    __user_initial_stackheap                 0x08007cf5   Thumb Code     0  startup_stm32f10x_md.o(.text)
    SPI_I2S_DeInit                           0x08007d19   Thumb Code    76  stm32f10x_spi.o(.text)
    SPI_Init                                 0x08007d65   Thumb Code    60  stm32f10x_spi.o(.text)
    I2S_Init                                 0x08007da1   Thumb Code   226  stm32f10x_spi.o(.text)
    SPI_StructInit                           0x08007e83   Thumb Code    24  stm32f10x_spi.o(.text)
    I2S_StructInit                           0x08007e9b   Thumb Code    20  stm32f10x_spi.o(.text)
    SPI_Cmd                                  0x08007eaf   Thumb Code    24  stm32f10x_spi.o(.text)
    I2S_Cmd                                  0x08007ec7   Thumb Code    24  stm32f10x_spi.o(.text)
    SPI_I2S_ITConfig                         0x08007edf   Thumb Code    32  stm32f10x_spi.o(.text)
    SPI_I2S_DMACmd                           0x08007eff   Thumb Code    18  stm32f10x_spi.o(.text)
    SPI_I2S_SendData                         0x08007f11   Thumb Code     4  stm32f10x_spi.o(.text)
    SPI_I2S_ReceiveData                      0x08007f15   Thumb Code     6  stm32f10x_spi.o(.text)
    SPI_NSSInternalSoftwareConfig            0x08007f1b   Thumb Code    30  stm32f10x_spi.o(.text)
    SPI_SSOutputCmd                          0x08007f39   Thumb Code    24  stm32f10x_spi.o(.text)
    SPI_DataSizeConfig                       0x08007f51   Thumb Code    18  stm32f10x_spi.o(.text)
    SPI_TransmitCRC                          0x08007f63   Thumb Code    10  stm32f10x_spi.o(.text)
    SPI_CalculateCRC                         0x08007f6d   Thumb Code    24  stm32f10x_spi.o(.text)
    SPI_GetCRC                               0x08007f85   Thumb Code    16  stm32f10x_spi.o(.text)
    SPI_GetCRCPolynomial                     0x08007f95   Thumb Code     6  stm32f10x_spi.o(.text)
    SPI_BiDirectionalLineConfig              0x08007f9b   Thumb Code    28  stm32f10x_spi.o(.text)
    SPI_I2S_GetFlagStatus                    0x08007fb7   Thumb Code    18  stm32f10x_spi.o(.text)
    SPI_I2S_ClearFlag                        0x08007fc9   Thumb Code     6  stm32f10x_spi.o(.text)
    SPI_I2S_GetITStatus                      0x08007fcf   Thumb Code    52  stm32f10x_spi.o(.text)
    SPI_I2S_ClearITPendingBit                0x08008003   Thumb Code    20  stm32f10x_spi.o(.text)
    __use_two_region_memory                  0x08008025   Thumb Code     2  heapauxi.o(.text)
    __rt_heap_escrow                         0x08008027   Thumb Code     2  heapauxi.o(.text)
    __rt_heap_expand                         0x08008029   Thumb Code     2  heapauxi.o(.text)
    __cpp_initialize__aeabi_                 0x0800802d   Thumb Code    26  init_aeabi.o(.text)
    __read_errno                             0x08008051   Thumb Code    10  _rserrno.o(.text)
    __set_errno                              0x0800805b   Thumb Code    12  _rserrno.o(.text)
    __aeabi_errno_addr                       0x08008069   Thumb Code     8  rt_errno_addr_intlibspace.o(.text)
    __errno$intlibspace                      0x08008069   Thumb Code     0  rt_errno_addr_intlibspace.o(.text)
    __rt_errno_addr$intlibspace              0x08008069   Thumb Code     0  rt_errno_addr_intlibspace.o(.text)
    __user_libspace                          0x08008071   Thumb Code     8  libspace.o(.text)
    __user_perproc_libspace                  0x08008071   Thumb Code     0  libspace.o(.text)
    __user_perthread_libspace                0x08008071   Thumb Code     0  libspace.o(.text)
    __user_setup_stackheap                   0x08008079   Thumb Code    74  sys_stackheap_outer.o(.text)
    exit                                     0x080080c3   Thumb Code    12  exit.o(.text)
    _sys_exit                                0x080080d1   Thumb Code     8  sys_exit.o(.text)
    __I$use$semihosting                      0x080080dd   Thumb Code     0  use_no_semi.o(.text)
    __use_no_semihosting_swi                 0x080080dd   Thumb Code     2  use_no_semi.o(.text)
    ANO_Filter::LPF2ndData_t::LPF2ndData_t() 0x080080df   Thumb Code    30  ano_imu.o(i._ZN10ANO_Filter12LPF2ndData_tC1Ev)
    ANO_Filter::LPF2ndData_t::LPF2ndData_t__sub_object() 0x080080df   Thumb Code     0  ano_imu.o(i._ZN10ANO_Filter12LPF2ndData_tC1Ev)
    __semihosting_library_function           0x080080df   Thumb Code     0  indicate_semi.o(.text)
    ANO_PID::set_pid(float, float, float, float) 0x080080fd   Thumb Code    14  ano_flycontrol.o(i._ZN7ANO_PID7set_pidEffff)
    ANO_PID::ANO_PID()                       0x0800810b   Thumb Code    12  ano_flycontrol.o(i._ZN7ANO_PIDC1Ev)
    ANO_PID::ANO_PID__sub_object()           0x0800810b   Thumb Code     0  ano_flycontrol.o(i._ZN7ANO_PIDC1Ev)
    __ARM_fpclassifyf                        0x08008117   Thumb Code    38  fpclassifyf.o(i.__ARM_fpclassifyf)
    __ARM_isnanf                             0x0800813d   Thumb Code    14  ano_math.o(i.__ARM_isnanf)
    __aeabi_vec_ctor_nocookie_nodtor         0x0800814b   Thumb Code    36  aeabi_vec_ctor_nocookie_nodtor.o(i.__aeabi_vec_ctor_nocookie_nodtor)
    __cxa_guard_acquire                      0x0800816f   Thumb Code    16  cxa_guard_acquire.o(i.__cxa_guard_acquire)
    __mathlib_flt_underflow                  0x0800817f   Thumb Code    10  funder.o(i.__mathlib_flt_underflow)
    __mathlib_rredf2                         0x08008189   Thumb Code   326  rredf.o(i.__mathlib_rredf2)
    asinf                                    0x080082e1   Thumb Code   260  asinf.o(i.asinf)
    atan2f                                   0x08008409   Thumb Code   528  atan2f.o(i.atan2f)
    cosf                                     0x08008665   Thumb Code   334  cosf.o(i.cosf)
    __mathlib_powf                           0x080087e9   Thumb Code     0  powf.o(i.powf)
    powf                                     0x080087e9   Thumb Code  1538  powf.o(i.powf)
    sinf                                     0x08008e05   Thumb Code   344  sinf.o(i.sinf)
    sqrtf                                    0x08008f91   Thumb Code    44  sqrtf.o(i.sqrtf)
    Matrix3<float>::from_euler(const Vector3<float>&) 0x08008fbd   Thumb Code   264  ano_matrix3.o(t._ZN7Matrix3IfE10from_eulerERK7Vector3IfE)
    Matrix3<float>::Matrix3()                0x080090c5   Thumb Code    40  ano_imu.o(t._ZN7Matrix3IfEC1Ev)
    Matrix3<float>::Matrix3__sub_object()    0x080090c5   Thumb Code     0  ano_imu.o(t._ZN7Matrix3IfEC1Ev)
    Vector3<double>::Vector3()               0x080090ed   Thumb Code    16  ano_imu.o(t._ZN7Vector3IdEC1Ev)
    Vector3<double>::Vector3__sub_object()   0x080090ed   Thumb Code     0  ano_imu.o(t._ZN7Vector3IdEC1Ev)
    Vector3<float>::get_rollpitch(Vector3<float>&) 0x080090fd   Thumb Code    84  ano_vector3.o(t._ZN7Vector3IfE13get_rollpitchERS0_)
    Vector3<float>::get_yaw(Vector3<float>&) 0x08009151   Thumb Code    24  ano_vector3.o(t._ZN7Vector3IfE7get_yawERS0_)
    Vector3<float>::Vector3(float, float, float) 0x08009169   Thumb Code     8  ano_imu.o(t._ZN7Vector3IfEC1Efff)
    Vector3<float>::Vector3__sub_object(float, float, float) 0x08009169   Thumb Code     0  ano_imu.o(t._ZN7Vector3IfEC1Efff)
    Vector3<float>::Vector3()                0x08009171   Thumb Code    10  ano_imu.o(t._ZN7Vector3IfEC1Ev)
    Vector3<float>::Vector3__sub_object()    0x08009171   Thumb Code     0  ano_imu.o(t._ZN7Vector3IfEC1Ev)
    Vector3<float>::operator ()(float, float, float) 0x0800917b   Thumb Code     8  ano_navgation.o(t._ZN7Vector3IfEclEfff)
    Vector3<float>::operator /=(float)       0x08009183   Thumb Code    40  ano_vector3.o(t._ZN7Vector3IfEdVEf)
    Vector3<float>::operator +=(const Vector3<float>&) 0x080091ab   Thumb Code    40  ano_vector3.o(t._ZN7Vector3IfEpLERKS0_)
    Vector3<short>::Vector3()                0x080091d3   Thumb Code    10  ano_drv_mpu6050.o(t._ZN7Vector3IsEC1Ev)
    Vector3<short>::Vector3__sub_object()    0x080091d3   Thumb Code     0  ano_drv_mpu6050.o(t._ZN7Vector3IsEC1Ev)
    Vector3<short>::operator ()(short, short, short) 0x080091dd   Thumb Code     8  ano_drv_mpu6050.o(t._ZN7Vector3IsEclEsss)
    Matrix3<float>::operator *(const Vector3<float>&) const 0x080091e5   Thumb Code   164  ano_matrix3.o(t._ZNK7Matrix3IfEmlERK7Vector3IfE)
    Vector3<float>::length() const           0x08009289   Thumb Code    14  ano_vector3.o(t._ZNK7Vector3IfE6lengthEv)
    Vector3<float>::operator /(float) const  0x08009297   Thumb Code    56  ano_vector3.o(t._ZNK7Vector3IfEdvEf)
    Vector3<float>::operator -(const Vector3<float>&) const 0x080092cf   Thumb Code    56  ano_vector3.o(t._ZNK7Vector3IfEmiERKS0_)
    Vector3<float>::operator *(const Vector3<float>&) const 0x08009307   Thumb Code    56  ano_vector3.o(t._ZNK7Vector3IfEmlERKS0_)
    Vector3<float>::operator *(float) const  0x0800933f   Thumb Code    56  ano_vector3.o(t._ZNK7Vector3IfEmlEf)
    Vector3<float>::operator +(const Vector3<float>&) const 0x08009377   Thumb Code    56  ano_vector3.o(t._ZNK7Vector3IfEplERKS0_)
    Vector3<float>::operator %(const Vector3<float>&) const 0x080093af   Thumb Code   118  ano_vector3.o(t._ZNK7Vector3IfErmERKS0_)
    __aeabi_d2f                              0x08009425   Thumb Code     0  d2f.o(x$fpl$d2f)
    _d2f                                     0x08009425   Thumb Code    98  d2f.o(x$fpl$d2f)
    __aeabi_dadd                             0x08009489   Thumb Code     0  daddsub_clz.o(x$fpl$dadd)
    _dadd                                    0x08009489   Thumb Code   332  daddsub_clz.o(x$fpl$dadd)
    __aeabi_d2iz                             0x080095d9   Thumb Code     0  dfix.o(x$fpl$dfix)
    _dfix                                    0x080095d9   Thumb Code    94  dfix.o(x$fpl$dfix)
    __aeabi_i2d                              0x08009637   Thumb Code     0  dflt_clz.o(x$fpl$dflt)
    _dflt                                    0x08009637   Thumb Code    46  dflt_clz.o(x$fpl$dflt)
    __aeabi_ui2d                             0x08009665   Thumb Code     0  dflt_clz.o(x$fpl$dfltu)
    _dfltu                                   0x08009665   Thumb Code    38  dflt_clz.o(x$fpl$dfltu)
    __aeabi_dmul                             0x0800968d   Thumb Code     0  dmul.o(x$fpl$dmul)
    _dmul                                    0x0800968d   Thumb Code   332  dmul.o(x$fpl$dmul)
    __fpl_dnaninf                            0x080097e1   Thumb Code   156  dnaninf.o(x$fpl$dnaninf)
    __fpl_dretinf                            0x0800987d   Thumb Code    12  dretinf.o(x$fpl$dretinf)
    __aeabi_dsub                             0x08009889   Thumb Code     0  daddsub_clz.o(x$fpl$dsub)
    _dsub                                    0x08009889   Thumb Code   464  daddsub_clz.o(x$fpl$dsub)
    __aeabi_f2d                              0x08009a5d   Thumb Code     0  f2d.o(x$fpl$f2d)
    _f2d                                     0x08009a5d   Thumb Code    86  f2d.o(x$fpl$f2d)
    __aeabi_fadd                             0x08009ab5   Thumb Code     0  faddsub_clz.o(x$fpl$fadd)
    _fadd                                    0x08009ab5   Thumb Code   196  faddsub_clz.o(x$fpl$fadd)
    __fpl_fcheck_NaN1                        0x08009b79   Thumb Code     6  fcheck1.o(x$fpl$fcheck1)
    __fpl_fcmp_Inf                           0x08009b85   Thumb Code    24  fcmpi.o(x$fpl$fcmpinf)
    __aeabi_fdiv                             0x08009b9d   Thumb Code     0  fdiv.o(x$fpl$fdiv)
    _fdiv                                    0x08009b9d   Thumb Code   384  fdiv.o(x$fpl$fdiv)
    __aeabi_cfcmpeq                          0x08009d21   Thumb Code     0  feqf.o(x$fpl$feqf)
    _fcmpeq                                  0x08009d21   Thumb Code   104  feqf.o(x$fpl$feqf)
    __aeabi_f2iz                             0x08009d89   Thumb Code     0  ffix.o(x$fpl$ffix)
    _ffix                                    0x08009d89   Thumb Code    54  ffix.o(x$fpl$ffix)
    _ffix_r                                  0x08009dc1   Thumb Code    82  ffix.o(x$fpl$ffixr)
    __aeabi_f2uiz                            0x08009e15   Thumb Code     0  ffixu.o(x$fpl$ffixu)
    _ffixu                                   0x08009e15   Thumb Code    62  ffixu.o(x$fpl$ffixu)
    __aeabi_i2f                              0x08009e55   Thumb Code     0  fflt_clz.o(x$fpl$fflt)
    _fflt                                    0x08009e55   Thumb Code    48  fflt_clz.o(x$fpl$fflt)
    __aeabi_ui2f                             0x08009e85   Thumb Code     0  fflt_clz.o(x$fpl$ffltu)
    _ffltu                                   0x08009e85   Thumb Code    38  fflt_clz.o(x$fpl$ffltu)
    __aeabi_cfcmple                          0x08009ead   Thumb Code     0  fleqf.o(x$fpl$fleqf)
    _fcmple                                  0x08009ead   Thumb Code   104  fleqf.o(x$fpl$fleqf)
    __fpl_fcmple_InfNaN                      0x08009eff   Thumb Code     0  fleqf.o(x$fpl$fleqf)
    __aeabi_fmul                             0x08009f15   Thumb Code     0  fmul.o(x$fpl$fmul)
    _fmul                                    0x08009f15   Thumb Code   258  fmul.o(x$fpl$fmul)
    __fpl_fnaninf                            0x0800a017   Thumb Code   140  fnaninf.o(x$fpl$fnaninf)
    __fpl_fretinf                            0x0800a0a3   Thumb Code    10  fretinf.o(x$fpl$fretinf)
    __aeabi_cfrcmple                         0x0800a0ad   Thumb Code     0  frleqf.o(x$fpl$frleqf)
    _frcmple                                 0x0800a0ad   Thumb Code    98  frleqf.o(x$fpl$frleqf)
    _frnd                                    0x0800a111   Thumb Code    96  frnd.o(x$fpl$frnd)
    __aeabi_frsub                            0x0800a171   Thumb Code     0  faddsub_clz.o(x$fpl$frsb)
    _frsb                                    0x0800a171   Thumb Code    20  faddsub_clz.o(x$fpl$frsb)
    _fsqrt                                   0x0800a185   Thumb Code   272  fsqrt.o(x$fpl$fsqrt)
    __aeabi_fsub                             0x0800a295   Thumb Code     0  faddsub_clz.o(x$fpl$fsub)
    _fsub                                    0x0800a295   Thumb Code   234  faddsub_clz.o(x$fpl$fsub)
    __fpl_return_NaN                         0x0800a37f   Thumb Code   100  retnan.o(x$fpl$retnan)
    __ARM_scalbnf                            0x0800a3e3   Thumb Code    76  scalbnf.o(x$fpl$scalbnf)
    __fpl_cmpreturn                          0x0800a42f   Thumb Code    48  trapv.o(x$fpl$trapveneer)
    __I$use$fp                               0x0800a45e   Number         0  usenofp.o(x$fpl$usenofp)
    VirtAddVarTab                            0x0800a466   Data          50  ano_drv_eeprom.o(.constdata)
    Region$$Table$$Base                      0x0800a5f8   Number         0  anon$$obj.o(Region$$Table)
    Region$$Table$$Limit                     0x0800a618   Number         0  anon$$obj.o(Region$$Table)
    SHT$$INIT_ARRAY$$Base                    0x0800a618   Number         0  ano_config.o(.init_array)
    SHT$$INIT_ARRAY$$Limit                   0x0800a638   Number         0  init_aeabi.o(.init_array)
    param                                    0x20000040   Data           1  ano_param.o(.data)
    FirstInitFlag                            0x20000042   Data           2  ano_param.o(.data)
    TX_ADDRESS                               0x20000076   Data           5  ano_drv_nrf24l01.o(.data)
    RX_ADDRESS                               0x2000007b   Data           5  ano_drv_nrf24l01.o(.data)
    pwm                                      0x20000080   Data           1  ano_drv_pwm.o(.data)
    DataVar                                  0x20000084   Data           2  ano_drv_eeprom.o(.data)
    CurWrAddress                             0x20000088   Data           4  ano_drv_eeprom.o(.data)
    led                                      0x2000008c   Data           1  ano_drv_led.o(.data)
    uart3                                    0x20000099   Data           1  ano_drv_uart3.o(.data)
    TxCounter3                               0x2000009a   Data           1  ano_drv_uart3.o(.data)
    count3                                   0x2000009b   Data           1  ano_drv_uart3.o(.data)
    SystemCoreClock                          0x200000b4   Data           4  system_stm32f10x.o(.data)
    AHBPrescTable                            0x200000b8   Data          16  system_stm32f10x.o(.data)
    ano                                      0x200000c8   Data          16  ano_config.o(.bss)
    scheduler                                0x200000d8   Data          10  ano_scheduler.o(.bss)
    imu                                      0x200000e4   Data         168  ano_imu.o(.bss)
    dt                                       0x200001bc   Data          65  ano_dt.o(.bss)
    motor                                    0x200001fe   Data          12  ano_motor.o(.bss)
    rc                                       0x2000020a   Data          66  ano_rc.o(.bss)
    fc                                       0x2000024c   Data         248  ano_flycontrol.o(.bss)
    nav                                      0x20000344   Data         188  ano_navgation.o(.bss)
    mpu6050                                  0x20000400   Data          64  ano_drv_mpu6050.o(.bss)
    nrf                                      0x20000458   Data         510  ano_drv_nrf24l01.o(.bss)
    ms5611                                   0x20000658   Data          40  ano_drv_ms5611.o(.bss)
    TxBuffer3                                0x20000680   Data         256  ano_drv_uart3.o(.bss)
    __libspace_start                         0x200007b4   Data          96  libspace.o(.bss)
    __temporary_stack_top$libspace           0x20000814   Data           0  libspace.o(.bss)



==============================================================================

Memory Map of the image

  Image Entry point : 0x080000ed

  Load Region LR_IROM1 (Base: 0x08000000, Size: 0x0000a700, Max: 0x00010000, ABSOLUTE)

    Execution Region ER_IROM1 (Base: 0x08000000, Size: 0x0000a638, Max: 0x00010000, ABSOLUTE)

    Base Addr    Size         Type   Attr      Idx    E Section Name        Object

    0x08000000   0x000000ec   Data   RO         1762    RESET               startup_stm32f10x_md.o
    0x080000ec   0x00000008   Code   RO         1794  * !!!main             c_w.l(__main.o)
    0x080000f4   0x00000034   Code   RO         2246    !!!scatter          c_w.l(__scatter.o)
    0x08000128   0x0000001a   Code   RO         2248    !!handler_copy      c_w.l(__scatter_copy.o)
    0x08000142   0x00000002   PAD
    0x08000144   0x0000001c   Code   RO         2250    !!handler_zi        c_w.l(__scatter_zi.o)
    0x08000160   0x00000002   Code   RO         2049    .ARM.Collect$$libinit$$00000000  c_w.l(libinit.o)
    0x08000162   0x00000000   Code   RO         1933    .ARM.Collect$$libinit$$00000002  c_w.l(libinit2.o)
    0x08000162   0x00000000   Code   RO         1936    .ARM.Collect$$libinit$$00000008  c_w.l(libinit2.o)
    0x08000162   0x00000000   Code   RO         1938    .ARM.Collect$$libinit$$0000000A  c_w.l(libinit2.o)
    0x08000162   0x00000000   Code   RO         1940    .ARM.Collect$$libinit$$0000000C  c_w.l(libinit2.o)
    0x08000162   0x00000000   Code   RO         1943    .ARM.Collect$$libinit$$0000000F  c_w.l(libinit2.o)
    0x08000162   0x00000000   Code   RO         1945    .ARM.Collect$$libinit$$00000011  c_w.l(libinit2.o)
    0x08000162   0x00000000   Code   RO         1947    .ARM.Collect$$libinit$$00000013  c_w.l(libinit2.o)
    0x08000162   0x00000000   Code   RO         1949    .ARM.Collect$$libinit$$00000015  c_w.l(libinit2.o)
    0x08000162   0x00000000   Code   RO         1951    .ARM.Collect$$libinit$$00000017  c_w.l(libinit2.o)
    0x08000162   0x00000000   Code   RO         1953    .ARM.Collect$$libinit$$00000019  c_w.l(libinit2.o)
    0x08000162   0x00000000   Code   RO         1955    .ARM.Collect$$libinit$$0000001B  c_w.l(libinit2.o)
    0x08000162   0x00000000   Code   RO         1957    .ARM.Collect$$libinit$$0000001D  c_w.l(libinit2.o)
    0x08000162   0x00000000   Code   RO         1959    .ARM.Collect$$libinit$$0000001F  c_w.l(libinit2.o)
    0x08000162   0x00000000   Code   RO         1961    .ARM.Collect$$libinit$$00000021  c_w.l(libinit2.o)
    0x08000162   0x00000000   Code   RO         1963    .ARM.Collect$$libinit$$00000023  c_w.l(libinit2.o)
    0x08000162   0x00000000   Code   RO         1967    .ARM.Collect$$libinit$$0000002A  c_w.l(libinit2.o)
    0x08000162   0x00000000   Code   RO         1969    .ARM.Collect$$libinit$$0000002C  c_w.l(libinit2.o)
    0x08000162   0x00000000   Code   RO         1971    .ARM.Collect$$libinit$$0000002E  c_w.l(libinit2.o)
    0x08000162   0x00000004   Code   RO         1972    .ARM.Collect$$libinit$$0000002F  c_w.l(libinit2.o)
    0x08000166   0x00000000   Code   RO         1973    .ARM.Collect$$libinit$$00000030  c_w.l(libinit2.o)
    0x08000166   0x00000002   Code   RO         1974    .ARM.Collect$$libinit$$00000031  c_w.l(libinit2.o)
    0x08000168   0x00000002   Code   RO         2204    .ARM.Collect$$libshutdown$$00000000  c_w.l(libshutdown.o)
    0x0800016a   0x00000000   Code   RO         2213    .ARM.Collect$$libshutdown$$00000003  c_w.l(libshutdown2.o)
    0x0800016a   0x00000000   Code   RO         2216    .ARM.Collect$$libshutdown$$00000006  c_w.l(libshutdown2.o)
    0x0800016a   0x00000000   Code   RO         2219    .ARM.Collect$$libshutdown$$00000009  c_w.l(libshutdown2.o)
    0x0800016a   0x00000000   Code   RO         2221    .ARM.Collect$$libshutdown$$0000000B  c_w.l(libshutdown2.o)
    0x0800016a   0x00000000   Code   RO         2224    .ARM.Collect$$libshutdown$$0000000E  c_w.l(libshutdown2.o)
    0x0800016a   0x00000002   Code   RO         2225    .ARM.Collect$$libshutdown$$0000000F  c_w.l(libshutdown2.o)
    0x0800016c   0x00000000   Code   RO         1929    .ARM.Collect$$rtentry$$00000000  c_w.l(rtentry.o)
    0x0800016c   0x00000000   Code   RO         2006    .ARM.Collect$$rtentry$$00000002  c_w.l(rtentry2.o)
    0x0800016c   0x00000006   Code   RO         2018    .ARM.Collect$$rtentry$$00000004  c_w.l(rtentry4.o)
    0x08000172   0x00000000   Code   RO         2008    .ARM.Collect$$rtentry$$00000009  c_w.l(rtentry2.o)
    0x08000172   0x00000004   Code   RO         2009    .ARM.Collect$$rtentry$$0000000A  c_w.l(rtentry2.o)
    0x08000176   0x00000000   Code   RO         2011    .ARM.Collect$$rtentry$$0000000C  c_w.l(rtentry2.o)
    0x08000176   0x00000008   Code   RO         2012    .ARM.Collect$$rtentry$$0000000D  c_w.l(rtentry2.o)
    0x0800017e   0x00000002   Code   RO         2060    .ARM.Collect$$rtexit$$00000000  c_w.l(rtexit.o)
    0x08000180   0x00000000   Code   RO         2144    .ARM.Collect$$rtexit$$00000002  c_w.l(rtexit2.o)
    0x08000180   0x00000004   Code   RO         2145    .ARM.Collect$$rtexit$$00000003  c_w.l(rtexit2.o)
    0x08000184   0x00000006   Code   RO         2146    .ARM.Collect$$rtexit$$00000004  c_w.l(rtexit2.o)
    0x0800018a   0x00000002   PAD
    0x0800018c   0x0000002c   Code   RO            3    .text               anocopter.o
    0x080001b8   0x000000bc   Code   RO          195    .text               ano_config.o
    0x08000274   0x000000ec   Code   RO          226    .text               ano_scheduler.o
    0x08000360   0x00000334   Code   RO          290    .text               ano_filter.o
    0x08000694   0x000004c4   Code   RO          329    .text               ano_imu.o
    0x08000b58   0x00001230   Code   RO          420    .text               ano_dt.o
    0x08001d88   0x000005b0   Code   RO          447    .text               ano_motor.o
    0x08002338   0x0000042c   Code   RO          617    .text               ano_rc.o
    0x08002764   0x0000016c   Code   RO          644    .text               ano_pid.o
    0x080028d0   0x00000544   Code   RO          673    .text               ano_flycontrol.o
    0x08002e14   0x000005ac   Code   RO          722    .text               ano_param.o
    0x080033c0   0x000003e4   Code   RO          748    .text               ano_navgation.o
    0x080037a4   0x000001d0   Code   RO          807    .text               ano_math.o
    0x08003974   0x00000690   Code   RO         1210    .text               ano_quaternion.o
    0x08004004   0x00000168   Code   RO         1232    .text               board.o
    0x0800416c   0x0000002c   Code   RO         1300    .text               stm32f10x_it.o
    0x08004198   0x000003c8   Code   RO         1324    .text               ano_drv_i2c_soft.o
    0x08004560   0x00000504   Code   RO         1344    .text               ano_drv_mpu6050.o
    0x08004a64   0x00000144   Code   RO         1403    .text               ano_drv_spi2.o
    0x08004ba8   0x000002f8   Code   RO         1423    .text               ano_drv_nrf24l01.o
    0x08004ea0   0x000001f0   Code   RO         1450    .text               ano_drv_pwm.o
    0x08005090   0x000004d8   Code   RO         1476    .text               ano_drv_eeprom.o
    0x08005568   0x00000084   Code   RO         1504    .text               ano_drv_led.o
    0x080055ec   0x0000030c   Code   RO         1530    .text               ano_drv_ms5611.o
    0x080058f8   0x00000244   Code   RO         1567    .text               ano_drv_uart3.o
    0x08005b3c   0x000000dc   Code   RO         1594    .text               misc.o
    0x08005c18   0x0000035c   Code   RO         1615    .text               stm32f10x_gpio.o
    0x08005f74   0x000003a4   Code   RO         1636    .text               stm32f10x_rcc.o
    0x08006318   0x00000e1a   Code   RO         1659    .text               stm32f10x_tim.o
    0x08007132   0x00000002   PAD
    0x08007134   0x00000408   Code   RO         1680    .text               stm32f10x_usart.o
    0x0800753c   0x000005bc   Code   RO         1701    .text               stm32f10x_flash.o
    0x08007af8   0x000001e0   Code   RO         1722    .text               system_stm32f10x.o
    0x08007cd8   0x00000040   Code   RO         1763    .text               startup_stm32f10x_md.o
    0x08007d18   0x0000030c   Code   RO         1769    .text               stm32f10x_spi.o
    0x08008024   0x00000006   Code   RO         1792    .text               c_w.l(heapauxi.o)
    0x0800802a   0x00000002   PAD
    0x0800802c   0x00000024   Code   RO         1799    .text               c_w.l(init_aeabi.o)
    0x08008050   0x00000016   Code   RO         1930    .text               c_w.l(_rserrno.o)
    0x08008066   0x00000002   PAD
    0x08008068   0x00000008   Code   RO         2023    .text               c_w.l(rt_errno_addr_intlibspace.o)
    0x08008070   0x00000008   Code   RO         2033    .text               c_w.l(libspace.o)
    0x08008078   0x0000004a   Code   RO         2036    .text               c_w.l(sys_stackheap_outer.o)
    0x080080c2   0x0000000c   Code   RO         2038    .text               c_w.l(exit.o)
    0x080080ce   0x00000002   PAD
    0x080080d0   0x0000000c   Code   RO         2136    .text               c_w.l(sys_exit.o)
    0x080080dc   0x00000002   Code   RO         2138    .text               c_w.l(use_no_semi.o)
    0x080080de   0x00000000   Code   RO         2142    .text               c_w.l(indicate_semi.o)
    0x080080de   0x0000001e   Code   RO          367    i._ZN10ANO_Filter12LPF2ndData_tC1Ev  ano_imu.o
    0x080080fc   0x0000000e   Code   RO          693    i._ZN7ANO_PID7set_pidEffff  ano_flycontrol.o
    0x0800810a   0x0000000c   Code   RO          699    i._ZN7ANO_PIDC1Ev   ano_flycontrol.o
    0x08008116   0x00000026   Code   RO         1998    i.__ARM_fpclassifyf  m_ws.l(fpclassifyf.o)
    0x0800813c   0x0000000e   Code   RO          817    i.__ARM_isnanf      ano_math.o
    0x0800814a   0x00000024   Code   RO         1802    i.__aeabi_vec_ctor_nocookie_nodtor  cpprt_w.l(aeabi_vec_ctor_nocookie_nodtor.o)
    0x0800816e   0x00000010   Code   RO         1805    i.__cxa_guard_acquire  cpprt_w.l(cxa_guard_acquire.o)
    0x0800817e   0x0000000a   Code   RO         2000    i.__mathlib_flt_underflow  m_ws.l(funder.o)
    0x08008188   0x00000158   Code   RO         2002    i.__mathlib_rredf2  m_ws.l(rredf.o)
    0x080082e0   0x00000128   Code   RO         1880    i.asinf             m_ws.l(asinf.o)
    0x08008408   0x0000025c   Code   RO         1888    i.atan2f            m_ws.l(atan2f.o)
    0x08008664   0x00000184   Code   RO         1896    i.cosf              m_ws.l(cosf.o)
    0x080087e8   0x0000061c   Code   RO         1904    i.powf              m_ws.l(powf.o)
    0x08008e04   0x0000018c   Code   RO         1914    i.sinf              m_ws.l(sinf.o)
    0x08008f90   0x0000002c   Code   RO         1922    i.sqrtf             m_ws.l(sqrtf.o)
    0x08008fbc   0x00000108   Code   RO         1170    t._ZN7Matrix3IfE10from_eulerERK7Vector3IfE  ano_matrix3.o
    0x080090c4   0x00000028   Code   RO          349    t._ZN7Matrix3IfEC1Ev  ano_imu.o
    0x080090ec   0x00000010   Code   RO          370    t._ZN7Vector3IdEC1Ev  ano_imu.o
    0x080090fc   0x00000054   Code   RO          885    t._ZN7Vector3IfE13get_rollpitchERS0_  ano_vector3.o
    0x08009150   0x00000018   Code   RO          891    t._ZN7Vector3IfE7get_yawERS0_  ano_vector3.o
    0x08009168   0x00000008   Code   RO          361    t._ZN7Vector3IfEC1Efff  ano_imu.o
    0x08009170   0x0000000a   Code   RO          355    t._ZN7Vector3IfEC1Ev  ano_imu.o
    0x0800917a   0x00000008   Code   RO          768    t._ZN7Vector3IfEclEfff  ano_navgation.o
    0x08009182   0x00000028   Code   RO          927    t._ZN7Vector3IfEdVEf  ano_vector3.o
    0x080091aa   0x00000028   Code   RO          945    t._ZN7Vector3IfEpLERKS0_  ano_vector3.o
    0x080091d2   0x0000000a   Code   RO         1364    t._ZN7Vector3IsEC1Ev  ano_drv_mpu6050.o
    0x080091dc   0x00000008   Code   RO         1370    t._ZN7Vector3IsEclEsss  ano_drv_mpu6050.o
    0x080091e4   0x000000a4   Code   RO         1140    t._ZNK7Matrix3IfEmlERK7Vector3IfE  ano_matrix3.o
    0x08009288   0x0000000e   Code   RO          867    t._ZNK7Vector3IfE6lengthEv  ano_vector3.o
    0x08009296   0x00000038   Code   RO          921    t._ZNK7Vector3IfEdvEf  ano_vector3.o
    0x080092ce   0x00000038   Code   RO          951    t._ZNK7Vector3IfEmiERKS0_  ano_vector3.o
    0x08009306   0x00000038   Code   RO          873    t._ZNK7Vector3IfEmlERKS0_  ano_vector3.o
    0x0800933e   0x00000038   Code   RO          909    t._ZNK7Vector3IfEmlEf  ano_vector3.o
    0x08009376   0x00000038   Code   RO          939    t._ZNK7Vector3IfEplERKS0_  ano_vector3.o
    0x080093ae   0x00000076   Code   RO          903    t._ZNK7Vector3IfErmERKS0_  ano_vector3.o
    0x08009424   0x00000062   Code   RO         1811    x$fpl$d2f           fz_ws.l(d2f.o)
    0x08009486   0x00000002   PAD
    0x08009488   0x00000150   Code   RO         1813    x$fpl$dadd          fz_ws.l(daddsub_clz.o)
    0x080095d8   0x0000005e   Code   RO         1825    x$fpl$dfix          fz_ws.l(dfix.o)
    0x08009636   0x0000002e   Code   RO         1830    x$fpl$dflt          fz_ws.l(dflt_clz.o)
    0x08009664   0x00000026   Code   RO         1829    x$fpl$dfltu         fz_ws.l(dflt_clz.o)
    0x0800968a   0x00000002   PAD
    0x0800968c   0x00000154   Code   RO         1835    x$fpl$dmul          fz_ws.l(dmul.o)
    0x080097e0   0x0000009c   Code   RO         1979    x$fpl$dnaninf       fz_ws.l(dnaninf.o)
    0x0800987c   0x0000000c   Code   RO         1981    x$fpl$dretinf       fz_ws.l(dretinf.o)
    0x08009888   0x000001d4   Code   RO         1815    x$fpl$dsub          fz_ws.l(daddsub_clz.o)
    0x08009a5c   0x00000056   Code   RO         1837    x$fpl$f2d           fz_ws.l(f2d.o)
    0x08009ab2   0x00000002   PAD
    0x08009ab4   0x000000c4   Code   RO         1839    x$fpl$fadd          fz_ws.l(faddsub_clz.o)
    0x08009b78   0x0000000c   Code   RO         2029    x$fpl$fcheck1       fz_ws.l(fcheck1.o)
    0x08009b84   0x00000018   Code   RO         1983    x$fpl$fcmpinf       fz_ws.l(fcmpi.o)
    0x08009b9c   0x00000184   Code   RO         1846    x$fpl$fdiv          fz_ws.l(fdiv.o)
    0x08009d20   0x00000068   Code   RO         1849    x$fpl$feqf          fz_ws.l(feqf.o)
    0x08009d88   0x00000036   Code   RO         1851    x$fpl$ffix          fz_ws.l(ffix.o)
    0x08009dbe   0x00000002   PAD
    0x08009dc0   0x00000052   Code   RO         1852    x$fpl$ffixr         fz_ws.l(ffix.o)
    0x08009e12   0x00000002   PAD
    0x08009e14   0x0000003e   Code   RO         1855    x$fpl$ffixu         fz_ws.l(ffixu.o)
    0x08009e52   0x00000002   PAD
    0x08009e54   0x00000030   Code   RO         1860    x$fpl$fflt          fz_ws.l(fflt_clz.o)
    0x08009e84   0x00000026   Code   RO         1859    x$fpl$ffltu         fz_ws.l(fflt_clz.o)
    0x08009eaa   0x00000002   PAD
    0x08009eac   0x00000068   Code   RO         1865    x$fpl$fleqf         fz_ws.l(fleqf.o)
    0x08009f14   0x00000102   Code   RO         1867    x$fpl$fmul          fz_ws.l(fmul.o)
    0x0800a016   0x0000008c   Code   RO         1985    x$fpl$fnaninf       fz_ws.l(fnaninf.o)
    0x0800a0a2   0x0000000a   Code   RO         1987    x$fpl$fretinf       fz_ws.l(fretinf.o)
    0x0800a0ac   0x00000062   Code   RO         1869    x$fpl$frleqf        fz_ws.l(frleqf.o)
    0x0800a10e   0x00000002   PAD
    0x0800a110   0x00000060   Code   RO         1989    x$fpl$frnd          fz_ws.l(frnd.o)
    0x0800a170   0x00000014   Code   RO         1840    x$fpl$frsb          fz_ws.l(faddsub_clz.o)
    0x0800a184   0x00000110   Code   RO         1991    x$fpl$fsqrt         fz_ws.l(fsqrt.o)
    0x0800a294   0x000000ea   Code   RO         1841    x$fpl$fsub          fz_ws.l(faddsub_clz.o)
    0x0800a37e   0x00000064   Code   RO         2056    x$fpl$retnan        fz_ws.l(retnan.o)
    0x0800a3e2   0x0000004c   Code   RO         1995    x$fpl$scalbnf       fz_ws.l(scalbnf.o)
    0x0800a42e   0x00000030   Code   RO         2134    x$fpl$trapveneer    fz_ws.l(trapv.o)
    0x0800a45e   0x00000000   Code   RO         1997    x$fpl$usenofp       fz_ws.l(usenofp.o)
    0x0800a45e   0x00000008   Data   RO          620    .constdata          ano_rc.o
    0x0800a466   0x00000032   Data   RO         1478    .constdata          ano_drv_eeprom.o
    0x0800a498   0x00000140   Data   RO         1905    .constdata          m_ws.l(powf.o)
    0x0800a5d8   0x00000020   Data   RO         2003    .constdata          m_ws.l(rredf.o)
    0x0800a5f8   0x00000020   Data   RO         2244    Region$$Table       anon$$obj.o
    0x0800a618   0x00000004   Data   RO          199    .init_array         ano_config.o
    0x0800a61c   0x00000004   Data   RO          229    .init_array         ano_scheduler.o
    0x0800a620   0x00000004   Data   RO          333    .init_array         ano_imu.o
    0x0800a624   0x00000004   Data   RO          622    .init_array         ano_rc.o
    0x0800a628   0x00000004   Data   RO          677    .init_array         ano_flycontrol.o
    0x0800a62c   0x00000004   Data   RO          752    .init_array         ano_navgation.o
    0x0800a630   0x00000004   Data   RO         1348    .init_array         ano_drv_mpu6050.o
    0x0800a634   0x00000004   Data   RO         1534    .init_array         ano_drv_ms5611.o
    0x0800a638   0x00000000   Data   RO         1797    .init_array         c_w.l(init_aeabi.o)


    Execution Region RW_IRAM1 (Base: 0x20000000, Size: 0x00000e18, Max: 0x00005000, ABSOLUTE)

    Base Addr    Size         Type   Attr      Idx    E Section Name        Object

    0x20000000   0x00000002   Data   RW          198    .data               ano_config.o
    0x20000002   0x00000002   PAD
    0x20000004   0x00000010   Data   RW          292    .data               ano_filter.o
    0x20000014   0x00000014   Data   RW          332    .data               ano_imu.o
    0x20000028   0x00000009   Data   RW          423    .data               ano_dt.o
    0x20000031   0x00000002   Data   RW          621    .data               ano_rc.o
    0x20000033   0x00000001   PAD
    0x20000034   0x0000000c   Data   RW          676    .data               ano_flycontrol.o
    0x20000040   0x00000004   Data   RW          724    .data               ano_param.o
    0x20000044   0x00000019   Data   RW          751    .data               ano_navgation.o
    0x2000005d   0x00000003   PAD
    0x20000060   0x00000008   Data   RW         1234    .data               board.o
    0x20000068   0x0000000e   Data   RW         1347    .data               ano_drv_mpu6050.o
    0x20000076   0x0000000a   Data   RW         1426    .data               ano_drv_nrf24l01.o
    0x20000080   0x00000001   Data   RW         1452    .data               ano_drv_pwm.o
    0x20000081   0x00000003   PAD
    0x20000084   0x00000008   Data   RW         1479    .data               ano_drv_eeprom.o
    0x2000008c   0x00000001   Data   RW         1506    .data               ano_drv_led.o
    0x2000008d   0x00000003   PAD
    0x20000090   0x00000009   Data   RW         1533    .data               ano_drv_ms5611.o
    0x20000099   0x00000005   Data   RW         1570    .data               ano_drv_uart3.o
    0x2000009e   0x00000014   Data   RW         1638    .data               stm32f10x_rcc.o
    0x200000b2   0x00000002   PAD
    0x200000b4   0x00000014   Data   RW         1724    .data               system_stm32f10x.o
    0x200000c8   0x00000010   Zero   RW          197    .bss                ano_config.o
    0x200000d8   0x0000000a   Zero   RW          228    .bss                ano_scheduler.o
    0x200000e2   0x00000002   PAD
    0x200000e4   0x000000d8   Zero   RW          331    .bss                ano_imu.o
    0x200001bc   0x00000041   Zero   RW          422    .bss                ano_dt.o
    0x200001fd   0x00000001   PAD
    0x200001fe   0x0000000c   Zero   RW          449    .bss                ano_motor.o
    0x2000020a   0x00000042   Zero   RW          619    .bss                ano_rc.o
    0x2000024c   0x000000f8   Zero   RW          675    .bss                ano_flycontrol.o
    0x20000344   0x000000bc   Zero   RW          750    .bss                ano_navgation.o
    0x20000400   0x00000058   Zero   RW         1346    .bss                ano_drv_mpu6050.o
    0x20000458   0x000001fe   Zero   RW         1425    .bss                ano_drv_nrf24l01.o
    0x20000656   0x00000002   PAD
    0x20000658   0x00000028   Zero   RW         1532    .bss                ano_drv_ms5611.o
    0x20000680   0x00000132   Zero   RW         1569    .bss                ano_drv_uart3.o
    0x200007b2   0x00000002   PAD
    0x200007b4   0x00000060   Zero   RW         2034    .bss                c_w.l(libspace.o)
    0x20000814   0x00000004   PAD
    0x20000818   0x00000200   Zero   RW         1761    HEAP                startup_stm32f10x_md.o
    0x20000a18   0x00000400   Zero   RW         1760    STACK               startup_stm32f10x_md.o


==============================================================================

Image component sizes


      Code (inc. data)   RO Data    RW Data    ZI Data      Debug   Object Name

       188         18          4          2         16       2366   ano_config.o
      1240         40         50          8          0       5376   ano_drv_eeprom.o
       968          4          0          0          0       4000   ano_drv_i2c_soft.o
       132          4          0          1          0       1858   ano_drv_led.o
      1302         42          4         14         88       9006   ano_drv_mpu6050.o
       780         32          4          9         40       4399   ano_drv_ms5611.o
       760         14          0         10        510       5264   ano_drv_nrf24l01.o
       496         24          0          1          0       2266   ano_drv_pwm.o
       324         12          0          0          0       1428   ano_drv_spi2.o
       580         34          0          5        306       3352   ano_drv_uart3.o
      4656        106          0          9         65       9265   ano_dt.o
       820         26          0         16          0       8444   ano_filter.o
      1374        120          4         12        248       4841   ano_flycontrol.o
      1324         84          4         20        216      12826   ano_imu.o
       478         22          0          0          0       7829   ano_math.o
       428          0          0          0          0       1828   ano_matrix3.o
      1456         40          0          0         12     212804   ano_motor.o
      1004         88          4         25        188       5914   ano_navgation.o
      1452         50          0          4          0       3298   ano_param.o
       364          6          0          0          0       2307   ano_pid.o
      1680          6          0          0          0       4712   ano_quaternion.o
      1068         36         12          2         66       3877   ano_rc.o
       236         28          4          0         10       2211   ano_scheduler.o
       600          0          0          0          0       9268   ano_vector3.o
        44         14          0          0          0     273599   anocopter.o
       360         34          0          8          0      26025   board.o
       220         22          0          0          0       2097   misc.o
        64         26        236          0       1536        944   startup_stm32f10x_md.o
      1468         34          0          0          0       8342   stm32f10x_flash.o
       860         38          0          0          0       5965   stm32f10x_gpio.o
        44          6          0          0          0       1401   stm32f10x_it.o
       932         36          0         20          0       9240   stm32f10x_rcc.o
       780         14          0          0          0       6858   stm32f10x_spi.o
      3610         88          0          0          0      22616   stm32f10x_tim.o
      1032         22          0          0          0       8712   stm32f10x_usart.o
       480         38          0         20          0       2299   system_stm32f10x.o

    ----------------------------------------------------------------------
     33606       1208        358        200       3308     696837   Object Totals
         0          0         32          0          0          0   (incl. Generated)
         2          0          0         14          7          0   (incl. Padding)

    ----------------------------------------------------------------------

      Code (inc. data)   RO Data    RW Data    ZI Data      Debug   Library Member Name

         8          0          0          0          0         68   __main.o
        52          8          0          0          0          0   __scatter.o
        26          0          0          0          0          0   __scatter_copy.o
        28          0          0          0          0          0   __scatter_zi.o
        22          0          0          0          0        100   _rserrno.o
        12          0          0          0          0         72   exit.o
         6          0          0          0          0        152   heapauxi.o
         0          0          0          0          0          0   indicate_semi.o
        36         10          0          0          0         80   init_aeabi.o
         2          0          0          0          0          0   libinit.o
         6          0          0          0          0          0   libinit2.o
         2          0          0          0          0          0   libshutdown.o
         2          0          0          0          0          0   libshutdown2.o
         8          4          0          0         96         68   libspace.o
         8          4          0          0          0         68   rt_errno_addr_intlibspace.o
         0          0          0          0          0          0   rtentry.o
        12          0          0          0          0          0   rtentry2.o
         6          0          0          0          0          0   rtentry4.o
         2          0          0          0          0          0   rtexit.o
        10          0          0          0          0          0   rtexit2.o
        12          4          0          0          0         68   sys_exit.o
        74          0          0          0          0         80   sys_stackheap_outer.o
         2          0          0          0          0         68   use_no_semi.o
        36          0          0          0          0         84   aeabi_vec_ctor_nocookie_nodtor.o
        16          0          0          0          0         68   cxa_guard_acquire.o
        98          4          0          0          0         92   d2f.o
       804         16          0          0          0        272   daddsub_clz.o
        94          4          0          0          0         92   dfix.o
        84          0          0          0          0        136   dflt_clz.o
       340         12          0          0          0        104   dmul.o
       156          4          0          0          0         92   dnaninf.o
        12          0          0          0          0         68   dretinf.o
        86          4          0          0          0         84   f2d.o
       450          8          0          0          0        236   faddsub_clz.o
        12          4          0          0          0         68   fcheck1.o
        24          0          0          0          0         68   fcmpi.o
       388         76          0          0          0         96   fdiv.o
       104          4          0          0          0         84   feqf.o
       136          8          0          0          0        168   ffix.o
        62          4          0          0          0         84   ffixu.o
        86          0          0          0          0        136   fflt_clz.o
       104          4          0          0          0         84   fleqf.o
       258          4          0          0          0         84   fmul.o
       140          4          0          0          0         84   fnaninf.o
        10          0          0          0          0         68   fretinf.o
        98          0          0          0          0         68   frleqf.o
        96          4          0          0          0         76   frnd.o
       272        100          0          0          0         88   fsqrt.o
       100          0          0          0          0         68   retnan.o
        76          0          0          0          0         68   scalbnf.o
        48          0          0          0          0         68   trapv.o
         0          0          0          0          0          0   usenofp.o
       296         36          0          0          0        120   asinf.o
       604         76          0          0          0        116   atan2f.o
       388         54          0          0          0        124   cosf.o
        38          0          0          0          0         68   fpclassifyf.o
        10          0          0          0          0         68   funder.o
      1564         82        320          0          0        240   powf.o
       344         18         32          0          0         88   rredf.o
       396         52          0          0          0        124   sinf.o
        44          0          0          0          0         80   sqrtf.o

    ----------------------------------------------------------------------
      8236        612        352          0        100       4640   Library Totals
        26          0          0          0          4          0   (incl. Padding)

    ----------------------------------------------------------------------

      Code (inc. data)   RO Data    RW Data    ZI Data      Debug   Library Name

       336         30          0          0         96        824   c_w.l
        52          0          0          0          0        152   cpprt_w.l
      4138        264          0          0          0       2636   fz_ws.l
      3684        318        352          0          0       1028   m_ws.l

    ----------------------------------------------------------------------
      8236        612        352          0        100       4640   Library Totals

    ----------------------------------------------------------------------

==============================================================================


      Code (inc. data)   RO Data    RW Data    ZI Data      Debug   

     41842       1820        710        200       3408     694817   Grand Totals
     41842       1820        710        200       3408     694817   ELF Image Totals
     41842       1820        710        200          0          0   ROM Totals

==============================================================================

    Total RO  Size (Code + RO Data)                42552 (  41.55kB)
    Total RW  Size (RW Data + ZI Data)              3608 (   3.52kB)
    Total ROM Size (Code + RO Data + RW Data)      42752 (  41.75kB)

==============================================================================

