<html>
<body>
<pre>
<h1>礦ision Build Log</h1>
<h2>Project:</h2>
D:\sysu learning\大三上\中级实训\多旋翼飞行器实训课程\示例代码\code_v5\匿名遥控器V1.21\ANO_Remoter.uvproj
Project File Date:  08/28/2015

<h2>Output:</h2>
Build target 'ANO_Remoter'
linking...
Program Size: Code=25434 RO-data=354 RW-data=108 ZI-data=2804  
FromELF: creating hex file...
After Build - User command #1: fromelf --bin .\build\ANO_Hexacopter.axf --output ANO_Remoter.bin
".\build\ANO_Hexacopter.axf" - 0 Error(s), 0 Warning(s).
Load "D:\\sysu learning\\大三上\\中级实训\\多旋翼飞行器实训课程\\示例代码\\code_v5\\匿名遥控器V1.21\\build\\ANO_Hexacopter.axf" 
Set JLink Project File to "D:\sysu learning\大三上\中级实训\多旋翼飞行器实训课程\示例代码\code_v5\匿名遥控器V1.21\JLinkSettings.ini"
* JLink Info: Device "STM32F103C8" selected (64 KB flash, 20 KB RAM).
 
JLink info:
------------
DLL: V4.80g, compiled Feb 13 2014 20:50:02
Firmware: J-Link ARM-OB STM32 compiled Aug 22 2012 19:52:04
Hardware: V7.00
S/N : 20090928 
Feature(s) : RDI,FlashDL,FlashBP,JFlash,GDBFull 
 
* JLink Info: Found SWD-DP with ID 0x1BA01477
* JLink Info: Found SWD-DP with ID 0x1BA01477
* JLink Info: Found Cortex-M3 r1p1, Little endian.
* JLink Info: FPUnit: 6 code (BP) slots and 2 literal slots
* JLink Info: TPIU fitted.
ROMTableAddr = 0xE00FF003
 
Target info:
------------
Device: STM32F103C8
VTarget = 3.300V
State of Pins: 
TCK: 0, TDI: 0, TDO: 1, TMS: 0, TRES: 1, TRST: 1
Hardware-Breakpoints: 6
Software-Breakpoints: 8192
Watchpoints:          4
JTAG speed: 4000 kHz
 
Erase Done.
Programming Done.
Verify OK.
Application running ...
</pre>
</body>
</html>
ure(s) : RDI,FlashDL,FlashBP,JFlash,GDBFull 
 
* JLink Info: Found SWD-DP with ID 0x1BA01477
* JLink Info: Found SWD-DP with ID 0x1BA01477
* JLink Info: Found Cortex-M3 r1p1, Little endian.
* JLink Info: FPUnit: 6 code (BP) slots and 2 literal slots
* JLink Info: TPIU fitted.
ROMTableAddr = 0xE00FF003
 
Target info:
------------
Device: STM32F103C8
VTarget = 3.300V
State of Pins: 
TCK: 0, TDI: 0, TDO: 1, TMS: 0, TRES: 1, TRST: 1
Hardware-Breakpoints: 6
Software-Breakpoints: 8192
Watchpoints:          4
JTAG speed: 4000 kHz
 
Erase Done.
Programming Done.
Verify OK.
Application running ...
